<html>
<body>
<pre>
<h1>µVision Build Log</h1>
<h2>Tool Versions:</h2>
IDE-Version: µVision V5.37.0.0
Copyright (C) 2022 ARM Ltd and ARM Germany GmbH. All rights reserved.
License Information: Daniil Aleschechkin, UofR, LIC=----
 
Tool Versions:
Toolchain:       MDK-Lite  Version: 5.37.0.0
Toolchain Path:  C:\Keil_v5\ARM\ARMCLANG\Bin
C Compiler:      ArmClang.exe V6.18
Assembler:       Armasm.exe V6.18
Linker/Locator:  ArmLink.exe V6.18
Library Manager: ArmAr.exe V6.18
Hex Converter:   FromElf.exe V6.18
CPU DLL:         SARMCM3.DLL V5.37.0.0
Dialog DLL:      DCM.DLL V1.17.5.0
Target DLL:      STLink\ST-LINKIII-KEIL_SWO.dll V3.0.9.0
Dialog DLL:      TCM.DLL V1.56.1.0
 
<h2>Project:</h2>
C:\dev\class\ense481windows\lab2\lab2.uvprojx
Project File Date:  02/13/2024

<h2>Output:</h2>
*** Using Compiler 'V6.18', folder: 'C:\Keil_v5\ARM\ARMCLANG\Bin'
Build target 'Target 1'
code/main.c(178): warning: incompatible pointer types passing 'volatile uint16_t (*)[500]' (aka 'volatile unsigned short (*)[500]') to parameter of type 'uint16_t *' (aka 'unsigned short *') [-Wincompatible-pointer-types]
                averageTime = getAverageTime(&totalTimes, RUNS); // 50
                                             ^~~~~~~~~~~
code/util.h(32): note: passing argument to parameter 'times' here
double getAverageTime(uint16_t* times, uint16_t amount);
                                ^
code/main.c(191): warning: incompatible pointer types passing 'volatile uint16_t (*)[500]' (aka 'volatile unsigned short (*)[500]') to parameter of type 'uint16_t *' (aka 'unsigned short *') [-Wincompatible-pointer-types]
                averageTime = getAverageTime(&totalTimes, RUNS); 
                                             ^~~~~~~~~~~
code/util.h(32): note: passing argument to parameter 'times' here
double getAverageTime(uint16_t* times, uint16_t amount);
                                ^
code/main.c(216): warning: incompatible pointer types passing 'volatile uint16_t (*)[500]' (aka 'volatile unsigned short (*)[500]') to parameter of type 'uint16_t *' (aka 'unsigned short *') [-Wincompatible-pointer-types]
                averageTime = getAverageTime(&totalTimes, RUNS); // 50
                                             ^~~~~~~~~~~
code/util.h(32): note: passing argument to parameter 'times' here
double getAverageTime(uint16_t* times, uint16_t amount);
                                ^
code/main.c(217): warning: incompatible pointer types passing 'char (*)[100]' to parameter of type 'char *' [-Wincompatible-pointer-types]
                sprintf(&outputStringBuffer, "Sine Average time: %.2lf", averageTime);
                        ^~~~~~~~~~~~~~~~~~~
C:\Keil_v5\ARM\ARMCLANG\Bin\..\include\stdio.h(417): note: passing argument to parameter here
extern _ARMABI int sprintf(char * __restrict /*s*/, const char * __restrict /*format*/, ...) __attribute__((__nonnull__(1,2)));
                                                  ^
code/main.c(218): warning: incompatible pointer types passing 'char (*)[100]' to parameter of type 'const uint8_t *' (aka 'const unsigned char *') [-Wincompatible-pointer-types]
                printScreen(&outputStringBuffer);
                            ^~~~~~~~~~~~~~~~~~~
code/CLI.h(18): note: passing argument to parameter here
void printScreen(const uint8_t*);
                               ^
code/main.c(231): warning: incompatible pointer types passing 'volatile uint16_t (*)[500]' (aka 'volatile unsigned short (*)[500]') to parameter of type 'uint16_t *' (aka 'unsigned short *') [-Wincompatible-pointer-types]
                averageTime = getAverageTime(&totalTimes, RUNS); 
                                             ^~~~~~~~~~~
code/util.h(32): note: passing argument to parameter 'times' here
double getAverageTime(uint16_t* times, uint16_t amount);
                                ^
code/main.c(232): warning: incompatible pointer types passing 'char (*)[100]' to parameter of type 'char *' [-Wincompatible-pointer-types]
                sprintf(&outputStringBuffer, "Cos Average time: %.2lf", averageTime);
                        ^~~~~~~~~~~~~~~~~~~
C:\Keil_v5\ARM\ARMCLANG\Bin\..\include\stdio.h(417): note: passing argument to parameter here
extern _ARMABI int sprintf(char * __restrict /*s*/, const char * __restrict /*format*/, ...) __attribute__((__nonnull__(1,2)));
                                                  ^
code/main.c(233): warning: incompatible pointer types passing 'char (*)[100]' to parameter of type 'const uint8_t *' (aka 'const unsigned char *') [-Wincompatible-pointer-types]
                printScreen(&outputStringBuffer);
                            ^~~~~~~~~~~~~~~~~~~
code/CLI.h(18): note: passing argument to parameter here
void printScreen(const uint8_t*);
                               ^
8 warnings generated.
compiling main.c...
linking...
Program Size: Code=10656 RO-data=752 RW-data=28 ZI-data=2384  
".\Objects\lab1.axf" - 0 Error(s), 8 Warning(s).

<h2>Software Packages used:</h2>

Package Vendor: ARM
                http://www.keil.com/pack/ARM.CMSIS.5.9.0.pack
                ARM.CMSIS.5.9.0
                CMSIS (Common Microcontroller Software Interface Standard)
   * Component: CORE Version: 5.6.0

Package Vendor: Keil
                http://www.keil.com/pack/Keil.STM32F1xx_DFP.2.4.0.pack
                Keil.STM32F1xx_DFP.2.4.0
                STMicroelectronics STM32F1 Series Device Support, Drivers and Examples
   * Component: Startup Version: 1.0.0

<h2>Collection of Component include folders:</h2>
  ./RTE/Device/STM32F103RB
  ./RTE/_Target_1
  C:/Users/Daniil.Aleschechkin/AppData/Local/Arm/Packs/ARM/CMSIS/5.9.0/CMSIS/Core/Include
  C:/Users/Daniil.Aleschechkin/AppData/Local/Arm/Packs/Keil/STM32F1xx_DFP/2.4.0/Device/Include

<h2>Collection of Component Files used:</h2>

   * Component: ARM::CMSIS:CORE:5.6.0

   * Component: Keil::Device:Startup:1.0.0
      Source file:   Device/Source/system_stm32f10x.c
      Source file:   Device/Source/ARM/startup_stm32f10x_md.s
      Include file:  RTE_Driver/Config/RTE_Device.h
      Source file:   Device/Source/ARM/STM32F1xx_OPT.s
Build Time Elapsed:  00:00:01
</pre>
</body>
</html>
