Component: Arm Compiler for Embedded 6.18 Tool: armlink [5e4cc100]

==============================================================================

Section Cross References

    sttimer.o(.ARM.exidx.text.timer_init) refers to sttimer.o(.text.timer_init) for [Anonymous Symbol]
    sttimer.o(.ARM.exidx.text.timer_start) refers to sttimer.o(.text.timer_start) for [Anonymous Symbol]
    sttimer.o(.ARM.exidx.text.timer_stop) refers to sttimer.o(.text.timer_stop) for [Anonymous Symbol]
    sttimer.o(.ARM.exidx.text.timer_shutdown) refers to sttimer.o(.text.timer_shutdown) for [Anonymous Symbol]
    util.o(.text.getRandomInt32s) refers to rand.o(.text) for srand
    util.o(.text.getRandomInt32s) refers to h1_alloc.o(.text) for malloc
    util.o(.text.getRandomInt32s) refers to rand.o(.emb_text) for rand
    util.o(.ARM.exidx.text.getRandomInt32s) refers to util.o(.text.getRandomInt32s) for [Anonymous Symbol]
    util.o(.text.getRandomInt64s) refers to rand.o(.text) for srand
    util.o(.text.getRandomInt64s) refers to h1_alloc.o(.text) for malloc
    util.o(.text.getRandomInt64s) refers to rand.o(.emb_text) for rand
    util.o(.ARM.exidx.text.getRandomInt64s) refers to util.o(.text.getRandomInt64s) for [Anonymous Symbol]
    util.o(.text.getRandomByte8s) refers to rand.o(.text) for srand
    util.o(.text.getRandomByte8s) refers to h1_alloc.o(.text) for malloc
    util.o(.text.getRandomByte8s) refers to util.o(.text.allocByte8) for allocByte8
    util.o(.ARM.exidx.text.getRandomByte8s) refers to util.o(.text.getRandomByte8s) for [Anonymous Symbol]
    util.o(.text.getRandomByte128s) refers to rand.o(.text) for srand
    util.o(.text.getRandomByte128s) refers to h1_alloc.o(.text) for malloc
    util.o(.text.getRandomByte128s) refers to util.o(.text.allocByte128) for allocByte128
    util.o(.ARM.exidx.text.getRandomByte128s) refers to util.o(.text.getRandomByte128s) for [Anonymous Symbol]
    util.o(.text.getRandomByte1024s) refers to rand.o(.text) for srand
    util.o(.text.getRandomByte1024s) refers to h1_alloc.o(.text) for malloc
    util.o(.text.getRandomByte1024s) refers to util.o(.text.allocByte1024) for allocByte1024
    util.o(.ARM.exidx.text.getRandomByte1024s) refers to util.o(.text.getRandomByte1024s) for [Anonymous Symbol]
    util.o(.text.allocByte8) refers to h1_alloc.o(.text) for malloc
    util.o(.text.allocByte8) refers to rand.o(.emb_text) for rand
    util.o(.ARM.exidx.text.allocByte8) refers to util.o(.text.allocByte8) for [Anonymous Symbol]
    util.o(.text.allocByte128) refers to h1_alloc.o(.text) for malloc
    util.o(.text.allocByte128) refers to rand.o(.emb_text) for rand
    util.o(.ARM.exidx.text.allocByte128) refers to util.o(.text.allocByte128) for [Anonymous Symbol]
    util.o(.text.allocByte1024) refers to h1_alloc.o(.text) for malloc
    util.o(.text.allocByte1024) refers to rand.o(.emb_text) for rand
    util.o(.ARM.exidx.text.allocByte1024) refers to util.o(.text.allocByte1024) for [Anonymous Symbol]
    util.o(.text.assignRandomInt32s) refers to rand.o(.emb_text) for rand
    util.o(.ARM.exidx.text.assignRandomInt32s) refers to util.o(.text.assignRandomInt32s) for [Anonymous Symbol]
    util.o(.text.assignRandomInt64s) refers to rand.o(.emb_text) for rand
    util.o(.ARM.exidx.text.assignRandomInt64s) refers to util.o(.text.assignRandomInt64s) for [Anonymous Symbol]
    util.o(.text.assignRandomByte8) refers to rand.o(.emb_text) for rand
    util.o(.ARM.exidx.text.assignRandomByte8) refers to util.o(.text.assignRandomByte8) for [Anonymous Symbol]
    util.o(.text.assignRandomByte128s) refers to rand.o(.emb_text) for rand
    util.o(.ARM.exidx.text.assignRandomByte128s) refers to util.o(.text.assignRandomByte128s) for [Anonymous Symbol]
    util.o(.text.assignRandomByte1024s) refers to rand.o(.emb_text) for rand
    util.o(.ARM.exidx.text.assignRandomByte1024s) refers to util.o(.text.assignRandomByte1024s) for [Anonymous Symbol]
    util.o(.text.getAverageTime) refers to dflt_clz.o(x$fpl$dflt) for __aeabi_i2d
    util.o(.ARM.exidx.text.getAverageTime) refers to util.o(.text.getAverageTime) for [Anonymous Symbol]
    util.o(.ARM.exidx.text.clockInit) refers to util.o(.text.clockInit) for [Anonymous Symbol]
    main.o(.ARM.exidx.text.toLowerCase) refers to main.o(.text.toLowerCase) for [Anonymous Symbol]
    main.o(.text.parseReturnCommand) refers to main.o(.rodata.str1.1) for .L.str.7
    main.o(.text.parseReturnCommand) refers to strcmpv7m.o(.text) for strcmp
    main.o(.ARM.exidx.text.parseReturnCommand) refers to main.o(.text.parseReturnCommand) for [Anonymous Symbol]
    main.o(.text.processCommand) refers to main.o(.data.TURN_ON_LED_TEXT) for TURN_ON_LED_TEXT
    main.o(.text.processCommand) refers to cli.o(.text.printScreen) for printScreen
    main.o(.text.processCommand) refers to led.o(.text.turnOnLED) for turnOnLED
    main.o(.text.processCommand) refers to main.o(.data.TURN_OFF_LED_TEXT) for TURN_OFF_LED_TEXT
[...]
    .ARM.Collect$$_printf_percent$$00000007  0x08000184   Section       10  _printf_ll.o(.ARM.Collect$$_printf_percent$$00000007)
    .ARM.Collect$$_printf_percent$$00000008  0x0800018e   Section        6  _printf_i.o(.ARM.Collect$$_printf_percent$$00000008)
    .ARM.Collect$$_printf_percent$$00000009  0x08000194   Section        6  _printf_d.o(.ARM.Collect$$_printf_percent$$00000009)
    .ARM.Collect$$_printf_percent$$0000000A  0x0800019a   Section        6  _printf_u.o(.ARM.Collect$$_printf_percent$$0000000A)
    .ARM.Collect$$_printf_percent$$0000000B  0x080001a0   Section        6  _printf_o.o(.ARM.Collect$$_printf_percent$$0000000B)
    .ARM.Collect$$_printf_percent$$0000000C  0x080001a6   Section        6  _printf_x.o(.ARM.Collect$$_printf_percent$$0000000C)
    .ARM.Collect$$_printf_percent$$0000000D  0x080001ac   Section        6  _printf_lli.o(.ARM.Collect$$_printf_percent$$0000000D)
    .ARM.Collect$$_printf_percent$$0000000E  0x080001b2   Section        6  _printf_lld.o(.ARM.Collect$$_printf_percent$$0000000E)
    .ARM.Collect$$_printf_percent$$0000000F  0x080001b8   Section        6  _printf_llu.o(.ARM.Collect$$_printf_percent$$0000000F)
    .ARM.Collect$$_printf_percent$$00000010  0x080001be   Section        6  _printf_llo.o(.ARM.Collect$$_printf_percent$$00000010)
    .ARM.Collect$$_printf_percent$$00000011  0x080001c4   Section        6  _printf_llx.o(.ARM.Collect$$_printf_percent$$00000011)
    .ARM.Collect$$_printf_percent$$00000012  0x080001ca   Section       10  _printf_l.o(.ARM.Collect$$_printf_percent$$00000012)
    .ARM.Collect$$_printf_percent$$00000013  0x080001d4   Section        6  _printf_c.o(.ARM.Collect$$_printf_percent$$00000013)
    .ARM.Collect$$_printf_percent$$00000014  0x080001da   Section        6  _printf_s.o(.ARM.Collect$$_printf_percent$$00000014)
    .ARM.Collect$$_printf_percent$$00000015  0x080001e0   Section        6  _printf_lc.o(.ARM.Collect$$_printf_percent$$00000015)
    .ARM.Collect$$_printf_percent$$00000016  0x080001e6   Section        6  _printf_ls.o(.ARM.Collect$$_printf_percent$$00000016)
    .ARM.Collect$$_printf_percent$$00000017  0x080001ec   Section        4  _printf_percent_end.o(.ARM.Collect$$_printf_percent$$00000017)
    .ARM.Collect$$libinit$$00000000          0x080001f0   Section        2  libinit.o(.ARM.Collect$$libinit$$00000000)
    .ARM.Collect$$libinit$$00000002          0x080001f2   Section        0  libinit2.o(.ARM.Collect$$libinit$$00000002)
    .ARM.Collect$$libinit$$00000004          0x080001f2   Section        0  libinit2.o(.ARM.Collect$$libinit$$00000004)
    .ARM.Collect$$libinit$$00000006          0x080001f2   Section        0  libinit2.o(.ARM.Collect$$libinit$$00000006)
    .ARM.Collect$$libinit$$00000007          0x080001f2   Section        8  libinit2.o(.ARM.Collect$$libinit$$00000007)
    .ARM.Collect$$libinit$$0000000C          0x080001fa   Section        0  libinit2.o(.ARM.Collect$$libinit$$0000000C)
    .ARM.Collect$$libinit$$0000000E          0x080001fa   Section        0  libinit2.o(.ARM.Collect$$libinit$$0000000E)
    .ARM.Collect$$libinit$$0000000F          0x080001fa   Section        4  libinit2.o(.ARM.Collect$$libinit$$0000000F)
    .ARM.Collect$$libinit$$00000010          0x080001fe   Section        0  libinit2.o(.ARM.Collect$$libinit$$00000010)
    .ARM.Collect$$libinit$$00000011          0x080001fe   Section        6  libinit2.o(.ARM.Collect$$libinit$$00000011)
    .ARM.Collect$$libinit$$00000013          0x08000204   Section        0  libinit2.o(.ARM.Collect$$libinit$$00000013)
    .ARM.Collect$$libinit$$00000014          0x08000204   Section       12  libinit2.o(.ARM.Collect$$libinit$$00000014)
    .ARM.Collect$$libinit$$00000015          0x08000210   Section        0  libinit2.o(.ARM.Collect$$libinit$$00000015)
    .ARM.Collect$$libinit$$00000017          0x08000210   Section        0  libinit2.o(.ARM.Collect$$libinit$$00000017)
    .ARM.Collect$$libinit$$00000018          0x08000210   Section       10  libinit2.o(.ARM.Collect$$libinit$$00000018)
    .ARM.Collect$$libinit$$00000019          0x0800021a   Section        0  libinit2.o(.ARM.Collect$$libinit$$00000019)
    .ARM.Collect$$libinit$$0000001B          0x0800021a   Section        0  libinit2.o(.ARM.Collect$$libinit$$0000001B)
    .ARM.Collect$$libinit$$0000001D          0x0800021a   Section        0  libinit2.o(.ARM.Collect$$libinit$$0000001D)
    .ARM.Collect$$libinit$$0000001F          0x0800021a   Section        0  libinit2.o(.ARM.Collect$$libinit$$0000001F)
    .ARM.Collect$$libinit$$00000021          0x0800021a   Section        0  libinit2.o(.ARM.Collect$$libinit$$00000021)
    .ARM.Collect$$libinit$$00000023          0x0800021a   Section        0  libinit2.o(.ARM.Collect$$libinit$$00000023)
    .ARM.Collect$$libinit$$00000025          0x0800021a   Section        0  libinit2.o(.ARM.Collect$$libinit$$00000025)
    .ARM.Collect$$libinit$$00000027          0x0800021a   Section        0  libinit2.o(.ARM.Collect$$libinit$$00000027)
    .ARM.Collect$$libinit$$0000002E          0x0800021a   Section        0  libinit2.o(.ARM.Collect$$libinit$$0000002E)
    .ARM.Collect$$libinit$$00000030          0x0800021a   Section        0  libinit2.o(.ARM.Collect$$libinit$$00000030)
    .ARM.Collect$$libinit$$00000032          0x0800021a   Section        0  libinit2.o(.ARM.Collect$$libinit$$00000032)
    .ARM.Collect$$libinit$$00000034          0x0800021a   Section        0  libinit2.o(.ARM.Collect$$libinit$$00000034)
    .ARM.Collect$$libinit$$00000035          0x0800021a   Section        2  libinit2.o(.ARM.Collect$$libinit$$00000035)
    .ARM.Collect$$libshutdown$$00000000      0x0800021c   Section        2  libshutdown.o(.ARM.Collect$$libshutdown$$00000000)
    .ARM.Collect$$libshutdown$$00000002      0x0800021e   Section        0  libshutdown2.o(.ARM.Collect$$libshutdown$$00000002)
    .ARM.Collect$$libshutdown$$00000004      0x0800021e   Section        0  libshutdown2.o(.ARM.Collect$$libshutdown$$00000004)
    .ARM.Collect$$libshutdown$$00000007      0x0800021e   Section        0  libshutdown2.o(.ARM.Collect$$libshutdown$$00000007)
    .ARM.Collect$$libshutdown$$0000000A      0x0800021e   Section        0  libshutdown2.o(.ARM.Collect$$libshutdown$$0000000A)
    .ARM.Collect$$libshutdown$$0000000C      0x0800021e   Section        0  libshutdown2.o(.ARM.Collect$$libshutdown$$0000000C)
    .ARM.Collect$$libshutdown$$0000000F      0x0800021e   Section        0  libshutdown2.o(.ARM.Collect$$libshutdown$$0000000F)
    .ARM.Collect$$libshutdown$$00000010      0x0800021e   Section        2  libshutdown2.o(.ARM.Collect$$libshutdown$$00000010)
    .ARM.Collect$$rtentry$$00000000          0x08000220   Section        0  __rtentry.o(.ARM.Collect$$rtentry$$00000000)
    .ARM.Collect$$rtentry$$00000002          0x08000220   Section        0  __rtentry2.o(.ARM.Collect$$rtentry$$00000002)
    .ARM.Collect$$rtentry$$00000004          0x08000220   Section        6  __rtentry4.o(.ARM.Collect$$rtentry$$00000004)
    .ARM.Collect$$rtentry$$00000009          0x08000226   Section        0  __rtentry2.o(.ARM.Collect$$rtentry$$00000009)
    .ARM.Collect$$rtentry$$0000000A          0x08000226   Section        4  __rtentry2.o(.ARM.Collect$$rtentry$$0000000A)
    .ARM.Collect$$rtentry$$0000000C          0x0800022a   Section        0  __rtentry2.o(.ARM.Collect$$rtentry$$0000000C)
    .ARM.Collect$$rtentry$$0000000D          0x0800022a   Section        8  __rtentry2.o(.ARM.Collect$$rtentry$$0000000D)
    .ARM.Collect$$rtexit$$00000000           0x08000232   Section        2  rtexit.o(.ARM.Collect$$rtexit$$00000000)
    .ARM.Collect$$rtexit$$00000002           0x08000234   Section        0  rtexit2.o(.ARM.Collect$$rtexit$$00000002)
    .ARM.Collect$$rtexit$$00000003           0x08000234   Section        4  rtexit2.o(.ARM.Collect$$rtexit$$00000003)
    .ARM.Collect$$rtexit$$00000004           0x08000238   Section        6  rtexit2.o(.ARM.Collect$$rtexit$$00000004)
    .emb_text                                0x08000240   Section       52  rand.o(.emb_text)
    .text                                    0x08000274   Section       64  startup_stm32f10x_md.o(.text)
    .text                                    0x080002b4   Section        0  h1_alloc.o(.text)
    .text                                    0x08000312   Section        0  h1_free.o(.text)
    .text                                    0x08000360   Section        0  sprintf.o(.text)
    .text                                    0x0800038c   Section        0  rand.o(.text)
    .text                                    0x080003c8   Section      138  rt_memcpy_v6.o(.text)
    .text                                    0x08000454   Section      128  strcmpv7m.o(.text)
    .text                                    0x080004d4   Section        0  heapauxi.o(.text)
    .text                                    0x080004dc   Section        8  rt_heap_descriptor_intlibspace.o(.text)
    .text                                    0x080004e4   Section        0  hguard.o(.text)
    .text                                    0x080004e8   Section        0  init_alloc.o(.text)
    .text                                    0x08000572   Section        0  h1_init.o(.text)
    .text                                    0x08000580   Section        0  _printf_pad.o(.text)
    .text                                    0x080005ce   Section        0  _printf_truncate.o(.text)
    .text                                    0x080005f2   Section        0  _printf_str.o(.text)
    .text                                    0x08000644   Section        0  _printf_dec.o(.text)
    .text                                    0x080006bc   Section        0  _printf_charcount.o(.text)
    _printf_input_char                       0x080006e5   Thumb Code    10  _printf_char_common.o(.text)
    .text                                    0x080006e4   Section        0  _printf_char_common.o(.text)
    .text                                    0x08000714   Section        0  _sputc.o(.text)
    .text                                    0x08000720   Section        0  _printf_wctomb.o(.text)
    .text                                    0x080007dc   Section        0  _printf_longlong_dec.o(.text)
    _printf_longlong_oct_internal            0x08000859   Thumb Code     0  _printf_oct_int_ll.o(.text)
    .text                                    0x08000858   Section        0  _printf_oct_int_ll.o(.text)
    _printf_hex_common                       0x080008c9   Thumb Code     0  _printf_hex_int_ll_ptr.o(.text)
    .text                                    0x080008c8   Section        0  _printf_hex_int_ll_ptr.o(.text)
    .text                                    0x0800095c   Section        0  __printf_flags_ss_wp.o(.text)
    .text                                    0x08000ae4   Section      100  rt_memcpy_w.o(.text)
    .text                                    0x08000b48   Section        8  libspace.o(.text)
    .text                                    0x08000b50   Section        0  maybetermalloc1.o(.text)
    .text                                    0x08000b50   Section        0  h1_extend.o(.text)
    .text                                    0x08000b84   Section      138  lludiv10.o(.text)
    .text                                    0x08000c0e   Section        0  _printf_intcommon.o(.text)
    _fp_digits                               0x08000cc1   Thumb Code   432  _printf_fp_dec.o(.text)
    .text                                    0x08000cc0   Section        0  _printf_fp_dec.o(.text)
    .text                                    0x080010dc   Section        0  _printf_fp_hex.o(.text)
    .text                                    0x080013d8   Section        0  _printf_char.o(.text)
    .text                                    0x08001404   Section        0  _printf_wchar.o(.text)
    .text                                    0x08001430   Section        0  _c16rtomb.o(.text)
    .text                                    0x08001478   Section        0  defsig_rtmem_outer.o(.text)
    .text                                    0x08001486   Section        2  use_no_semi.o(.text)
    .text                                    0x08001488   Section        0  indicate_semi.o(.text)
    .text                                    0x08001488   Section       74  sys_stackheap_outer.o(.text)
    .text                                    0x080014d4   Section       16  rt_ctype_table.o(.text)
    .text                                    0x080014e4   Section        8  rt_locale_intlibspace.o(.text)
    .text                                    0x080014ec   Section        0  _printf_fp_infnan.o(.text)
    .text                                    0x0800156c   Section        0  bigflt0.o(.text)
    .text                                    0x08001650   Section        0  exit.o(.text)
    .text                                    0x08001662   Section        0  defsig_exit.o(.text)
    .text                                    0x0800166c   Section        0  defsig_rtmem_inner.o(.text)
    .text                                    0x080016bc   Section        0  sys_exit.o(.text)
    .text                                    0x080016c8   Section        0  defsig_general.o(.text)
    .text                                    0x080016fa   Section        0  sys_wrch.o(.text)
    [Anonymous Symbol]                       0x08001708   Section        0  cli.o(.text.CLI_Receive)
    [Anonymous Symbol]                       0x08001794   Section        0  cli.o(.text.CLI_Transmit)
    SetSysClock                              0x080017cd   Thumb Code     8  system_stm32f10x.o(.text.SetSysClock)
    [Anonymous Symbol]                       0x080017cc   Section        0  system_stm32f10x.o(.text.SetSysClock)
    SetSysClockTo72                          0x080017d5   Thumb Code   290  system_stm32f10x.o(.text.SetSysClockTo72)
    [Anonymous Symbol]                       0x080017d4   Section        0  system_stm32f10x.o(.text.SetSysClockTo72)
    [Anonymous Symbol]                       0x080018f8   Section        0  system_stm32f10x.o(.text.SystemInit)
    [Anonymous Symbol]                       0x08001960   Section        0  time_ops.o(.text.add32)
    [Anonymous Symbol]                       0x08001970   Section        0  time_ops.o(.text.add64)
    [Anonymous Symbol]                       0x0800198c   Section        0  util.o(.text.assignRandomByte1024s)
    [Anonymous Symbol]                       0x080019b8   Section        0  util.o(.text.assignRandomByte128s)
    [Anonymous Symbol]                       0x080019e4   Section        0  util.o(.text.assignRandomByte8)
    [Anonymous Symbol]                       0x08001a10   Section        0  util.o(.text.assignRandomInt32s)
    [Anonymous Symbol]                       0x08001a48   Section        0  util.o(.text.assignRandomInt64s)
    [Anonymous Symbol]                       0x08001a8c   Section        0  cli.o(.text.clearScrean)
    [Anonymous Symbol]                       0x08001ac4   Section        0  util.o(.text.clockInit)
    [Anonymous Symbol]                       0x08001b68   Section        0  time_ops.o(.text.copyByte1024)
    [Anonymous Symbol]                       0x08001b7c   Section        0  time_ops.o(.text.copyByte128)
    [Anonymous Symbol]                       0x08001b90   Section        0  time_ops.o(.text.copyByte8)
    [Anonymous Symbol]                       0x08001ba8   Section        0  time_ops.o(.text.div32)
    [Anonymous Symbol]                       0x08001bd0   Section        0  time_ops.o(.text.div64)
    [Anonymous Symbol]                       0x08001c00   Section        0  util.o(.text.getAverageTime)
    [Anonymous Symbol]                       0x08001c48   Section        0  led.o(.text.getLEDStatus)
    [Anonymous Symbol]                       0x08001c74   Section        0  uart.o(.text.getbyte)
    [Anonymous Symbol]                       0x08001c98   Section        0  cli.o(.text.initCLI)
    [Anonymous Symbol]                       0x08001ca4   Section        0  led.o(.text.initLED)
    [Anonymous Symbol]                       0x08001cd0   Section        0  main.o(.text.main)
    [Anonymous Symbol]                       0x08001d0c   Section        0  time_ops.o(.text.mult32)
    [Anonymous Symbol]                       0x08001d1c   Section        0  time_ops.o(.text.mult64)
    [Anonymous Symbol]                       0x08001d44   Section        0  main.o(.text.parseReturnCommand)
    [Anonymous Symbol]                       0x08001ddc   Section        0  cli.o(.text.printScreen)
    [Anonymous Symbol]                       0x08001e20   Section        0  cli.o(.text.printScreenOnLine)
    [Anonymous Symbol]                       0x08001e54   Section        0  main.o(.text.processCommand)
    [Anonymous Symbol]                       0x08001ef0   Section        0  main.o(.text.readCommand)
    [Anonymous Symbol]                       0x08001f24   Section        0  uart.o(.text.sendbyte)
    [Anonymous Symbol]                       0x08001fb0   Section        0  uart.o(.text.serial_open)
    [Anonymous Symbol]                       0x0800204c   Section        0  main.o(.text.testAndPrintWithTimer)
    [Anonymous Symbol]                       0x08002658   Section        0  sttimer.o(.text.timer_init)
    [Anonymous Symbol]                       0x080026b0   Section        0  sttimer.o(.text.timer_start)
    [Anonymous Symbol]                       0x080026bc   Section        0  sttimer.o(.text.timer_stop)
    [Anonymous Symbol]                       0x08002708   Section        0  main.o(.text.toLowerCase)
    [Anonymous Symbol]                       0x0800274c   Section        0  led.o(.text.turnOffLED)
    [Anonymous Symbol]                       0x08002760   Section        0  led.o(.text.turnOnLED)
    CL$$btod_d2e                             0x08002772   Section       62  btod.o(CL$$btod_d2e)
    CL$$btod_d2e_denorm_low                  0x080027b0   Section       70  btod.o(CL$$btod_d2e_denorm_low)
    CL$$btod_d2e_norm_op1                    0x080027f6   Section       96  btod.o(CL$$btod_d2e_norm_op1)
    CL$$btod_div_common                      0x08002858   Section      824  btod.o(CL$$btod_div_common)
    CL$$btod_e2e                             0x08002b90   Section      220  btod.o(CL$$btod_e2e)
    CL$$btod_ediv                            0x08002c6c   Section       42  btod.o(CL$$btod_ediv)
    CL$$btod_emul                            0x08002c96   Section       42  btod.o(CL$$btod_emul)
    CL$$btod_mult_common                     0x08002cc0   Section      580  btod.o(CL$$btod_mult_common)
    i.__ARM_fpclassify                       0x08002f04   Section        0  fpclassify.o(i.__ARM_fpclassify)
    i._is_digit                              0x08002f2c   Section        0  __printf_wp.o(i._is_digit)
    locale$$code                             0x08002f3c   Section       44  lc_numeric_c.o(locale$$code)
    locale$$code                             0x08002f68   Section       44  lc_ctype_c.o(locale$$code)
    x$fpl$dflt                               0x08002f94   Section       46  dflt_clz.o(x$fpl$dflt)
    x$fpl$printf1                            0x08002fc2   Section        4  printf1.o(x$fpl$printf1)
    x$fpl$printf2                            0x08002fc6   Section        4  printf2.o(x$fpl$printf2)
    x$fpl$usenofp                            0x08002fca   Section        0  usenofp.o(x$fpl$usenofp)
    initial_mbstate                          0x08002fcc   Data           8  _printf_wctomb.o(.constdata)
    .constdata                               0x08002fcc   Section        8  _printf_wctomb.o(.constdata)
    uc_hextab                                0x08002fd4   Data          20  _printf_hex_int_ll_ptr.o(.constdata)
    .constdata                               0x08002fd4   Section       40  _printf_hex_int_ll_ptr.o(.constdata)
    lc_hextab                                0x08002fe8   Data          20  _printf_hex_int_ll_ptr.o(.constdata)
    maptable                                 0x08002ffc   Data          17  __printf_flags_ss_wp.o(.constdata)
    .constdata                               0x08002ffc   Section       17  __printf_flags_ss_wp.o(.constdata)
    lc_hextab                                0x0800300d   Data          19  _printf_fp_hex.o(.constdata)
    .constdata                               0x0800300d   Section       38  _printf_fp_hex.o(.constdata)
    uc_hextab                                0x08003020   Data          19  _printf_fp_hex.o(.constdata)
    tenpwrs_x                                0x08003034   Data          60  bigflt0.o(.constdata)
    .constdata                               0x08003034   Section      148  bigflt0.o(.constdata)
    tenpwrs_i                                0x08003070   Data          64  bigflt0.o(.constdata)
    [Anonymous Symbol]                       0x080030c8   Section        0  main.o(.rodata.str1.1)
    .L.str.8                                 0x08003126   Data           8  main.o(.rodata.str1.1)
    .L.str.12                                0x0800312e   Data          27  main.o(.rodata.str1.1)
    .L.str.14                                0x08003149   Data          28  main.o(.rodata.str1.1)
    .L.str.16                                0x08003165   Data          27  main.o(.rodata.str1.1)
    .L.str.13                                0x08003180   Data          27  main.o(.rodata.str1.1)
    .L.str.15                                0x0800319b   Data          28  main.o(.rodata.str1.1)
    .L.str.17                                0x080031b7   Data          27  main.o(.rodata.str1.1)
    .L.str.20                                0x080031d2   Data          35  main.o(.rodata.str1.1)
    .L.str.19                                0x080031f5   Data          34  main.o(.rodata.str1.1)
    .L.str.18                                0x080031f7   Data          32  main.o(.rodata.str1.1)
    .L.str.7                                 0x08003226   Data           7  main.o(.rodata.str1.1)
    .L.str.9                                 0x0800322d   Data           5  main.o(.rodata.str1.1)
    .L.str.11                                0x08003232   Data          10  main.o(.rodata.str1.1)
    .L.str.10                                0x080032de   Data           7  main.o(.rodata.str1.1)
    locale$$data                             0x08003308   Section       28  lc_numeric_c.o(locale$$data)
    __lcnum_c_name                           0x0800330c   Data           2  lc_numeric_c.o(locale$$data)
    __lcnum_c_start                          0x08003314   Data           0  lc_numeric_c.o(locale$$data)
    __lcnum_c_point                          0x08003320   Data           0  lc_numeric_c.o(locale$$data)
    __lcnum_c_thousands                      0x08003322   Data           0  lc_numeric_c.o(locale$$data)
    __lcnum_c_grouping                       0x08003323   Data           0  lc_numeric_c.o(locale$$data)
    __lcnum_c_end                            0x08003324   Data           0  lc_numeric_c.o(locale$$data)
    locale$$data                             0x08003324   Section      272  lc_ctype_c.o(locale$$data)
    __lcctype_c_name                         0x08003328   Data           2  lc_ctype_c.o(locale$$data)
    __lcctype_c_start                        0x08003330   Data           0  lc_ctype_c.o(locale$$data)
    __lcctype_c_end                          0x08003434   Data           0  lc_ctype_c.o(locale$$data)
    .bss                                     0x20000020   Section      228  rand.o(.bss)
    .bss                                     0x20000104   Section       96  libspace.o(.bss)
    testAndPrintWithTimer.testByte1024       0x20000164   Data        1024  main.o(.bss.testAndPrintWithTimer.testByte1024)
    [Anonymous Symbol]                       0x20000164   Section        0  main.o(.bss.testAndPrintWithTimer.testByte1024)
    testAndPrintWithTimer.testByte128        0x20000564   Data         128  main.o(.bss.testAndPrintWithTimer.testByte128)
    [Anonymous Symbol]                       0x20000564   Section        0  main.o(.bss.testAndPrintWithTimer.testByte128)
    testAndPrintWithTimer.testByte8          0x200005e4   Data           8  main.o(.bss.testAndPrintWithTimer.testByte8)
    [Anonymous Symbol]                       0x200005e4   Section        0  main.o(.bss.testAndPrintWithTimer.testByte8)
    testAndPrintWithTimer.testInt32s         0x200005ec   Data           8  main.o(.bss.testAndPrintWithTimer.testInt32s)
    [Anonymous Symbol]                       0x200005ec   Section        0  main.o(.bss.testAndPrintWithTimer.testInt32s)
    testAndPrintWithTimer.testInt64s         0x200005f8   Data          16  main.o(.bss.testAndPrintWithTimer.testInt64s)
    [Anonymous Symbol]                       0x200005f8   Section        0  main.o(.bss.testAndPrintWithTimer.testInt64s)
    Heap_Mem                                 0x20000608   Data        1024  startup_stm32f10x_md.o(HEAP)
    HEAP                                     0x20000608   Section     1024  startup_stm32f10x_md.o(HEAP)
    Stack_Mem                                0x20000a08   Data        1024  startup_stm32f10x_md.o(STACK)
    STACK                                    0x20000a08   Section     1024  startup_stm32f10x_md.o(STACK)
    __initial_sp                             0x20000e08   Data           0  startup_stm32f10x_md.o(STACK)

    Global Symbols

    Symbol Name                              Value     Ov Type        Size  Object(Section)

    BuildAttributes$$THM_ISAv4$P$D$K$B$S$PE$A:L22UL41UL21$X:L11$S22US41US21$IEEE1$IW$~IW$USESV6$~STKCKD$USESV7$~SHL$OTIME$ROPI$IEEEJ$EBA8$UX$STANDARDLIB$REQ8$PRES8$EABIv2 0x00000000   Number         0  anon$$obj.o ABSOLUTE
    __fp_init_empty                          0x00000000   Number         0  fpinit_empty.o ABSOLUTE
    _printf_flags                            0x00000000   Number         0  printf_stubs.o ABSOLUTE
    _printf_return_value                     0x00000000   Number         0  printf_stubs.o ABSOLUTE
    _printf_sizespec                         0x00000000   Number         0  printf_stubs.o ABSOLUTE
    _printf_widthprec                        0x00000000   Number         0  printf_stubs.o ABSOLUTE
    __ARM_exceptions_init                     - Undefined Weak Reference
    __alloca_initialize                       - Undefined Weak Reference
    __arm_preinit_                            - Undefined Weak Reference
    __arm_relocate_pie_                       - Undefined Weak Reference
    __cpp_initialize__aeabi_                  - Undefined Weak Reference
    __cxa_finalize                            - Undefined Weak Reference
    __sigvec_lookup                           - Undefined Weak Reference
    __user_heap_extent                        - Undefined Weak Reference
    _atexit_init                              - Undefined Weak Reference
    _call_atexit_fns                          - Undefined Weak Reference
    _clock_init                               - Undefined Weak Reference
    _fp_trap_init                             - Undefined Weak Reference
    _fp_trap_shutdown                         - Undefined Weak Reference
    _get_lc_collate                           - Undefined Weak Reference
    _get_lc_monetary                          - Undefined Weak Reference
    _get_lc_time                              - Undefined Weak Reference
    _getenv_init                              - Undefined Weak Reference
    _handle_redirection                       - Undefined Weak Reference
    _initio                                   - Undefined Weak Reference
    _mutex_acquire                            - Undefined Weak Reference
    _mutex_free                               - Undefined Weak Reference
    _mutex_release                            - Undefined Weak Reference
    _printf_mbtowc                            - Undefined Weak Reference
    _printf_wc                                - Undefined Weak Reference
    _signal_finish                            - Undefined Weak Reference
    _signal_init                              - Undefined Weak Reference
    _terminateio                              - Undefined Weak Reference
    __Vectors_Size                           0x000000ec   Number         0  startup_stm32f10x_md.o ABSOLUTE
    __Vectors                                0x08000000   Data           4  startup_stm32f10x_md.o(RESET)
    __Vectors_End                            0x080000ec   Data           0  startup_stm32f10x_md.o(RESET)
    __main                                   0x080000ed   Thumb Code     8  __main.o(!!!main)
    __scatterload                            0x080000f5   Thumb Code     0  __scatter.o(!!!scatter)
    __scatterload_rt2                        0x080000f5   Thumb Code    44  __scatter.o(!!!scatter)
    __scatterload_rt2_thumb_only             0x080000f5   Thumb Code     0  __scatter.o(!!!scatter)
    __scatterload_null                       0x08000103   Thumb Code     0  __scatter.o(!!!scatter)
    __scatterload_copy                       0x08000129   Thumb Code    26  __scatter_copy.o(!!handler_copy)
    __scatterload_zeroinit                   0x08000145   Thumb Code    28  __scatter_zi.o(!!handler_zi)
    _printf_n                                0x08000161   Thumb Code     0  _printf_n.o(.ARM.Collect$$_printf_percent$$00000001)
    _printf_percent                          0x08000161   Thumb Code     0  _printf_percent.o(.ARM.Collect$$_printf_percent$$00000000)
    _printf_p                                0x08000167   Thumb Code     0  _printf_p.o(.ARM.Collect$$_printf_percent$$00000002)
    _printf_f                                0x0800016d   Thumb Code     0  _printf_f.o(.ARM.Collect$$_printf_percent$$00000003)
    _printf_e                                0x08000173   Thumb Code     0  _printf_e.o(.ARM.Collect$$_printf_percent$$00000004)
    _printf_g                                0x08000179   Thumb Code     0  _printf_g.o(.ARM.Collect$$_printf_percent$$00000005)
    _printf_a                                0x0800017f   Thumb Code     0  _printf_a.o(.ARM.Collect$$_printf_percent$$00000006)
    _printf_ll                               0x08000185   Thumb Code     0  _printf_ll.o(.ARM.Collect$$_printf_percent$$00000007)
    _printf_i                                0x0800018f   Thumb Code     0  _printf_i.o(.ARM.Collect$$_printf_percent$$00000008)
    _printf_d                                0x08000195   Thumb Code     0  _printf_d.o(.ARM.Collect$$_printf_percent$$00000009)
    _printf_u                                0x0800019b   Thumb Code     0  _printf_u.o(.ARM.Collect$$_printf_percent$$0000000A)
    _printf_o                                0x080001a1   Thumb Code     0  _printf_o.o(.ARM.Collect$$_printf_percent$$0000000B)
    _printf_x                                0x080001a7   Thumb Code     0  _printf_x.o(.ARM.Collect$$_printf_percent$$0000000C)
    _printf_lli                              0x080001ad   Thumb Code     0  _printf_lli.o(.ARM.Collect$$_printf_percent$$0000000D)
    _printf_lld                              0x080001b3   Thumb Code     0  _printf_lld.o(.ARM.Collect$$_printf_percent$$0000000E)
    _printf_llu                              0x080001b9   Thumb Code     0  _printf_llu.o(.ARM.Collect$$_printf_percent$$0000000F)
    _printf_llo                              0x080001bf   Thumb Code     0  _printf_llo.o(.ARM.Collect$$_printf_percent$$00000010)
    _printf_llx                              0x080001c5   Thumb Code     0  _printf_llx.o(.ARM.Collect$$_printf_percent$$00000011)
    _printf_l                                0x080001cb   Thumb Code     0  _printf_l.o(.ARM.Collect$$_printf_percent$$00000012)
    _printf_c                                0x080001d5   Thumb Code     0  _printf_c.o(.ARM.Collect$$_printf_percent$$00000013)
    _printf_s                                0x080001db   Thumb Code     0  _printf_s.o(.ARM.Collect$$_printf_percent$$00000014)
    _printf_lc                               0x080001e1   Thumb Code     0  _printf_lc.o(.ARM.Collect$$_printf_percent$$00000015)
    _printf_ls                               0x080001e7   Thumb Code     0  _printf_ls.o(.ARM.Collect$$_printf_percent$$00000016)
    _printf_percent_end                      0x080001ed   Thumb Code     0  _printf_percent_end.o(.ARM.Collect$$_printf_percent$$00000017)
    __rt_lib_init                            0x080001f1   Thumb Code     0  libinit.o(.ARM.Collect$$libinit$$00000000)
    __rt_lib_init_fp_1                       0x080001f3   Thumb Code     0  libinit2.o(.ARM.Collect$$libinit$$00000002)
    __rt_lib_init_heap_2                     0x080001f3   Thumb Code     0  libinit2.o(.ARM.Collect$$libinit$$00000007)
    __rt_lib_init_preinit_1                  0x080001f3   Thumb Code     0  libinit2.o(.ARM.Collect$$libinit$$00000006)
    __rt_lib_init_relocate_pie_1             0x080001f3   Thumb Code     0  libinit2.o(.ARM.Collect$$libinit$$00000004)
    __rt_lib_init_heap_1                     0x080001fb   Thumb Code     0  libinit2.o(.ARM.Collect$$libinit$$0000000C)
    __rt_lib_init_rand_2                     0x080001fb   Thumb Code     0  libinit2.o(.ARM.Collect$$libinit$$0000000F)
    __rt_lib_init_user_alloc_1               0x080001fb   Thumb Code     0  libinit2.o(.ARM.Collect$$libinit$$0000000E)
    __rt_lib_init_lc_common                  0x080001ff   Thumb Code     0  libinit2.o(.ARM.Collect$$libinit$$00000011)
    __rt_lib_init_rand_1                     0x080001ff   Thumb Code     0  libinit2.o(.ARM.Collect$$libinit$$00000010)
    __rt_lib_init_lc_collate_1               0x08000205   Thumb Code     0  libinit2.o(.ARM.Collect$$libinit$$00000013)
    __rt_lib_init_lc_ctype_2                 0x08000205   Thumb Code     0  libinit2.o(.ARM.Collect$$libinit$$00000014)
    __rt_lib_init_lc_ctype_1                 0x08000211   Thumb Code     0  libinit2.o(.ARM.Collect$$libinit$$00000015)
    __rt_lib_init_lc_monetary_1              0x08000211   Thumb Code     0  libinit2.o(.ARM.Collect$$libinit$$00000017)
    __rt_lib_init_lc_numeric_2               0x08000211   Thumb Code     0  libinit2.o(.ARM.Collect$$libinit$$00000018)
    __rt_lib_init_alloca_1                   0x0800021b   Thumb Code     0  libinit2.o(.ARM.Collect$$libinit$$00000030)
    __rt_lib_init_argv_1                     0x0800021b   Thumb Code     0  libinit2.o(.ARM.Collect$$libinit$$0000002E)
    __rt_lib_init_atexit_1                   0x0800021b   Thumb Code     0  libinit2.o(.ARM.Collect$$libinit$$0000001D)
    __rt_lib_init_clock_1                    0x0800021b   Thumb Code     0  libinit2.o(.ARM.Collect$$libinit$$00000023)
    __rt_lib_init_cpp_1                      0x0800021b   Thumb Code     0  libinit2.o(.ARM.Collect$$libinit$$00000034)
    __rt_lib_init_exceptions_1               0x0800021b   Thumb Code     0  libinit2.o(.ARM.Collect$$libinit$$00000032)
    __rt_lib_init_fp_trap_1                  0x0800021b   Thumb Code     0  libinit2.o(.ARM.Collect$$libinit$$00000021)
    __rt_lib_init_getenv_1                   0x0800021b   Thumb Code     0  libinit2.o(.ARM.Collect$$libinit$$00000025)
    __rt_lib_init_lc_numeric_1               0x0800021b   Thumb Code     0  libinit2.o(.ARM.Collect$$libinit$$00000019)
    __rt_lib_init_lc_time_1                  0x0800021b   Thumb Code     0  libinit2.o(.ARM.Collect$$libinit$$0000001B)
    __rt_lib_init_return                     0x0800021b   Thumb Code     0  libinit2.o(.ARM.Collect$$libinit$$00000035)
    __rt_lib_init_signal_1                   0x0800021b   Thumb Code     0  libinit2.o(.ARM.Collect$$libinit$$0000001F)
    __rt_lib_init_stdio_1                    0x0800021b   Thumb Code     0  libinit2.o(.ARM.Collect$$libinit$$00000027)
    __rt_lib_shutdown                        0x0800021d   Thumb Code     0  libshutdown.o(.ARM.Collect$$libshutdown$$00000000)
    __rt_lib_shutdown_cpp_1                  0x0800021f   Thumb Code     0  libshutdown2.o(.ARM.Collect$$libshutdown$$00000002)
    __rt_lib_shutdown_fp_trap_1              0x0800021f   Thumb Code     0  libshutdown2.o(.ARM.Collect$$libshutdown$$00000007)
    __rt_lib_shutdown_heap_1                 0x0800021f   Thumb Code     0  libshutdown2.o(.ARM.Collect$$libshutdown$$0000000F)
    __rt_lib_shutdown_return                 0x0800021f   Thumb Code     0  libshutdown2.o(.ARM.Collect$$libshutdown$$00000010)
    __rt_lib_shutdown_signal_1               0x0800021f   Thumb Code     0  libshutdown2.o(.ARM.Collect$$libshutdown$$0000000A)
    __rt_lib_shutdown_stdio_1                0x0800021f   Thumb Code     0  libshutdown2.o(.ARM.Collect$$libshutdown$$00000004)
    __rt_lib_shutdown_user_alloc_1           0x0800021f   Thumb Code     0  libshutdown2.o(.ARM.Collect$$libshutdown$$0000000C)
    __rt_entry                               0x08000221   Thumb Code     0  __rtentry.o(.ARM.Collect$$rtentry$$00000000)
    __rt_entry_presh_1                       0x08000221   Thumb Code     0  __rtentry2.o(.ARM.Collect$$rtentry$$00000002)
    __rt_entry_sh                            0x08000221   Thumb Code     0  __rtentry4.o(.ARM.Collect$$rtentry$$00000004)
    __rt_entry_li                            0x08000227   Thumb Code     0  __rtentry2.o(.ARM.Collect$$rtentry$$0000000A)
    __rt_entry_postsh_1                      0x08000227   Thumb Code     0  __rtentry2.o(.ARM.Collect$$rtentry$$00000009)
    __rt_entry_main                          0x0800022b   Thumb Code     0  __rtentry2.o(.ARM.Collect$$rtentry$$0000000D)
    __rt_entry_postli_1                      0x0800022b   Thumb Code     0  __rtentry2.o(.ARM.Collect$$rtentry$$0000000C)
    __rt_exit                                0x08000233   Thumb Code     0  rtexit.o(.ARM.Collect$$rtexit$$00000000)
    __rt_exit_ls                             0x08000235   Thumb Code     0  rtexit2.o(.ARM.Collect$$rtexit$$00000003)
    __rt_exit_prels_1                        0x08000235   Thumb Code     0  rtexit2.o(.ARM.Collect$$rtexit$$00000002)
    __rt_exit_exit                           0x08000239   Thumb Code     0  rtexit2.o(.ARM.Collect$$rtexit$$00000004)
    rand                                     0x08000241   Thumb Code    48  rand.o(.emb_text)
    Reset_Handler                            0x08000275   Thumb Code     8  startup_stm32f10x_md.o(.text)
    NMI_Handler                              0x0800027d   Thumb Code     2  startup_stm32f10x_md.o(.text)
    HardFault_Handler                        0x0800027f   Thumb Code     2  startup_stm32f10x_md.o(.text)
    MemManage_Handler                        0x08000281   Thumb Code     2  startup_stm32f10x_md.o(.text)
    BusFault_Handler                         0x08000283   Thumb Code     2  startup_stm32f10x_md.o(.text)
    UsageFault_Handler                       0x08000285   Thumb Code     2  startup_stm32f10x_md.o(.text)
    SVC_Handler                              0x08000287   Thumb Code     2  startup_stm32f10x_md.o(.text)
    DebugMon_Handler                         0x08000289   Thumb Code     2  startup_stm32f10x_md.o(.text)
    PendSV_Handler                           0x0800028b   Thumb Code     2  startup_stm32f10x_md.o(.text)
    SysTick_Handler                          0x0800028d   Thumb Code     2  startup_stm32f10x_md.o(.text)
    ADC1_2_IRQHandler                        0x0800028f   Thumb Code     0  startup_stm32f10x_md.o(.text)
    CAN1_RX1_IRQHandler                      0x0800028f   Thumb Code     0  startup_stm32f10x_md.o(.text)
    CAN1_SCE_IRQHandler                      0x0800028f   Thumb Code     0  startup_stm32f10x_md.o(.text)
    DMA1_Channel1_IRQHandler                 0x0800028f   Thumb Code     0  startup_stm32f10x_md.o(.text)
    DMA1_Channel2_IRQHandler                 0x0800028f   Thumb Code     0  startup_stm32f10x_md.o(.text)
    DMA1_Channel3_IRQHandler                 0x0800028f   Thumb Code     0  startup_stm32f10x_md.o(.text)
    DMA1_Channel4_IRQHandler                 0x0800028f   Thumb Code     0  startup_stm32f10x_md.o(.text)
    DMA1_Channel5_IRQHandler                 0x0800028f   Thumb Code     0  startup_stm32f10x_md.o(.text)
    DMA1_Channel6_IRQHandler                 0x0800028f   Thumb Code     0  startup_stm32f10x_md.o(.text)
    DMA1_Channel7_IRQHandler                 0x0800028f   Thumb Code     0  startup_stm32f10x_md.o(.text)
    EXTI0_IRQHandler                         0x0800028f   Thumb Code     0  startup_stm32f10x_md.o(.text)
    EXTI15_10_IRQHandler                     0x0800028f   Thumb Code     0  startup_stm32f10x_md.o(.text)
    EXTI1_IRQHandler                         0x0800028f   Thumb Code     0  startup_stm32f10x_md.o(.text)
    EXTI2_IRQHandler                         0x0800028f   Thumb Code     0  startup_stm32f10x_md.o(.text)
    EXTI3_IRQHandler                         0x0800028f   Thumb Code     0  startup_stm32f10x_md.o(.text)
    EXTI4_IRQHandler                         0x0800028f   Thumb Code     0  startup_stm32f10x_md.o(.text)
    EXTI9_5_IRQHandler                       0x0800028f   Thumb Code     0  startup_stm32f10x_md.o(.text)
    FLASH_IRQHandler                         0x0800028f   Thumb Code     0  startup_stm32f10x_md.o(.text)
    I2C1_ER_IRQHandler                       0x0800028f   Thumb Code     0  startup_stm32f10x_md.o(.text)
    I2C1_EV_IRQHandler                       0x0800028f   Thumb Code     0  startup_stm32f10x_md.o(.text)
    I2C2_ER_IRQHandler                       0x0800028f   Thumb Code     0  startup_stm32f10x_md.o(.text)
    I2C2_EV_IRQHandler                       0x0800028f   Thumb Code     0  startup_stm32f10x_md.o(.text)
    PVD_IRQHandler                           0x0800028f   Thumb Code     0  startup_stm32f10x_md.o(.text)
    RCC_IRQHandler                           0x0800028f   Thumb Code     0  startup_stm32f10x_md.o(.text)
    RTCAlarm_IRQHandler                      0x0800028f   Thumb Code     0  startup_stm32f10x_md.o(.text)
    RTC_IRQHandler                           0x0800028f   Thumb Code     0  startup_stm32f10x_md.o(.text)
    SPI1_IRQHandler                          0x0800028f   Thumb Code     0  startup_stm32f10x_md.o(.text)
    SPI2_IRQHandler                          0x0800028f   Thumb Code     0  startup_stm32f10x_md.o(.text)
    TAMPER_IRQHandler                        0x0800028f   Thumb Code     0  startup_stm32f10x_md.o(.text)
    TIM1_BRK_IRQHandler                      0x0800028f   Thumb Code     0  startup_stm32f10x_md.o(.text)
    TIM1_CC_IRQHandler                       0x0800028f   Thumb Code     0  startup_stm32f10x_md.o(.text)
    TIM1_TRG_COM_IRQHandler                  0x0800028f   Thumb Code     0  startup_stm32f10x_md.o(.text)
    TIM1_UP_IRQHandler                       0x0800028f   Thumb Code     0  startup_stm32f10x_md.o(.text)
    TIM2_IRQHandler                          0x0800028f   Thumb Code     0  startup_stm32f10x_md.o(.text)
    TIM3_IRQHandler                          0x0800028f   Thumb Code     0  startup_stm32f10x_md.o(.text)
    TIM4_IRQHandler                          0x0800028f   Thumb Code     0  startup_stm32f10x_md.o(.text)
    USART1_IRQHandler                        0x0800028f   Thumb Code     0  startup_stm32f10x_md.o(.text)
    USART2_IRQHandler                        0x0800028f   Thumb Code     0  startup_stm32f10x_md.o(.text)
    USART3_IRQHandler                        0x0800028f   Thumb Code     0  startup_stm32f10x_md.o(.text)
    USBWakeUp_IRQHandler                     0x0800028f   Thumb Code     0  startup_stm32f10x_md.o(.text)
    USB_HP_CAN1_TX_IRQHandler                0x0800028f   Thumb Code     0  startup_stm32f10x_md.o(.text)
    USB_LP_CAN1_RX0_IRQHandler               0x0800028f   Thumb Code     0  startup_stm32f10x_md.o(.text)
    WWDG_IRQHandler                          0x0800028f   Thumb Code     0  startup_stm32f10x_md.o(.text)
    __user_initial_stackheap                 0x08000291   Thumb Code     0  startup_stm32f10x_md.o(.text)
    malloc                                   0x080002b5   Thumb Code    94  h1_alloc.o(.text)
    free                                     0x08000313   Thumb Code    78  h1_free.o(.text)
    sprintf                                  0x08000361   Thumb Code    38  sprintf.o(.text)
    srand                                    0x0800038d   Thumb Code    42  rand.o(.text)
    _rand_init                               0x080003b7   Thumb Code     4  rand.o(.text)
    __aeabi_memcpy                           0x080003c9   Thumb Code     0  rt_memcpy_v6.o(.text)
    __rt_memcpy                              0x080003c9   Thumb Code   138  rt_memcpy_v6.o(.text)
    _memcpy_lastbytes                        0x0800042f   Thumb Code     0  rt_memcpy_v6.o(.text)
    strcmp                                   0x08000455   Thumb Code   128  strcmpv7m.o(.text)
    __use_two_region_memory                  0x080004d5   Thumb Code     2  heapauxi.o(.text)
    __rt_heap_escrow                         0x080004d7   Thumb Code     2  heapauxi.o(.text)
    __rt_heap_expand                         0x080004d9   Thumb Code     2  heapauxi.o(.text)
    __rt_heap_descriptor                     0x080004dd   Thumb Code     8  rt_heap_descriptor_intlibspace.o(.text)
    __use_no_heap                            0x080004e5   Thumb Code     2  hguard.o(.text)
    __heap$guard                             0x080004e7   Thumb Code     2  hguard.o(.text)
    _terminate_user_alloc                    0x080004e9   Thumb Code     2  init_alloc.o(.text)
    _init_user_alloc                         0x080004eb   Thumb Code     2  init_alloc.o(.text)
    __Heap_Full                              0x080004ed   Thumb Code    34  init_alloc.o(.text)
    __Heap_Broken                            0x0800050f   Thumb Code     6  init_alloc.o(.text)
    _init_alloc                              0x08000515   Thumb Code    94  init_alloc.o(.text)
    __Heap_Initialize                        0x08000573   Thumb Code    10  h1_init.o(.text)
    __Heap_DescSize                          0x0800057d   Thumb Code     4  h1_init.o(.text)
    _printf_pre_padding                      0x08000581   Thumb Code    44  _printf_pad.o(.text)
    _printf_post_padding                     0x080005ad   Thumb Code    34  _printf_pad.o(.text)
    _printf_truncate_signed                  0x080005cf   Thumb Code    18  _printf_truncate.o(.text)
    _printf_truncate_unsigned                0x080005e1   Thumb Code    18  _printf_truncate.o(.text)
    _printf_str                              0x080005f3   Thumb Code    82  _printf_str.o(.text)
    _printf_int_dec                          0x08000645   Thumb Code   104  _printf_dec.o(.text)
    _printf_charcount                        0x080006bd   Thumb Code    40  _printf_charcount.o(.text)
    _printf_char_common                      0x080006ef   Thumb Code    32  _printf_char_common.o(.text)
    _sputc                                   0x08000715   Thumb Code    10  _sputc.o(.text)
    _printf_wctomb                           0x08000721   Thumb Code   182  _printf_wctomb.o(.text)
    _printf_longlong_dec                     0x080007dd   Thumb Code   108  _printf_longlong_dec.o(.text)
    _printf_longlong_oct                     0x08000859   Thumb Code    68  _printf_oct_int_ll.o(.text)
    _printf_int_oct                          0x0800089d   Thumb Code    24  _printf_oct_int_ll.o(.text)
    _printf_ll_oct                           0x080008b5   Thumb Code    12  _printf_oct_int_ll.o(.text)
    _printf_longlong_hex                     0x080008c9   Thumb Code    86  _printf_hex_int_ll_ptr.o(.text)
    _printf_int_hex                          0x0800091f   Thumb Code    28  _printf_hex_int_ll_ptr.o(.text)
    _printf_ll_hex                           0x0800093b   Thumb Code    12  _printf_hex_int_ll_ptr.o(.text)
    _printf_hex_ptr                          0x08000947   Thumb Code    18  _printf_hex_int_ll_ptr.o(.text)
    __printf                                 0x0800095d   Thumb Code   388  __printf_flags_ss_wp.o(.text)
    __aeabi_memcpy4                          0x08000ae5   Thumb Code     0  rt_memcpy_w.o(.text)
    __aeabi_memcpy8                          0x08000ae5   Thumb Code     0  rt_memcpy_w.o(.text)
    __rt_memcpy_w                            0x08000ae5   Thumb Code   100  rt_memcpy_w.o(.text)
    _memcpy_lastbytes_aligned                0x08000b2d   Thumb Code     0  rt_memcpy_w.o(.text)
    __user_libspace                          0x08000b49   Thumb Code     8  libspace.o(.text)
    __user_perproc_libspace                  0x08000b49   Thumb Code     0  libspace.o(.text)
    __user_perthread_libspace                0x08000b49   Thumb Code     0  libspace.o(.text)
    __Heap_ProvideMemory                     0x08000b51   Thumb Code    52  h1_extend.o(.text)
    _maybe_terminate_alloc                   0x08000b51   Thumb Code     0  maybetermalloc1.o(.text)
    _ll_udiv10                               0x08000b85   Thumb Code   138  lludiv10.o(.text)
    _printf_int_common                       0x08000c0f   Thumb Code   178  _printf_intcommon.o(.text)
    _printf_fp_dec_real                      0x08000e71   Thumb Code   620  _printf_fp_dec.o(.text)
    _printf_fp_hex_real                      0x080010dd   Thumb Code   756  _printf_fp_hex.o(.text)
    _printf_cs_common                        0x080013d9   Thumb Code    20  _printf_char.o(.text)
    _printf_char                             0x080013ed   Thumb Code    16  _printf_char.o(.text)
    _printf_string                           0x080013fd   Thumb Code     8  _printf_char.o(.text)
    _printf_lcs_common                       0x08001405   Thumb Code    20  _printf_wchar.o(.text)
    _printf_wchar                            0x08001419   Thumb Code    16  _printf_wchar.o(.text)
    _printf_wstring                          0x08001429   Thumb Code     8  _printf_wchar.o(.text)
    _c16rtomb                                0x08001431   Thumb Code    72  _c16rtomb.o(.text)
    _wcrtomb                                 0x08001431   Thumb Code     0  _c16rtomb.o(.text)
    __rt_SIGRTMEM                            0x08001479   Thumb Code    14  defsig_rtmem_outer.o(.text)
    __I$use$semihosting                      0x08001487   Thumb Code     0  use_no_semi.o(.text)
    __use_no_semihosting_swi                 0x08001487   Thumb Code     2  use_no_semi.o(.text)
    __semihosting_library_function           0x08001489   Thumb Code     0  indicate_semi.o(.text)
    __user_setup_stackheap                   0x08001489   Thumb Code    74  sys_stackheap_outer.o(.text)
    __rt_ctype_table                         0x080014d5   Thumb Code    16  rt_ctype_table.o(.text)
    __rt_locale                              0x080014e5   Thumb Code     8  rt_locale_intlibspace.o(.text)
    _printf_fp_infnan                        0x080014ed   Thumb Code   112  _printf_fp_infnan.o(.text)
    _btod_etento                             0x0800156d   Thumb Code   224  bigflt0.o(.text)
    exit                                     0x08001651   Thumb Code    18  exit.o(.text)
    __sig_exit                               0x08001663   Thumb Code    10  defsig_exit.o(.text)
    __rt_SIGRTMEM_inner                      0x0800166d   Thumb Code    22  defsig_rtmem_inner.o(.text)
    _sys_exit                                0x080016bd   Thumb Code     8  sys_exit.o(.text)
    __default_signal_display                 0x080016c9   Thumb Code    50  defsig_general.o(.text)
    _ttywrch                                 0x080016fb   Thumb Code    14  sys_wrch.o(.text)
    CLI_Receive                              0x08001709   Thumb Code   140  cli.o(.text.CLI_Receive)
    CLI_Transmit                             0x08001795   Thumb Code    54  cli.o(.text.CLI_Transmit)
    SystemInit                               0x080018f9   Thumb Code   102  system_stm32f10x.o(.text.SystemInit)
    add32                                    0x08001961   Thumb Code    16  time_ops.o(.text.add32)
    add64                                    0x08001971   Thumb Code    26  time_ops.o(.text.add64)
    assignRandomByte1024s                    0x0800198d   Thumb Code    44  util.o(.text.assignRandomByte1024s)
    assignRandomByte128s                     0x080019b9   Thumb Code    44  util.o(.text.assignRandomByte128s)
    assignRandomByte8                        0x080019e5   Thumb Code    44  util.o(.text.assignRandomByte8)
    assignRandomInt32s                       0x08001a11   Thumb Code    54  util.o(.text.assignRandomInt32s)
    assignRandomInt64s                       0x08001a49   Thumb Code    66  util.o(.text.assignRandomInt64s)
    clearScrean                              0x08001a8d   Thumb Code    54  cli.o(.text.clearScrean)
    clockInit                                0x08001ac5   Thumb Code   164  util.o(.text.clockInit)
    copyByte1024                             0x08001b69   Thumb Code    20  time_ops.o(.text.copyByte1024)
    copyByte128                              0x08001b7d   Thumb Code    18  time_ops.o(.text.copyByte128)
    copyByte8                                0x08001b91   Thumb Code    24  time_ops.o(.text.copyByte8)
    div32                                    0x08001ba9   Thumb Code    38  time_ops.o(.text.div32)
    div64                                    0x08001bd1   Thumb Code    48  time_ops.o(.text.div64)
    getAverageTime                           0x08001c01   Thumb Code    72  util.o(.text.getAverageTime)
    getLEDStatus                             0x08001c49   Thumb Code    44  led.o(.text.getLEDStatus)
    getbyte                                  0x08001c75   Thumb Code    36  uart.o(.text.getbyte)
    initCLI                                  0x08001c99   Thumb Code    12  cli.o(.text.initCLI)
    initLED                                  0x08001ca5   Thumb Code    42  led.o(.text.initLED)
    main                                     0x08001cd1   Thumb Code    58  main.o(.text.main)
    mult32                                   0x08001d0d   Thumb Code    16  time_ops.o(.text.mult32)
    mult64                                   0x08001d1d   Thumb Code    38  time_ops.o(.text.mult64)
    parseReturnCommand                       0x08001d45   Thumb Code   152  main.o(.text.parseReturnCommand)
    printScreen                              0x08001ddd   Thumb Code    66  cli.o(.text.printScreen)
    printScreenOnLine                        0x08001e21   Thumb Code    52  cli.o(.text.printScreenOnLine)
    processCommand                           0x08001e55   Thumb Code   156  main.o(.text.processCommand)
    readCommand                              0x08001ef1   Thumb Code    52  main.o(.text.readCommand)
    sendbyte                                 0x08001f25   Thumb Code   140  uart.o(.text.sendbyte)
    serial_open                              0x08001fb1   Thumb Code   156  uart.o(.text.serial_open)
    testAndPrintWithTimer                    0x0800204d   Thumb Code  1546  main.o(.text.testAndPrintWithTimer)
    timer_init                               0x08002659   Thumb Code    86  sttimer.o(.text.timer_init)
    timer_start                              0x080026b1   Thumb Code    10  sttimer.o(.text.timer_start)
    timer_stop                               0x080026bd   Thumb Code    74  sttimer.o(.text.timer_stop)
    toLowerCase                              0x08002709   Thumb Code    68  main.o(.text.toLowerCase)
    turnOffLED                               0x0800274d   Thumb Code    18  led.o(.text.turnOffLED)
    turnOnLED                                0x08002761   Thumb Code    18  led.o(.text.turnOnLED)
    _btod_d2e                                0x08002773   Thumb Code    62  btod.o(CL$$btod_d2e)
    _d2e_denorm_low                          0x080027b1   Thumb Code    70  btod.o(CL$$btod_d2e_denorm_low)
    _d2e_norm_op1                            0x080027f7   Thumb Code    96  btod.o(CL$$btod_d2e_norm_op1)
    __btod_div_common                        0x08002859   Thumb Code   696  btod.o(CL$$btod_div_common)
    _e2e                                     0x08002b91   Thumb Code   220  btod.o(CL$$btod_e2e)
    _btod_ediv                               0x08002c6d   Thumb Code    42  btod.o(CL$$btod_ediv)
    _btod_emul                               0x08002c97   Thumb Code    42  btod.o(CL$$btod_emul)
    __btod_mult_common                       0x08002cc1   Thumb Code   580  btod.o(CL$$btod_mult_common)
    __ARM_fpclassify                         0x08002f05   Thumb Code    40  fpclassify.o(i.__ARM_fpclassify)
    _is_digit                                0x08002f2d   Thumb Code    14  __printf_wp.o(i._is_digit)
    _get_lc_numeric                          0x08002f3d   Thumb Code    44  lc_numeric_c.o(locale$$code)
    _get_lc_ctype                            0x08002f69   Thumb Code    44  lc_ctype_c.o(locale$$code)
    __aeabi_i2d                              0x08002f95   Thumb Code     0  dflt_clz.o(x$fpl$dflt)
    _dflt                                    0x08002f95   Thumb Code    46  dflt_clz.o(x$fpl$dflt)
    _printf_fp_dec                           0x08002fc3   Thumb Code     4  printf1.o(x$fpl$printf1)
    _printf_fp_hex                           0x08002fc7   Thumb Code     4  printf2.o(x$fpl$printf2)
    __I$use$fp                               0x08002fca   Number         0  usenofp.o(x$fpl$usenofp)
    Region$$Table$$Base                      0x080032e8   Number         0  anon$$obj.o(Region$$Table)
    Region$$Table$$Limit                     0x08003308   Number         0  anon$$obj.o(Region$$Table)
    __ctype                                  0x08003331   Data           0  lc_ctype_c.o(locale$$data)
    HELP_TEXT                                0x20000000   Data           4  main.o(.data.HELP_TEXT)
    LED_OFF_STATUS_TEXT                      0x20000004   Data           4  main.o(.data.LED_OFF_STATUS_TEXT)
    LED_ON_STATUS_TEXT                       0x20000008   Data           4  main.o(.data.LED_ON_STATUS_TEXT)
    TURN_OFF_LED_TEXT                        0x2000000c   Data           4  main.o(.data.TURN_OFF_LED_TEXT)
    TURN_ON_LED_TEXT                         0x20000010   Data           4  main.o(.data.TURN_ON_LED_TEXT)
    UNKNOWN_COMMAND_ERROR                    0x20000014   Data           4  main.o(.data.UNKNOWN_COMMAND_ERROR)
    USER_PROMPT                              0x20000018   Data           4  main.o(.data.USER_PROMPT)
    _random_number_data                      0x20000020   Data         228  rand.o(.bss)
    __libspace_start                         0x20000104   Data          96  libspace.o(.bss)
    __temporary_stack_top$libspace           0x20000164   Data           0  libspace.o(.bss)



==============================================================================

Memory Map of the image

  Image Entry point : 0x08000275

  Load Region LR_1 (Base: 0x08000000, Size: 0x00003450, Max: 0xffffffff, ABSOLUTE)

    Execution Region ER_RO (Exec base: 0x08000000, Load base: 0x08000000, Size: 0x00003434, Max: 0xffffffff, ABSOLUTE)

    Exec Addr    Load Addr    Size         Type   Attr      Idx    E Section Name        Object

    0x08000000   0x08000000   0x000000ec   Data   RO          172    RESET               startup_stm32f10x_md.o
    0x080000ec   0x080000ec   0x00000008   Code   RO          273  * !!!main             c_w.l(__main.o)
    0x080000f4   0x080000f4   0x00000034   Code   RO          658    !!!scatter          c_w.l(__scatter.o)
    0x08000128   0x08000128   0x0000001a   Code   RO          660    !!handler_copy      c_w.l(__scatter_copy.o)
    0x08000142   0x08000142   0x00000002   PAD
    0x08000144   0x08000144   0x0000001c   Code   RO          662    !!handler_zi        c_w.l(__scatter_zi.o)
    0x08000160   0x08000160   0x00000000   Code   RO          388    .ARM.Collect$$_printf_percent$$00000000  c_w.l(_printf_percent.o)
    0x08000160   0x08000160   0x00000006   Code   RO          377    .ARM.Collect$$_printf_percent$$00000001  c_w.l(_printf_n.o)
    0x08000166   0x08000166   0x00000006   Code   RO          379    .ARM.Collect$$_printf_percent$$00000002  c_w.l(_printf_p.o)
    0x0800016c   0x0800016c   0x00000006   Code   RO          384    .ARM.Collect$$_printf_percent$$00000003  c_w.l(_printf_f.o)
    0x08000172   0x08000172   0x00000006   Code   RO          385    .ARM.Collect$$_printf_percent$$00000004  c_w.l(_printf_e.o)
    0x08000178   0x08000178   0x00000006   Code   RO          386    .ARM.Collect$$_printf_percent$$00000005  c_w.l(_printf_g.o)
    0x0800017e   0x0800017e   0x00000006   Code   RO          387    .ARM.Collect$$_printf_percent$$00000006  c_w.l(_printf_a.o)
    0x08000184   0x08000184   0x0000000a   Code   RO          392    .ARM.Collect$$_printf_percent$$00000007  c_w.l(_printf_ll.o)
    0x0800018e   0x0800018e   0x00000006   Code   RO          381    .ARM.Collect$$_printf_percent$$00000008  c_w.l(_printf_i.o)
    0x08000194   0x08000194   0x00000006   Code   RO          382    .ARM.Collect$$_printf_percent$$00000009  c_w.l(_printf_d.o)
    0x0800019a   0x0800019a   0x00000006   Code   RO          383    .ARM.Collect$$_printf_percent$$0000000A  c_w.l(_printf_u.o)
    0x080001a0   0x080001a0   0x00000006   Code   RO          380    .ARM.Collect$$_printf_percent$$0000000B  c_w.l(_printf_o.o)
    0x080001a6   0x080001a6   0x00000006   Code   RO          378    .ARM.Collect$$_printf_percent$$0000000C  c_w.l(_printf_x.o)
    0x080001ac   0x080001ac   0x00000006   Code   RO          389    .ARM.Collect$$_printf_percent$$0000000D  c_w.l(_printf_lli.o)
    0x080001b2   0x080001b2   0x00000006   Code   RO          390    .ARM.Collect$$_printf_percent$$0000000E  c_w.l(_printf_lld.o)
    0x080001b8   0x080001b8   0x00000006   Code   RO          391    .ARM.Collect$$_printf_percent$$0000000F  c_w.l(_printf_llu.o)
    0x080001be   0x080001be   0x00000006   Code   RO          396    .ARM.Collect$$_printf_percent$$00000010  c_w.l(_printf_llo.o)
    0x080001c4   0x080001c4   0x00000006   Code   RO          397    .ARM.Collect$$_printf_percent$$00000011  c_w.l(_printf_llx.o)
    0x080001ca   0x080001ca   0x0000000a   Code   RO          393    .ARM.Collect$$_printf_percent$$00000012  c_w.l(_printf_l.o)
    0x080001d4   0x080001d4   0x00000006   Code   RO          375    .ARM.Collect$$_printf_percent$$00000013  c_w.l(_printf_c.o)
    0x080001da   0x080001da   0x00000006   Code   RO          376    .ARM.Collect$$_printf_percent$$00000014  c_w.l(_printf_s.o)
    0x080001e0   0x080001e0   0x00000006   Code   RO          394    .ARM.Collect$$_printf_percent$$00000015  c_w.l(_printf_lc.o)
    0x080001e6   0x080001e6   0x00000006   Code   RO          395    .ARM.Collect$$_printf_percent$$00000016  c_w.l(_printf_ls.o)
    0x080001ec   0x080001ec   0x00000004   Code   RO          505    .ARM.Collect$$_printf_percent$$00000017  c_w.l(_printf_percent_end.o)
    0x080001f0   0x080001f0   0x00000002   Code   RO          582    .ARM.Collect$$libinit$$00000000  c_w.l(libinit.o)
    0x080001f2   0x080001f2   0x00000000   Code   RO          403    .ARM.Collect$$libinit$$00000002  c_w.l(libinit2.o)
    0x080001f2   0x080001f2   0x00000000   Code   RO          405    .ARM.Collect$$libinit$$00000004  c_w.l(libinit2.o)
    0x080001f2   0x080001f2   0x00000000   Code   RO          407    .ARM.Collect$$libinit$$00000006  c_w.l(libinit2.o)
    0x080001f2   0x080001f2   0x00000008   Code   RO          408    .ARM.Collect$$libinit$$00000007  c_w.l(libinit2.o)
    0x080001fa   0x080001fa   0x00000000   Code   RO          410    .ARM.Collect$$libinit$$0000000C  c_w.l(libinit2.o)
    0x080001fa   0x080001fa   0x00000000   Code   RO          412    .ARM.Collect$$libinit$$0000000E  c_w.l(libinit2.o)
    0x080001fa   0x080001fa   0x00000004   Code   RO          413    .ARM.Collect$$libinit$$0000000F  c_w.l(libinit2.o)
    0x080001fe   0x080001fe   0x00000000   Code   RO          414    .ARM.Collect$$libinit$$00000010  c_w.l(libinit2.o)
    0x080001fe   0x080001fe   0x00000006   Code   RO          415    .ARM.Collect$$libinit$$00000011  c_w.l(libinit2.o)
    0x08000204   0x08000204   0x00000000   Code   RO          417    .ARM.Collect$$libinit$$00000013  c_w.l(libinit2.o)
    0x08000204   0x08000204   0x0000000c   Code   RO          418    .ARM.Collect$$libinit$$00000014  c_w.l(libinit2.o)
    0x08000210   0x08000210   0x00000000   Code   RO          419    .ARM.Collect$$libinit$$00000015  c_w.l(libinit2.o)
    0x08000210   0x08000210   0x00000000   Code   RO          421    .ARM.Collect$$libinit$$00000017  c_w.l(libinit2.o)
    0x08000210   0x08000210   0x0000000a   Code   RO          422    .ARM.Collect$$libinit$$00000018  c_w.l(libinit2.o)
    0x0800021a   0x0800021a   0x00000000   Code   RO          423    .ARM.Collect$$libinit$$00000019  c_w.l(libinit2.o)
    0x0800021a   0x0800021a   0x00000000   Code   RO          425    .ARM.Collect$$libinit$$0000001B  c_w.l(libinit2.o)
    0x0800021a   0x0800021a   0x00000000   Code   RO          427    .ARM.Collect$$libinit$$0000001D  c_w.l(libinit2.o)
    0x0800021a   0x0800021a   0x00000000   Code   RO          429    .ARM.Collect$$libinit$$0000001F  c_w.l(libinit2.o)
    0x0800021a   0x0800021a   0x00000000   Code   RO          431    .ARM.Collect$$libinit$$00000021  c_w.l(libinit2.o)
    0x0800021a   0x0800021a   0x00000000   Code   RO          433    .ARM.Collect$$libinit$$00000023  c_w.l(libinit2.o)
    0x0800021a   0x0800021a   0x00000000   Code   RO          435    .ARM.Collect$$libinit$$00000025  c_w.l(libinit2.o)
    0x0800021a   0x0800021a   0x00000000   Code   RO          437    .ARM.Collect$$libinit$$00000027  c_w.l(libinit2.o)
    0x0800021a   0x0800021a   0x00000000   Code   RO          441    .ARM.Collect$$libinit$$0000002E  c_w.l(libinit2.o)
    0x0800021a   0x0800021a   0x00000000   Code   RO          443    .ARM.Collect$$libinit$$00000030  c_w.l(libinit2.o)
    0x0800021a   0x0800021a   0x00000000   Code   RO          445    .ARM.Collect$$libinit$$00000032  c_w.l(libinit2.o)
    0x0800021a   0x0800021a   0x00000000   Code   RO          447    .ARM.Collect$$libinit$$00000034  c_w.l(libinit2.o)
    0x0800021a   0x0800021a   0x00000002   Code   RO          448    .ARM.Collect$$libinit$$00000035  c_w.l(libinit2.o)
    0x0800021c   0x0800021c   0x00000002   Code   RO          655    .ARM.Collect$$libshutdown$$00000000  c_w.l(libshutdown.o)
    0x0800021e   0x0800021e   0x00000000   Code   RO          607    .ARM.Collect$$libshutdown$$00000002  c_w.l(libshutdown2.o)
    0x0800021e   0x0800021e   0x00000000   Code   RO          609    .ARM.Collect$$libshutdown$$00000004  c_w.l(libshutdown2.o)
    0x0800021e   0x0800021e   0x00000000   Code   RO          612    .ARM.Collect$$libshutdown$$00000007  c_w.l(libshutdown2.o)
    0x0800021e   0x0800021e   0x00000000   Code   RO          615    .ARM.Collect$$libshutdown$$0000000A  c_w.l(libshutdown2.o)
    0x0800021e   0x0800021e   0x00000000   Code   RO          617    .ARM.Collect$$libshutdown$$0000000C  c_w.l(libshutdown2.o)
    0x0800021e   0x0800021e   0x00000000   Code   RO          620    .ARM.Collect$$libshutdown$$0000000F  c_w.l(libshutdown2.o)
    0x0800021e   0x0800021e   0x00000002   Code   RO          621    .ARM.Collect$$libshutdown$$00000010  c_w.l(libshutdown2.o)
    0x08000220   0x08000220   0x00000000   Code   RO          283    .ARM.Collect$$rtentry$$00000000  c_w.l(__rtentry.o)
    0x08000220   0x08000220   0x00000000   Code   RO          466    .ARM.Collect$$rtentry$$00000002  c_w.l(__rtentry2.o)
    0x08000220   0x08000220   0x00000006   Code   RO          478    .ARM.Collect$$rtentry$$00000004  c_w.l(__rtentry4.o)
    0x08000226   0x08000226   0x00000000   Code   RO          468    .ARM.Collect$$rtentry$$00000009  c_w.l(__rtentry2.o)
    0x08000226   0x08000226   0x00000004   Code   RO          469    .ARM.Collect$$rtentry$$0000000A  c_w.l(__rtentry2.o)
    0x0800022a   0x0800022a   0x00000000   Code   RO          471    .ARM.Collect$$rtentry$$0000000C  c_w.l(__rtentry2.o)
    0x0800022a   0x0800022a   0x00000008   Code   RO          472    .ARM.Collect$$rtentry$$0000000D  c_w.l(__rtentry2.o)
    0x08000232   0x08000232   0x00000002   Code   RO          591    .ARM.Collect$$rtexit$$00000000  c_w.l(rtexit.o)
    0x08000234   0x08000234   0x00000000   Code   RO          627    .ARM.Collect$$rtexit$$00000002  c_w.l(rtexit2.o)
    0x08000234   0x08000234   0x00000004   Code   RO          628    .ARM.Collect$$rtexit$$00000003  c_w.l(rtexit2.o)
    0x08000238   0x08000238   0x00000006   Code   RO          629    .ARM.Collect$$rtexit$$00000004  c_w.l(rtexit2.o)
    0x0800023e   0x0800023e   0x00000002   PAD
    0x08000240   0x08000240   0x00000034   Code   RO          262    .emb_text           c_w.l(rand.o)
    0x08000274   0x08000274   0x00000040   Code   RO          173  * .text               startup_stm32f10x_md.o
    0x080002b4   0x080002b4   0x0000005e   Code   RO          202    .text               c_w.l(h1_alloc.o)
    0x08000312   0x08000312   0x0000004e   Code   RO          204    .text               c_w.l(h1_free.o)
    0x08000360   0x08000360   0x0000002c   Code   RO          260    .text               c_w.l(sprintf.o)
    0x0800038c   0x0800038c   0x0000003c   Code   RO          263    .text               c_w.l(rand.o)
    0x080003c8   0x080003c8   0x0000008a   Code   RO          267    .text               c_w.l(rt_memcpy_v6.o)
    0x08000452   0x08000452   0x00000002   PAD
    0x08000454   0x08000454   0x00000080   Code   RO          269    .text               c_w.l(strcmpv7m.o)
    0x080004d4   0x080004d4   0x00000006   Code   RO          271    .text               c_w.l(heapauxi.o)
    0x080004da   0x080004da   0x00000002   PAD
    0x080004dc   0x080004dc   0x00000008   Code   RO          287    .text               c_w.l(rt_heap_descriptor_intlibspace.o)
    0x080004e4   0x080004e4   0x00000004   Code   RO          289    .text               c_w.l(hguard.o)
    0x080004e8   0x080004e8   0x0000008a   Code   RO          291    .text               c_w.l(init_alloc.o)
    0x08000572   0x08000572   0x0000000e   Code   RO          295    .text               c_w.l(h1_init.o)
    0x08000580   0x08000580   0x0000004e   Code   RO          309    .text               c_w.l(_printf_pad.o)
    0x080005ce   0x080005ce   0x00000024   Code   RO          311    .text               c_w.l(_printf_truncate.o)
    0x080005f2   0x080005f2   0x00000052   Code   RO          313    .text               c_w.l(_printf_str.o)
    0x08000644   0x08000644   0x00000078   Code   RO          315    .text               c_w.l(_printf_dec.o)
    0x080006bc   0x080006bc   0x00000028   Code   RO          317    .text               c_w.l(_printf_charcount.o)
    0x080006e4   0x080006e4   0x00000030   Code   RO          319    .text               c_w.l(_printf_char_common.o)
    0x08000714   0x08000714   0x0000000a   Code   RO          321    .text               c_w.l(_sputc.o)
    0x0800071e   0x0800071e   0x00000002   PAD
    0x08000720   0x08000720   0x000000bc   Code   RO          323    .text               c_w.l(_printf_wctomb.o)
    0x080007dc   0x080007dc   0x0000007c   Code   RO          326    .text               c_w.l(_printf_longlong_dec.o)
    0x08000858   0x08000858   0x00000070   Code   RO          332    .text               c_w.l(_printf_oct_int_ll.o)
    0x080008c8   0x080008c8   0x00000094   Code   RO          352    .text               c_w.l(_printf_hex_int_ll_ptr.o)
    0x0800095c   0x0800095c   0x00000188   Code   RO          372    .text               c_w.l(__printf_flags_ss_wp.o)
    0x08000ae4   0x08000ae4   0x00000064   Code   RO          398    .text               c_w.l(rt_memcpy_w.o)
    0x08000b48   0x08000b48   0x00000008   Code   RO          462    .text               c_w.l(libspace.o)
    0x08000b50   0x08000b50   0x00000000   Code   RO          482    .text               c_w.l(maybetermalloc1.o)
    0x08000b50   0x08000b50   0x00000034   Code   RO          484    .text               c_w.l(h1_extend.o)
    0x08000b84   0x08000b84   0x0000008a   Code   RO          488    .text               c_w.l(lludiv10.o)
    0x08000c0e   0x08000c0e   0x000000b2   Code   RO          490    .text               c_w.l(_printf_intcommon.o)
    0x08000cc0   0x08000cc0   0x0000041c   Code   RO          492    .text               c_w.l(_printf_fp_dec.o)
    0x080010dc   0x080010dc   0x000002fc   Code   RO          496    .text               c_w.l(_printf_fp_hex.o)
    0x080013d8   0x080013d8   0x0000002c   Code   RO          501    .text               c_w.l(_printf_char.o)
    0x08001404   0x08001404   0x0000002c   Code   RO          503    .text               c_w.l(_printf_wchar.o)
    0x08001430   0x08001430   0x00000048   Code   RO          506    .text               c_w.l(_c16rtomb.o)
    0x08001478   0x08001478   0x0000000e   Code   RO          508    .text               c_w.l(defsig_rtmem_outer.o)
    0x08001486   0x08001486   0x00000002   Code   RO          519    .text               c_w.l(use_no_semi.o)
    0x08001488   0x08001488   0x00000000   Code   RO          521    .text               c_w.l(indicate_semi.o)
    0x08001488   0x08001488   0x0000004a   Code   RO          522    .text               c_w.l(sys_stackheap_outer.o)
    0x080014d2   0x080014d2   0x00000002   PAD
    0x080014d4   0x080014d4   0x00000010   Code   RO          524    .text               c_w.l(rt_ctype_table.o)
    0x080014e4   0x080014e4   0x00000008   Code   RO          531    .text               c_w.l(rt_locale_intlibspace.o)
    0x080014ec   0x080014ec   0x00000080   Code   RO          535    .text               c_w.l(_printf_fp_infnan.o)
    0x0800156c   0x0800156c   0x000000e4   Code   RO          537    .text               c_w.l(bigflt0.o)
    0x08001650   0x08001650   0x00000012   Code   RO          567    .text               c_w.l(exit.o)
    0x08001662   0x08001662   0x0000000a   Code   RO          569    .text               c_w.l(defsig_exit.o)
    0x0800166c   0x0800166c   0x00000050   Code   RO          571    .text               c_w.l(defsig_rtmem_inner.o)
    0x080016bc   0x080016bc   0x0000000c   Code   RO          587    .text               c_w.l(sys_exit.o)
    0x080016c8   0x080016c8   0x00000032   Code   RO          604    .text               c_w.l(defsig_general.o)
    0x080016fa   0x080016fa   0x0000000e   Code   RO          622    .text               c_w.l(sys_wrch.o)
    0x08001708   0x08001708   0x0000008c   Code   RO          160    .text.CLI_Receive   cli.o
    0x08001794   0x08001794   0x00000036   Code   RO          156    .text.CLI_Transmit  cli.o
    0x080017ca   0x080017ca   0x00000002   PAD
    0x080017cc   0x080017cc   0x00000008   Code   RO          182    .text.SetSysClock   system_stm32f10x.o
    0x080017d4   0x080017d4   0x00000122   Code   RO          186    .text.SetSysClockTo72  system_stm32f10x.o
    0x080018f6   0x080018f6   0x00000002   PAD
    0x080018f8   0x080018f8   0x00000066   Code   RO          180    .text.SystemInit    system_stm32f10x.o
    0x0800195e   0x0800195e   0x00000002   PAD
    0x08001960   0x08001960   0x00000010   Code   RO           94    .text.add32         time_ops.o
    0x08001970   0x08001970   0x0000001a   Code   RO           96    .text.add64         time_ops.o
    0x0800198a   0x0800198a   0x00000002   PAD
    0x0800198c   0x0800198c   0x0000002c   Code   RO           41    .text.assignRandomByte1024s  util.o
    0x080019b8   0x080019b8   0x0000002c   Code   RO           39    .text.assignRandomByte128s  util.o
    0x080019e4   0x080019e4   0x0000002c   Code   RO           37    .text.assignRandomByte8  util.o
    0x08001a10   0x08001a10   0x00000036   Code   RO           33    .text.assignRandomInt32s  util.o
    0x08001a46   0x08001a46   0x00000002   PAD
    0x08001a48   0x08001a48   0x00000042   Code   RO           35    .text.assignRandomInt64s  util.o
    0x08001a8a   0x08001a8a   0x00000002   PAD
    0x08001a8c   0x08001a8c   0x00000036   Code   RO          162    .text.clearScrean   cli.o
    0x08001ac2   0x08001ac2   0x00000002   PAD
    0x08001ac4   0x08001ac4   0x000000a4   Code   RO           45    .text.clockInit     util.o
    0x08001b68   0x08001b68   0x00000014   Code   RO          110    .text.copyByte1024  time_ops.o
    0x08001b7c   0x08001b7c   0x00000012   Code   RO          108    .text.copyByte128   time_ops.o
    0x08001b8e   0x08001b8e   0x00000002   PAD
    0x08001b90   0x08001b90   0x00000018   Code   RO          106    .text.copyByte8     time_ops.o
    0x08001ba8   0x08001ba8   0x00000026   Code   RO          102    .text.div32         time_ops.o
    0x08001bce   0x08001bce   0x00000002   PAD
    0x08001bd0   0x08001bd0   0x00000030   Code   RO          104    .text.div64         time_ops.o
    0x08001c00   0x08001c00   0x00000048   Code   RO           43    .text.getAverageTime  util.o
    0x08001c48   0x08001c48   0x0000002c   Code   RO          141    .text.getLEDStatus  led.o
    0x08001c74   0x08001c74   0x00000024   Code   RO          124    .text.getbyte       uart.o
    0x08001c98   0x08001c98   0x0000000c   Code   RO          150    .text.initCLI       cli.o
    0x08001ca4   0x08001ca4   0x0000002a   Code   RO          135    .text.initLED       led.o
    0x08001cce   0x08001cce   0x00000002   PAD
    0x08001cd0   0x08001cd0   0x0000003a   Code   RO           64    .text.main          main.o
    0x08001d0a   0x08001d0a   0x00000002   PAD
    0x08001d0c   0x08001d0c   0x00000010   Code   RO           98    .text.mult32        time_ops.o
    0x08001d1c   0x08001d1c   0x00000026   Code   RO          100    .text.mult64        time_ops.o
    0x08001d42   0x08001d42   0x00000002   PAD
    0x08001d44   0x08001d44   0x00000098   Code   RO           56    .text.parseReturnCommand  main.o
    0x08001ddc   0x08001ddc   0x00000042   Code   RO          154    .text.printScreen   cli.o
    0x08001e1e   0x08001e1e   0x00000002   PAD
    0x08001e20   0x08001e20   0x00000034   Code   RO          158    .text.printScreenOnLine  cli.o
    0x08001e54   0x08001e54   0x0000009c   Code   RO           58    .text.processCommand  main.o
    0x08001ef0   0x08001ef0   0x00000034   Code   RO           62    .text.readCommand   main.o
    0x08001f24   0x08001f24   0x0000008c   Code   RO          122    .text.sendbyte      uart.o
    0x08001fb0   0x08001fb0   0x0000009c   Code   RO          120    .text.serial_open   uart.o
    0x0800204c   0x0800204c   0x0000060a   Code   RO           60    .text.testAndPrintWithTimer  main.o
    0x08002656   0x08002656   0x00000002   PAD
    0x08002658   0x08002658   0x00000056   Code   RO            2    .text.timer_init    sttimer.o
    0x080026ae   0x080026ae   0x00000002   PAD
    0x080026b0   0x080026b0   0x0000000a   Code   RO            4    .text.timer_start   sttimer.o
    0x080026ba   0x080026ba   0x00000002   PAD
    0x080026bc   0x080026bc   0x0000004a   Code   RO            6    .text.timer_stop    sttimer.o
    0x08002706   0x08002706   0x00000002   PAD
    0x08002708   0x08002708   0x00000044   Code   RO           54    .text.toLowerCase   main.o
    0x0800274c   0x0800274c   0x00000012   Code   RO          139    .text.turnOffLED    led.o
    0x0800275e   0x0800275e   0x00000002   PAD
    0x08002760   0x08002760   0x00000012   Code   RO          137    .text.turnOnLED     led.o
    0x08002772   0x08002772   0x0000003e   Code   RO          540    CL$$btod_d2e        c_w.l(btod.o)
    0x080027b0   0x080027b0   0x00000046   Code   RO          542    CL$$btod_d2e_denorm_low  c_w.l(btod.o)
    0x080027f6   0x080027f6   0x00000060   Code   RO          541    CL$$btod_d2e_norm_op1  c_w.l(btod.o)
    0x08002856   0x08002856   0x00000002   PAD
    0x08002858   0x08002858   0x00000338   Code   RO          550    CL$$btod_div_common  c_w.l(btod.o)
    0x08002b90   0x08002b90   0x000000dc   Code   RO          547    CL$$btod_e2e        c_w.l(btod.o)
    0x08002c6c   0x08002c6c   0x0000002a   Code   RO          544    CL$$btod_ediv       c_w.l(btod.o)
    0x08002c96   0x08002c96   0x0000002a   Code   RO          543    CL$$btod_emul       c_w.l(btod.o)
    0x08002cc0   0x08002cc0   0x00000244   Code   RO          549    CL$$btod_mult_common  c_w.l(btod.o)
    0x08002f04   0x08002f04   0x00000028   Code   RO          585    i.__ARM_fpclassify  m_ws.l(fpclassify.o)
    0x08002f2c   0x08002f2c   0x0000000e   Code   RO          365    i._is_digit         c_w.l(__printf_wp.o)
    0x08002f3a   0x08002f3a   0x00000002   PAD
    0x08002f3c   0x08002f3c   0x0000002c   Code   RO          565    locale$$code        c_w.l(lc_numeric_c.o)
    0x08002f68   0x08002f68   0x0000002c   Code   RO          600    locale$$code        c_w.l(lc_ctype_c.o)
    0x08002f94   0x08002f94   0x0000002e   Code   RO          276    x$fpl$dflt          fz_ws.l(dflt_clz.o)
    0x08002fc2   0x08002fc2   0x00000004   Code   RO          449    x$fpl$printf1       fz_ws.l(printf1.o)
    0x08002fc6   0x08002fc6   0x00000004   Code   RO          451    x$fpl$printf2       fz_ws.l(printf2.o)
    0x08002fca   0x08002fca   0x00000000   Code   RO          457    x$fpl$usenofp       fz_ws.l(usenofp.o)
    0x08002fca   0x08002fca   0x00000002   PAD
    0x08002fcc   0x08002fcc   0x00000008   Data   RO          324    .constdata          c_w.l(_printf_wctomb.o)
    0x08002fd4   0x08002fd4   0x00000028   Data   RO          353    .constdata          c_w.l(_printf_hex_int_ll_ptr.o)
    0x08002ffc   0x08002ffc   0x00000011   Data   RO          373    .constdata          c_w.l(__printf_flags_ss_wp.o)
    0x0800300d   0x0800300d   0x00000026   Data   RO          497    .constdata          c_w.l(_printf_fp_hex.o)
    0x08003033   0x08003033   0x00000001   PAD
    0x08003034   0x08003034   0x00000094   Data   RO          538    .constdata          c_w.l(bigflt0.o)
    0x080030c8   0x080030c8   0x0000021d   Data   RO           68    .rodata.str1.1      main.o
    0x080032e5   0x080032e5   0x00000003   PAD
    0x080032e8   0x080032e8   0x00000020   Data   RO          657    Region$$Table       anon$$obj.o
    0x08003308   0x08003308   0x0000001c   Data   RO          564    locale$$data        c_w.l(lc_numeric_c.o)
    0x08003324   0x08003324   0x00000110   Data   RO          599    locale$$data        c_w.l(lc_ctype_c.o)


    Execution Region ER_RW (Exec base: 0x20000000, Load base: 0x08003434, Size: 0x0000001c, Max: 0xffffffff, ABSOLUTE)

    Exec Addr    Load Addr    Size         Type   Attr      Idx    E Section Name        Object

    0x20000000   0x08003434   0x00000004   Data   RW           70    .data.HELP_TEXT     main.o
    0x20000004   0x08003438   0x00000004   Data   RW           72    .data.LED_OFF_STATUS_TEXT  main.o
    0x20000008   0x0800343c   0x00000004   Data   RW           71    .data.LED_ON_STATUS_TEXT  main.o
    0x2000000c   0x08003440   0x00000004   Data   RW           74    .data.TURN_OFF_LED_TEXT  main.o
    0x20000010   0x08003444   0x00000004   Data   RW           73    .data.TURN_ON_LED_TEXT  main.o
    0x20000014   0x08003448   0x00000004   Data   RW           75    .data.UNKNOWN_COMMAND_ERROR  main.o
    0x20000018   0x0800344c   0x00000004   Data   RW           69    .data.USER_PROMPT   main.o


    Execution Region ER_ZI (Exec base: 0x20000020, Load base: 0x08003450, Size: 0x00000de8, Max: 0xffffffff, ABSOLUTE)

    Exec Addr    Load Addr    Size         Type   Attr      Idx    E Section Name        Object

    0x20000020        -       0x000000e4   Zero   RW          264    .bss                c_w.l(rand.o)
    0x20000104        -       0x00000060   Zero   RW          463    .bss                c_w.l(libspace.o)
    0x20000164        -       0x00000400   Zero   RW           85    .bss.testAndPrintWithTimer.testByte1024  main.o
    0x20000564        -       0x00000080   Zero   RW           84    .bss.testAndPrintWithTimer.testByte128  main.o
    0x200005e4        -       0x00000008   Zero   RW           83    .bss.testAndPrintWithTimer.testByte8  main.o
    0x200005ec        -       0x00000008   Zero   RW           81    .bss.testAndPrintWithTimer.testInt32s  main.o
    0x200005f4   0x08003450   0x00000004   PAD
    0x200005f8        -       0x00000010   Zero   RW           82    .bss.testAndPrintWithTimer.testInt64s  main.o
    0x20000608        -       0x00000400   Zero   RW          171    HEAP                startup_stm32f10x_md.o
    0x20000a08        -       0x00000400   Zero   RW          170    STACK               startup_stm32f10x_md.o


==============================================================================

Image component sizes


      Code (inc. data)   RO Data    RW Data    ZI Data      Debug   Object Name

       378          0          0          0          0       1567   cli.o
       122          0          0          0          0       1341   led.o
      2032          6        541         28       1184       4939   main.o
        64         26        236          0       2048        824   startup_stm32f10x_md.o
       170          0          0          0          0       2198   sttimer.o
       400          0          0          0          0       2881   system_stm32f10x.o
       244          0          0          0          0       1959   time_ops.o
       332          0          0          0          0       1905   uart.o
       488          0          0          0          0       4258   util.o

    ----------------------------------------------------------------------
      4266         32        812         28       3236      21872   Object Totals
         0          0         32          0          0          0   (incl. Generated)
        36          0          3          0          4          0   (incl. Padding)

    ----------------------------------------------------------------------

      Code (inc. data)   RO Data    RW Data    ZI Data      Debug   Library Member Name

         8          0          0          0          0         68   __main.o
       392          4         17          0          0         92   __printf_flags_ss_wp.o
        14          0          0          0          0         68   __printf_wp.o
         0          0          0          0          0          0   __rtentry.o
        12          0          0          0          0          0   __rtentry2.o
         6          0          0          0          0          0   __rtentry4.o
        52          8          0          0          0          0   __scatter.o
        26          0          0          0          0          0   __scatter_copy.o
        28          0          0          0          0          0   __scatter_zi.o
        72          0          0          0          0         96   _c16rtomb.o
         6          0          0          0          0          0   _printf_a.o
         6          0          0          0          0          0   _printf_c.o
        44          0          0          0          0        108   _printf_char.o
        48          6          0          0          0         96   _printf_char_common.o
        40          0          0          0          0         68   _printf_charcount.o
         6          0          0          0          0          0   _printf_d.o
       120         16          0          0          0         92   _printf_dec.o
         6          0          0          0          0          0   _printf_e.o
         6          0          0          0          0          0   _printf_f.o
      1052          0          0          0          0        148   _printf_fp_dec.o
       764          8         38          0          0        100   _printf_fp_hex.o
       128         16          0          0          0         84   _printf_fp_infnan.o
         6          0          0          0          0          0   _printf_g.o
       148          4         40          0          0        160   _printf_hex_int_ll_ptr.o
         6          0          0          0          0          0   _printf_i.o
       178          0          0          0          0         88   _printf_intcommon.o
        10          0          0          0          0          0   _printf_l.o
         6          0          0          0          0          0   _printf_lc.o
        10          0          0          0          0          0   _printf_ll.o
         6          0          0          0          0          0   _printf_lld.o
         6          0          0          0          0          0   _printf_lli.o
         6          0          0          0          0          0   _printf_llo.o
         6          0          0          0          0          0   _printf_llu.o
         6          0          0          0          0          0   _printf_llx.o
       124         16          0          0          0         92   _printf_longlong_dec.o
         6          0          0          0          0          0   _printf_ls.o
         6          0          0          0          0          0   _printf_n.o
         6          0          0          0          0          0   _printf_o.o
       112          8          0          0          0        124   _printf_oct_int_ll.o
         6          0          0          0          0          0   _printf_p.o
        78          0          0          0          0        108   _printf_pad.o
         0          0          0          0          0          0   _printf_percent.o
         4          0          0          0          0          0   _printf_percent_end.o
         6          0          0          0          0          0   _printf_s.o
        82          0          0          0          0         80   _printf_str.o
        36          0          0          0          0         84   _printf_truncate.o
         6          0          0          0          0          0   _printf_u.o
        44          0          0          0          0        108   _printf_wchar.o
       188          6          8          0          0         92   _printf_wctomb.o
         6          0          0          0          0          0   _printf_x.o
        10          0          0          0          0         68   _sputc.o
       228          4        148          0          0         96   bigflt0.o
      1936        128          0          0          0        668   btod.o
        10          0          0          0          0         68   defsig_exit.o
        50          0          0          0          0         88   defsig_general.o
        80         58          0          0          0         76   defsig_rtmem_inner.o
        14          0          0          0          0         80   defsig_rtmem_outer.o
        18          0          0          0          0         80   exit.o
        94          0          0          0          0         80   h1_alloc.o
        52          0          0          0          0         68   h1_extend.o
        78          0          0          0          0         80   h1_free.o
        14          0          0          0          0         84   h1_init.o
         6          0          0          0          0        152   heapauxi.o
         4          0          0          0          0        136   hguard.o
         0          0          0          0          0          0   indicate_semi.o
       138          0          0          0          0        168   init_alloc.o
        44         10        272          0          0         76   lc_ctype_c.o
        44         10         28          0          0         76   lc_numeric_c.o
         2          0          0          0          0          0   libinit.o
        42          0          0          0          0          0   libinit2.o
         2          0          0          0          0          0   libshutdown.o
         2          0          0          0          0          0   libshutdown2.o
         8          4          0          0         96         68   libspace.o
       138          0          0          0          0         80   lludiv10.o
         0          0          0          0          0          0   maybetermalloc1.o
       112         18          0          0        228        160   rand.o
        16          4          0          0          0         76   rt_ctype_table.o
         8          4          0          0          0         68   rt_heap_descriptor_intlibspace.o
         8          4          0          0          0         68   rt_locale_intlibspace.o
       138          0          0          0          0         68   rt_memcpy_v6.o
       100          0          0          0          0         80   rt_memcpy_w.o
         2          0          0          0          0          0   rtexit.o
        10          0          0          0          0          0   rtexit2.o
        44          6          0          0          0         84   sprintf.o
       128          0          0          0          0         68   strcmpv7m.o
        12          4          0          0          0         68   sys_exit.o
        74          0          0          0          0         80   sys_stackheap_outer.o
        14          0          0          0          0         76   sys_wrch.o
         2          0          0          0          0         68   use_no_semi.o
        46          0          0          0          0         68   dflt_clz.o
         4          0          0          0          0         68   printf1.o
         4          0          0          0          0         68   printf2.o
         0          0          0          0          0          0   usenofp.o
        40          0          0          0          0         68   fpclassify.o

    ----------------------------------------------------------------------
      7734        346        552          0        324       5484   Library Totals
        18          0          1          0          0          0   (incl. Padding)

    ----------------------------------------------------------------------

      Code (inc. data)   RO Data    RW Data    ZI Data      Debug   Library Name

      7622        346        551          0        324       5212   c_w.l
        54          0          0          0          0        204   fz_ws.l
        40          0          0          0          0         68   m_ws.l

    ----------------------------------------------------------------------
      7734        346        552          0        324       5484   Library Totals

    ----------------------------------------------------------------------

==============================================================================


      Code (inc. data)   RO Data    RW Data    ZI Data      Debug   

     12000        378       1364         28       3560      24144   Grand Totals
     12000        378       1364         28       3560      24144   ELF Image Totals
     12000        378       1364         28          0          0   ROM Totals

==============================================================================

    Total RO  Size (Code + RO Data)                13364 (  13.05kB)
    Total RW  Size (RW Data + ZI Data)              3588 (   3.50kB)
    Total ROM Size (Code + RO Data + RW Data)      13392 (  13.08kB)

==============================================================================

