Component: Arm Compiler for Embedded 6.18 Tool: armlink [5e4cc100]

==============================================================================

Section Cross References

    sttimer.o(.ARM.exidx.text.timer_init) refers to sttimer.o(.text.timer_init) for [Anonymous Symbol]
    sttimer.o(.ARM.exidx.text.timer_start) refers to sttimer.o(.text.timer_start) for [Anonymous Symbol]
    sttimer.o(.ARM.exidx.text.timer_stop) refers to sttimer.o(.text.timer_stop) for [Anonymous Symbol]
    sttimer.o(.ARM.exidx.text.timer_shutdown) refers to sttimer.o(.text.timer_shutdown) for [Anonymous Symbol]
    util.o(.text.getRandomInt32s) refers to rand.o(.text) for srand
    util.o(.text.getRandomInt32s) refers to rand.o(.emb_text) for rand
    util.o(.ARM.exidx.text.getRandomInt32s) refers to util.o(.text.getRandomInt32s) for [Anonymous Symbol]
    util.o(.text.getRandomInt64s) refers to rand.o(.text) for srand
    util.o(.text.getRandomInt64s) refers to rand.o(.emb_text) for rand
    util.o(.ARM.exidx.text.getRandomInt64s) refers to util.o(.text.getRandomInt64s) for [Anonymous Symbol]
    util.o(.text.getRandomByte8s) refers to rand.o(.text) for srand
    util.o(.text.getRandomByte8s) refers to rand.o(.emb_text) for rand
    util.o(.ARM.exidx.text.getRandomByte8s) refers to util.o(.text.getRandomByte8s) for [Anonymous Symbol]
    util.o(.text.getRandomByte128s) refers to rand.o(.text) for srand
    util.o(.text.getRandomByte128s) refers to rand.o(.emb_text) for rand
    util.o(.ARM.exidx.text.getRandomByte128s) refers to util.o(.text.getRandomByte128s) for [Anonymous Symbol]
    util.o(.text.getRandomByte1024s) refers to rand.o(.text) for srand
    util.o(.text.getRandomByte1024s) refers to rand.o(.emb_text) for rand
    util.o(.ARM.exidx.text.getRandomByte1024s) refers to util.o(.text.getRandomByte1024s) for [Anonymous Symbol]
    util.o(.text.allocByte8) refers to h1_alloc.o(.text) for malloc
    util.o(.text.allocByte8) refers to rand.o(.emb_text) for rand
    util.o(.ARM.exidx.text.allocByte8) refers to util.o(.text.allocByte8) for [Anonymous Symbol]
    util.o(.text.allocByte128) refers to h1_alloc.o(.text) for malloc
    util.o(.text.allocByte128) refers to rand.o(.emb_text) for rand
    util.o(.ARM.exidx.text.allocByte128) refers to util.o(.text.allocByte128) for [Anonymous Symbol]
    util.o(.text.allocByte1024) refers to h1_alloc.o(.text) for malloc
    util.o(.text.allocByte1024) refers to rand.o(.emb_text) for rand
    util.o(.ARM.exidx.text.allocByte1024) refers to util.o(.text.allocByte1024) for [Anonymous Symbol]
    util.o(.text.assignRandomInt32s) refers to rand.o(.emb_text) for rand
    util.o(.ARM.exidx.text.assignRandomInt32s) refers to util.o(.text.assignRandomInt32s) for [Anonymous Symbol]
    util.o(.text.assignRandomInt64s) refers to rand.o(.emb_text) for rand
    util.o(.ARM.exidx.text.assignRandomInt64s) refers to util.o(.text.assignRandomInt64s) for [Anonymous Symbol]
    util.o(.text.assignRandomByte8) refers to rand.o(.emb_text) for rand
    util.o(.ARM.exidx.text.assignRandomByte8) refers to util.o(.text.assignRandomByte8) for [Anonymous Symbol]
    util.o(.text.assignRandomByte128s) refers to rand.o(.emb_text) for rand
    util.o(.ARM.exidx.text.assignRandomByte128s) refers to util.o(.text.assignRandomByte128s) for [Anonymous Symbol]
    util.o(.text.assignRandomByte1024s) refers to rand.o(.emb_text) for rand
    util.o(.ARM.exidx.text.assignRandomByte1024s) refers to util.o(.text.assignRandomByte1024s) for [Anonymous Symbol]
    util.o(.text.getAverageTime) refers to dflt_clz.o(x$fpl$dfltu) for __aeabi_ui2d
    util.o(.text.getAverageTime) refers to daddsub_clz.o(x$fpl$dadd) for __aeabi_dadd
    util.o(.text.getAverageTime) refers to ddiv.o(x$fpl$ddiv) for __aeabi_ddiv
    util.o(.ARM.exidx.text.getAverageTime) refers to util.o(.text.getAverageTime) for [Anonymous Symbol]
    util.o(.text.assignRandomDoubles) refers to rand.o(.emb_text) for rand
    util.o(.text.assignRandomDoubles) refers to dfltll_clz.o(x$fpl$dfltull) for __aeabi_ul2d
    util.o(.ARM.exidx.text.assignRandomDoubles) refers to util.o(.text.assignRandomDoubles) for [Anonymous Symbol]
    util.o(.ARM.exidx.text.clockInit) refers to util.o(.text.clockInit) for [Anonymous Symbol]
    main.o(.text) refers (Special) to _printf_percent.o(.ARM.Collect$$_printf_percent$$00000000) for _printf_percent
    main.o(.text) refers (Special) to _printf_f.o(.ARM.Collect$$_printf_percent$$00000003) for _printf_f
    main.o(.text) refers (Special) to printf1.o(x$fpl$printf1) for _printf_fp_dec
    main.o(.text.toLowerCase) refers (Special) to _printf_percent.o(.ARM.Collect$$_printf_percent$$00000000) for _printf_percent
    main.o(.text.toLowerCase) refers (Special) to _printf_f.o(.ARM.Collect$$_printf_percent$$00000003) for _printf_f
    main.o(.text.toLowerCase) refers (Special) to printf1.o(x$fpl$printf1) for _printf_fp_dec
[...]
    libinit.o(.ARM.Collect$$libinit$$00000000) refers (Special) to libinit2.o(.ARM.Collect$$libinit$$00000002) for __rt_lib_init_fp_1
    libinit.o(.ARM.Collect$$libinit$$00000000) refers (Special) to libinit2.o(.ARM.Collect$$libinit$$00000021) for __rt_lib_init_fp_trap_1
    libinit.o(.ARM.Collect$$libinit$$00000000) refers (Special) to libinit2.o(.ARM.Collect$$libinit$$00000025) for __rt_lib_init_getenv_1
    libinit.o(.ARM.Collect$$libinit$$00000000) refers (Special) to libinit2.o(.ARM.Collect$$libinit$$0000000C) for __rt_lib_init_heap_1
    libinit.o(.ARM.Collect$$libinit$$00000000) refers (Special) to libinit2.o(.ARM.Collect$$libinit$$00000013) for __rt_lib_init_lc_collate_1
    libinit.o(.ARM.Collect$$libinit$$00000000) refers (Special) to libinit2.o(.ARM.Collect$$libinit$$00000015) for __rt_lib_init_lc_ctype_1
    libinit.o(.ARM.Collect$$libinit$$00000000) refers (Special) to libinit2.o(.ARM.Collect$$libinit$$00000017) for __rt_lib_init_lc_monetary_1
    libinit.o(.ARM.Collect$$libinit$$00000000) refers (Special) to libinit2.o(.ARM.Collect$$libinit$$00000019) for __rt_lib_init_lc_numeric_1
    libinit.o(.ARM.Collect$$libinit$$00000000) refers (Special) to libinit2.o(.ARM.Collect$$libinit$$0000001B) for __rt_lib_init_lc_time_1
    libinit.o(.ARM.Collect$$libinit$$00000000) refers (Special) to libinit2.o(.ARM.Collect$$libinit$$00000006) for __rt_lib_init_preinit_1
    libinit.o(.ARM.Collect$$libinit$$00000000) refers (Special) to libinit2.o(.ARM.Collect$$libinit$$00000010) for __rt_lib_init_rand_1
    libinit.o(.ARM.Collect$$libinit$$00000000) refers (Special) to libinit2.o(.ARM.Collect$$libinit$$00000004) for __rt_lib_init_relocate_pie_1
    libinit.o(.ARM.Collect$$libinit$$00000000) refers (Special) to libinit2.o(.ARM.Collect$$libinit$$00000035) for __rt_lib_init_return
    libinit.o(.ARM.Collect$$libinit$$00000000) refers (Special) to libinit2.o(.ARM.Collect$$libinit$$0000001F) for __rt_lib_init_signal_1
    libinit.o(.ARM.Collect$$libinit$$00000000) refers (Special) to libinit2.o(.ARM.Collect$$libinit$$00000027) for __rt_lib_init_stdio_1
    libinit.o(.ARM.Collect$$libinit$$00000000) refers (Special) to libinit2.o(.ARM.Collect$$libinit$$0000000E) for __rt_lib_init_user_alloc_1
    sys_exit.o(.text) refers (Special) to use_no_semi.o(.text) for __I$use$semihosting
    sys_exit.o(.text) refers (Special) to indicate_semi.o(.text) for __semihosting_library_function
    sys_exit_hlt.o(.text) refers (Special) to use_no_semi.o(.text) for __I$use$semihosting
    sys_exit_hlt.o(.text) refers (Special) to indicate_semi.o(.text) for __semihosting_library_function
    rtexit.o(.ARM.Collect$$rtexit$$00000000) refers (Special) to rtexit2.o(.ARM.Collect$$rtexit$$00000004) for __rt_exit_exit
    rtexit.o(.ARM.Collect$$rtexit$$00000000) refers (Special) to rtexit2.o(.ARM.Collect$$rtexit$$00000003) for __rt_exit_ls
    rtexit.o(.ARM.Collect$$rtexit$$00000000) refers (Special) to rtexit2.o(.ARM.Collect$$rtexit$$00000002) for __rt_exit_prels_1
    rtexit.o(.ARM.exidx) refers (Special) to rtexit2.o(.ARM.Collect$$rtexit$$00000004) for __rt_exit_exit
    rtexit.o(.ARM.exidx) refers (Special) to rtexit2.o(.ARM.Collect$$rtexit$$00000003) for __rt_exit_ls
    rtexit.o(.ARM.exidx) refers (Special) to rtexit2.o(.ARM.Collect$$rtexit$$00000002) for __rt_exit_prels_1
    rtexit.o(.ARM.exidx) refers to rtexit.o(.ARM.Collect$$rtexit$$00000000) for .ARM.Collect$$rtexit$$00000000
    __raise.o(.text) refers to defsig.o(CL$$defsig) for __default_signal_handler
    defsig_general.o(.text) refers to sys_wrch.o(.text) for _ttywrch
    libshutdown2.o(.ARM.Collect$$libshutdown$$0000000D) refers (Weak) to term_alloc.o(.text) for _terminate_alloc
    sys_wrch.o(.text) refers (Special) to use_no_semi.o(.text) for __I$use$semihosting
    sys_wrch.o(.text) refers (Special) to indicate_semi.o(.text) for __semihosting_library_function
    sys_wrch_hlt.o(.text) refers (Special) to use_no_semi.o(.text) for __I$use$semihosting
    sys_wrch_hlt.o(.text) refers (Special) to indicate_semi.o(.text) for __semihosting_library_function
    rtexit2.o(.ARM.Collect$$rtexit$$00000003) refers to libshutdown.o(.ARM.Collect$$libshutdown$$00000000) for __rt_lib_shutdown
    rtexit2.o(.ARM.Collect$$rtexit$$00000004) refers to sys_exit.o(.text) for _sys_exit
    rtexit2.o(.ARM.exidx) refers to rtexit2.o(.ARM.Collect$$rtexit$$00000001) for .ARM.Collect$$rtexit$$00000001
    rtexit2.o(.ARM.exidx) refers to rtexit2.o(.ARM.Collect$$rtexit$$00000003) for .ARM.Collect$$rtexit$$00000003
    rtexit2.o(.ARM.exidx) refers to rtexit2.o(.ARM.Collect$$rtexit$$00000004) for .ARM.Collect$$rtexit$$00000004
    defsig.o(CL$$defsig) refers to defsig_rtmem_inner.o(.text) for __rt_SIGRTMEM_inner
    defsig_abrt_inner.o(.text) refers to defsig_general.o(.text) for __default_signal_display
    defsig_fpe_inner.o(.text) refers to defsig_general.o(.text) for __default_signal_display
    defsig_rtred_inner.o(.text) refers to defsig_general.o(.text) for __default_signal_display
    defsig_stak_inner.o(.text) refers to defsig_general.o(.text) for __default_signal_display
    defsig_pvfn_inner.o(.text) refers to defsig_general.o(.text) for __default_signal_display
    defsig_cppl_inner.o(.text) refers to defsig_general.o(.text) for __default_signal_display
    defsig_segv_inner.o(.text) refers to defsig_general.o(.text) for __default_signal_display
    defsig_other.o(.text) refers to defsig_general.o(.text) for __default_signal_display
    libshutdown.o(.ARM.Collect$$libshutdown$$00000000) refers (Special) to libshutdown2.o(.ARM.Collect$$libshutdown$$00000002) for __rt_lib_shutdown_cpp_1
    libshutdown.o(.ARM.Collect$$libshutdown$$00000000) refers (Special) to libshutdown2.o(.ARM.Collect$$libshutdown$$00000007) for __rt_lib_shutdown_fp_trap_1
    libshutdown.o(.ARM.Collect$$libshutdown$$00000000) refers (Special) to libshutdown2.o(.ARM.Collect$$libshutdown$$0000000F) for __rt_lib_shutdown_heap_1
    libshutdown.o(.ARM.Collect$$libshutdown$$00000000) refers (Special) to libshutdown2.o(.ARM.Collect$$libshutdown$$00000010) for __rt_lib_shutdown_return
    libshutdown.o(.ARM.Collect$$libshutdown$$00000000) refers (Special) to libshutdown2.o(.ARM.Collect$$libshutdown$$0000000A) for __rt_lib_shutdown_signal_1
    libshutdown.o(.ARM.Collect$$libshutdown$$00000000) refers (Special) to libshutdown2.o(.ARM.Collect$$libshutdown$$00000004) for __rt_lib_shutdown_stdio_1
    libshutdown.o(.ARM.Collect$$libshutdown$$00000000) refers (Special) to libshutdown2.o(.ARM.Collect$$libshutdown$$0000000C) for __rt_lib_shutdown_user_alloc_1


==============================================================================

Removing Unused input sections from the image.

    Removing sttimer.o(.text), (0 bytes).
    Removing sttimer.o(.ARM.exidx.text.timer_init), (8 bytes).
    Removing sttimer.o(.ARM.exidx.text.timer_start), (8 bytes).
    Removing sttimer.o(.ARM.exidx.text.timer_stop), (8 bytes).
    Removing sttimer.o(.text.timer_shutdown), (14 bytes).
    Removing sttimer.o(.ARM.exidx.text.timer_shutdown), (8 bytes).
    Removing util.o(.text), (0 bytes).
    Removing util.o(.text.getRandomInt32s), (26 bytes).
    Removing util.o(.ARM.exidx.text.getRandomInt32s), (8 bytes).
    Removing util.o(.text.getRandomInt64s), (26 bytes).
    Removing util.o(.ARM.exidx.text.getRandomInt64s), (8 bytes).
    Removing util.o(.text.getRandomByte8s), (54 bytes).
    Removing util.o(.ARM.exidx.text.getRandomByte8s), (8 bytes).
    Removing util.o(.text.getRandomByte128s), (30 bytes).
    Removing util.o(.ARM.exidx.text.getRandomByte128s), (8 bytes).
    Removing util.o(.text.getRandomByte1024s), (30 bytes).
    Removing util.o(.ARM.exidx.text.getRandomByte1024s), (8 bytes).
    Removing util.o(.text.allocByte8), (64 bytes).
    Removing util.o(.ARM.exidx.text.allocByte8), (8 bytes).
    Removing util.o(.text.allocByte128), (32 bytes).
    Removing util.o(.ARM.exidx.text.allocByte128), (8 bytes).
    Removing util.o(.text.allocByte1024), (36 bytes).
    Removing util.o(.ARM.exidx.text.allocByte1024), (8 bytes).
    Removing util.o(.text.assignRandomInt32s), (26 bytes).
    Removing util.o(.ARM.exidx.text.assignRandomInt32s), (8 bytes).
    Removing util.o(.text.assignRandomInt64s), (34 bytes).
    Removing util.o(.ARM.exidx.text.assignRandomInt64s), (8 bytes).
    Removing util.o(.text.assignRandomByte8), (22 bytes).
    Removing util.o(.ARM.exidx.text.assignRandomByte8), (8 bytes).
    Removing util.o(.text.assignRandomByte128s), (22 bytes).
    Removing util.o(.ARM.exidx.text.assignRandomByte128s), (8 bytes).
    Removing util.o(.text.assignRandomByte1024s), (22 bytes).
    Removing util.o(.ARM.exidx.text.assignRandomByte1024s), (8 bytes).
    Removing util.o(.ARM.exidx.text.getAverageTime), (8 bytes).
    Removing util.o(.ARM.exidx.text.assignRandomDoubles), (8 bytes).
    Removing util.o(.ARM.exidx.text.clockInit), (8 bytes).
    Removing main.o(.text), (0 bytes).
    Removing main.o(.text.toLowerCase), (88 bytes).
    Removing main.o(.ARM.exidx.text.toLowerCase), (8 bytes).
    Removing main.o(.text.parseReturnCommand), (112 bytes).
    Removing main.o(.ARM.exidx.text.parseReturnCommand), (8 bytes).
    Removing main.o(.text.processCommand), (144 bytes).
    Removing main.o(.ARM.exidx.text.processCommand), (8 bytes).
    Removing main.o(.ARM.exidx.text.testAndPrintWithTimer), (8 bytes).
    Removing main.o(.text.readCommand), (240 bytes).
    Removing main.o(.ARM.exidx.text.readCommand), (8 bytes).
    Removing main.o(.ARM.exidx.text.main), (8 bytes).
    Removing main.o(.text.testWithTimer), (186 bytes).
    Removing main.o(.ARM.exidx.text.testWithTimer), (8 bytes).
    Removing main.o(.bss.testWithTimer.testDouble), (8 bytes).
    Removing main.o(.ARM.use_no_argv), (4 bytes).
    Removing time_ops.o(.text), (0 bytes).
    Removing time_ops.o(.ARM.exidx.text.sin_horner), (8 bytes).
    Removing time_ops.o(.ARM.exidx.text.cos_horner), (8 bytes).
    Removing time_ops.o(.rodata.ROOT_3), (8 bytes).
    Removing time_ops.o(.rodata.SIN_30), (8 bytes).
    Removing time_ops.o(.rodata.COS_30), (8 bytes).
    Removing time_ops.o(.rodata.PI), (8 bytes).
    Removing time_ops.o(.rodata.PI_OVER_6), (8 bytes).
    Removing uart.o(.text), (0 bytes).
    Removing uart.o(.ARM.exidx.text.serial_open), (8 bytes).
    Removing uart.o(.ARM.exidx.text.sendbyte), (8 bytes).
    Removing uart.o(.ARM.exidx.text.getbyte), (8 bytes).
    Removing uart.o(.text.serial_close), (50 bytes).
    Removing uart.o(.ARM.exidx.text.serial_close), (8 bytes).
    Removing led.o(.text), (0 bytes).
    Removing led.o(.ARM.exidx.text.initLED), (8 bytes).
    Removing led.o(.ARM.exidx.text.turnOnLED), (8 bytes).
    Removing led.o(.ARM.exidx.text.turnOffLED), (8 bytes).
    Removing led.o(.ARM.exidx.text.getLEDStatus), (8 bytes).
    Removing cli.o(.text), (0 bytes).
    Removing cli.o(.ARM.exidx.text.initCLI), (8 bytes).
    Removing cli.o(.text.closeCLI), (4 bytes).
    Removing cli.o(.ARM.exidx.text.closeCLI), (8 bytes).
    Removing cli.o(.ARM.exidx.text.printScreen), (8 bytes).
    Removing cli.o(.text.CLI_Transmit), (26 bytes).
    Removing cli.o(.ARM.exidx.text.CLI_Transmit), (8 bytes).
    Removing cli.o(.ARM.exidx.text.printScreenOnLine), (8 bytes).
    Removing cli.o(.ARM.exidx.text.CLI_Receive), (8 bytes).
    Removing cli.o(.ARM.exidx.text.clearScrean), (8 bytes).
    Removing system_stm32f10x.o(.text), (0 bytes).
    Removing system_stm32f10x.o(.ARM.exidx.text.SystemInit), (8 bytes).
    Removing system_stm32f10x.o(.text.SystemCoreClockUpdate), (112 bytes).
    Removing system_stm32f10x.o(.ARM.exidx.text.SystemCoreClockUpdate), (8 bytes).
    Removing system_stm32f10x.o(.data.SystemCoreClock), (4 bytes).
    Removing system_stm32f10x.o(.rodata.AHBPrescTable), (16 bytes).

86 unused section(s) (total 1840 bytes) removed from the image.

==============================================================================

Image Symbol Table

    Local Symbols

    Symbol Name                              Value     Ov Type        Size  Object(Section)

    ../clib/angel/boardlib.s                 0x00000000   Number         0  boardinit1.o ABSOLUTE
    ../clib/angel/boardlib.s                 0x00000000   Number         0  boardinit2.o ABSOLUTE
    ../clib/angel/boardlib.s                 0x00000000   Number         0  boardinit3.o ABSOLUTE
    ../clib/angel/boardlib.s                 0x00000000   Number         0  boardshut.o ABSOLUTE
    ../clib/angel/handlers.s                 0x00000000   Number         0  __scatter_copy.o ABSOLUTE
    ../clib/angel/handlers.s                 0x00000000   Number         0  __scatter_zi.o ABSOLUTE
    ../clib/angel/kernel.s                   0x00000000   Number         0  __rtentry.o ABSOLUTE
    ../clib/angel/kernel.s                   0x00000000   Number         0  __rtentry2.o ABSOLUTE
    ../clib/angel/kernel.s                   0x00000000   Number         0  __rtentry4.o ABSOLUTE
    ../clib/angel/kernel.s                   0x00000000   Number         0  rtexit.o ABSOLUTE
    ../clib/angel/kernel.s                   0x00000000   Number         0  rtexit2.o ABSOLUTE
    ../clib/angel/rt.s                       0x00000000   Number         0  rt_heap_descriptor.o ABSOLUTE
    ../clib/angel/rt.s                       0x00000000   Number         0  rt_heap_descriptor_intlibspace.o ABSOLUTE
    ../clib/angel/rt.s                       0x00000000   Number         0  rt_locale.o ABSOLUTE
    ../clib/angel/rt.s                       0x00000000   Number         0  rt_locale_intlibspace.o ABSOLUTE
    ../clib/angel/rt.s                       0x00000000   Number         0  rt_raise.o ABSOLUTE
    ../clib/angel/scatter.s                  0x00000000   Number         0  __scatter.o ABSOLUTE
    ../clib/angel/startup.s                  0x00000000   Number         0  __main.o ABSOLUTE
    ../clib/angel/sys.s                      0x00000000   Number         0  mutex_dummy.o ABSOLUTE
    ../clib/angel/sys.s                      0x00000000   Number         0  libspace.o ABSOLUTE
    ../clib/angel/sys.s                      0x00000000   Number         0  use_no_semi.o ABSOLUTE
    ../clib/angel/sys.s                      0x00000000   Number         0  indicate_semi.o ABSOLUTE
    ../clib/angel/sys.s                      0x00000000   Number         0  sys_stackheap_outer.o ABSOLUTE
    ../clib/angel/sysapp.c                   0x00000000   Number         0  sys_command.o ABSOLUTE
    ../clib/angel/sysapp.c                   0x00000000   Number         0  sys_command_hlt.o ABSOLUTE
    ../clib/angel/sysapp.c                   0x00000000   Number         0  sys_exit.o ABSOLUTE
    ../clib/angel/sysapp.c                   0x00000000   Number         0  sys_exit_hlt.o ABSOLUTE
    ../clib/angel/sysapp.c                   0x00000000   Number         0  sys_wrch.o ABSOLUTE
    ../clib/angel/sysapp.c                   0x00000000   Number         0  sys_wrch_hlt.o ABSOLUTE
    ../clib/armsys.c                         0x00000000   Number         0  _get_argv.o ABSOLUTE
    ../clib/armsys.c                         0x00000000   Number         0  argv_veneer.o ABSOLUTE
    ../clib/armsys.c                         0x00000000   Number         0  argv_veneer.o ABSOLUTE
    ../clib/armsys.c                         0x00000000   Number         0  _get_argv_nomalloc.o ABSOLUTE
    ../clib/armsys.c                         0x00000000   Number         0  no_argv.o ABSOLUTE
    ../clib/bigflt.c                         0x00000000   Number         0  bigflt0.o ABSOLUTE
    ../clib/btod.s                           0x00000000   Number         0  btod.o ABSOLUTE
    ../clib/btod_accurate.c                  0x00000000   Number         0  btod_accurate.o ABSOLUTE
    ../clib/btod_accurate.c                  0x00000000   Number         0  btod_accurate_common.o ABSOLUTE
    ../clib/heap1.c                          0x00000000   Number         0  h1_alloc.o ABSOLUTE
    ../clib/heap1.c                          0x00000000   Number         0  h1_free.o ABSOLUTE
    ../clib/heap1.c                          0x00000000   Number         0  h1_alloc_threads.o ABSOLUTE
    ../clib/heap1.c                          0x00000000   Number         0  h1_free_threads.o ABSOLUTE
    ../clib/heap1.c                          0x00000000   Number         0  h1_init.o ABSOLUTE
    ../clib/heap1.c                          0x00000000   Number         0  h1_init_threads.o ABSOLUTE
    ../clib/heap1.c                          0x00000000   Number         0  h1_extend.o ABSOLUTE
    ../clib/heap1.c                          0x00000000   Number         0  h1_extend_threads.o ABSOLUTE
    ../clib/heap1.c                          0x00000000   Number         0  h1_final.o ABSOLUTE
    ../clib/heap1.c                          0x00000000   Number         0  h1_final_threads.o ABSOLUTE
    ../clib/heap2.c                          0x00000000   Number         0  heap2.o ABSOLUTE
    ../clib/heap2.c                          0x00000000   Number         0  heap2_threads.o ABSOLUTE
    ../clib/heap2.c                          0x00000000   Number         0  fdtree.o ABSOLUTE
    ../clib/heapalloc.c                      0x00000000   Number         0  malloc.o ABSOLUTE
    ../clib/heapalloc.c                      0x00000000   Number         0  free.o ABSOLUTE
    ../clib/heapalloc.c                      0x00000000   Number         0  hguard.o ABSOLUTE
    ../clib/heapalloc.c                      0x00000000   Number         0  init_alloc.o ABSOLUTE
    ../clib/heapalloc.c                      0x00000000   Number         0  heapstubs.o ABSOLUTE
    ../clib/heapalloc.c                      0x00000000   Number         0  hrguard.o ABSOLUTE
    ../clib/heapalloc.c                      0x00000000   Number         0  term_alloc.o ABSOLUTE
    ../clib/heapaux.c                        0x00000000   Number         0  heapauxi.o ABSOLUTE
    ../clib/heapaux.c                        0x00000000   Number         0  heapauxa.o ABSOLUTE
    ../clib/libinit.s                        0x00000000   Number         0  libinit2.o ABSOLUTE
    ../clib/libinit.s                        0x00000000   Number         0  libinit.o ABSOLUTE
    ../clib/libinit.s                        0x00000000   Number         0  libshutdown2.o ABSOLUTE
    ../clib/libinit.s                        0x00000000   Number         0  libshutdown.o ABSOLUTE
    ../clib/locale.s                         0x00000000   Number         0  lc_numeric_c.o ABSOLUTE
    ../clib/longlong.s                       0x00000000   Number         0  lludiv10.o ABSOLUTE
    ../clib/longlong.s                       0x00000000   Number         0  llushr.o ABSOLUTE
    ../clib/maybe.s                          0x00000000   Number         0  maybetermalloc1.o ABSOLUTE
    ../clib/maybe.s                          0x00000000   Number         0  maybetermalloc2.o ABSOLUTE
    ../clib/memcpset.s                       0x00000000   Number         0  strcmpv7m.o ABSOLUTE
    ../clib/memcpset.s                       0x00000000   Number         0  rt_memcpy_w.o ABSOLUTE
    ../clib/misc.s                           0x00000000   Number         0  printf_stubs.o ABSOLUTE
    ../clib/printf.c                         0x00000000   Number         0  __2sprintf.o ABSOLUTE
    ../clib/printf.c                         0x00000000   Number         0  noretval__2sprintf.o ABSOLUTE
    ../clib/printf.c                         0x00000000   Number         0  __printf.o ABSOLUTE
    ../clib/printf.c                         0x00000000   Number         0  __printf_flags.o ABSOLUTE
    ../clib/printf.c                         0x00000000   Number         0  __printf_ss.o ABSOLUTE
    ../clib/printf.c                         0x00000000   Number         0  __printf_flags_ss.o ABSOLUTE
    ../clib/printf.c                         0x00000000   Number         0  __printf_wp.o ABSOLUTE
    ../clib/printf.c                         0x00000000   Number         0  __printf_flags_wp.o ABSOLUTE
    ../clib/printf.c                         0x00000000   Number         0  __printf_ss_wp.o ABSOLUTE
    ../clib/printf.c                         0x00000000   Number         0  __printf_flags_ss_wp.o ABSOLUTE
    ../clib/printf.c                         0x00000000   Number         0  _printf_fp_dec.o ABSOLUTE
    ../clib/printf.c                         0x00000000   Number         0  _printf_fp_dec_accurate.o ABSOLUTE
    ../clib/printf.c                         0x00000000   Number         0  _printf_char_common.o ABSOLUTE
    ../clib/printf.c                         0x00000000   Number         0  _sputc.o ABSOLUTE
    ../clib/printf.c                         0x00000000   Number         0  _printf_fp_infnan.o ABSOLUTE
    ../clib/printf.c                         0x00000000   Number         0  __printf_nopercent.o ABSOLUTE
    ../clib/printf_percent.s                 0x00000000   Number         0  _printf_f.o ABSOLUTE
    ../clib/printf_percent.s                 0x00000000   Number         0  _printf_percent.o ABSOLUTE
    ../clib/printf_percent.s                 0x00000000   Number         0  _printf_percent_end.o ABSOLUTE
    ../clib/signal.c                         0x00000000   Number         0  defsig_rtmem_outer.o ABSOLUTE
    ../clib/signal.c                         0x00000000   Number         0  defsig_rtmem_formal.o ABSOLUTE
    ../clib/signal.c                         0x00000000   Number         0  defsig_exit.o ABSOLUTE
    ../clib/signal.c                         0x00000000   Number         0  defsig_rtmem_inner.o ABSOLUTE
    ../clib/signal.c                         0x00000000   Number         0  __raise.o ABSOLUTE
    ../clib/signal.c                         0x00000000   Number         0  defsig_general.o ABSOLUTE
    ../clib/signal.c                         0x00000000   Number         0  defsig_abrt_inner.o ABSOLUTE
    ../clib/signal.c                         0x00000000   Number         0  defsig_fpe_inner.o ABSOLUTE
    ../clib/signal.c                         0x00000000   Number         0  defsig_rtred_inner.o ABSOLUTE
    ../clib/signal.c                         0x00000000   Number         0  defsig_stak_inner.o ABSOLUTE
    ../clib/signal.c                         0x00000000   Number         0  defsig_pvfn_inner.o ABSOLUTE
    ../clib/signal.c                         0x00000000   Number         0  defsig_cppl_inner.o ABSOLUTE
    ../clib/signal.c                         0x00000000   Number         0  defsig_segv_inner.o ABSOLUTE
    ../clib/signal.c                         0x00000000   Number         0  defsig_other.o ABSOLUTE
    ../clib/signal.s                         0x00000000   Number         0  defsig.o ABSOLUTE
    ../clib/stdlib.c                         0x00000000   Number         0  rand.o ABSOLUTE
    ../clib/stdlib.c                         0x00000000   Number         0  rand.o ABSOLUTE
    ../clib/stdlib.c                         0x00000000   Number         0  exit.o ABSOLUTE
    ../fplib/daddsub.s                       0x00000000   Number         0  daddsub_clz.o ABSOLUTE
    ../fplib/ddiv.s                          0x00000000   Number         0  ddiv.o ABSOLUTE
    ../fplib/dfix.s                          0x00000000   Number         0  dfix.o ABSOLUTE
    ../fplib/dflt.s                          0x00000000   Number         0  dflt_clz.o ABSOLUTE
    ../fplib/dfltll.s                        0x00000000   Number         0  dfltll_clz.o ABSOLUTE
    ../fplib/dmul.s                          0x00000000   Number         0  dmul.o ABSOLUTE
    ../fplib/dnaninf.s                       0x00000000   Number         0  dnaninf.o ABSOLUTE
    ../fplib/dretinf.s                       0x00000000   Number         0  dretinf.o ABSOLUTE
    ../fplib/fpinit.s                        0x00000000   Number         0  fpinit.o ABSOLUTE
    ../fplib/fpinit_empty.s                  0x00000000   Number         0  fpinit_empty.o ABSOLUTE
    ../fplib/istatus.s                       0x00000000   Number         0  istatus.o ABSOLUTE
    ../fplib/printf1.s                       0x00000000   Number         0  printf1.o ABSOLUTE
    ../fplib/usenofp.s                       0x00000000   Number         0  usenofp.o ABSOLUTE
    ../mathlib/fpclassify.c                  0x00000000   Number         0  fpclassify.o ABSOLUTE
    CLI.c                                    0x00000000   Number         0  cli.o ABSOLUTE
    LED.c                                    0x00000000   Number         0  led.o ABSOLUTE
    RTE/Device/STM32F103RB/startup_stm32f10x_md.s 0x00000000   Number         0  startup_stm32f10x_md.o ABSOLUTE
    dc.s                                     0x00000000   Number         0  dc.o ABSOLUTE
    main.c                                   0x00000000   Number         0  main.o ABSOLUTE
    sttimer.c                                0x00000000   Number         0  sttimer.o ABSOLUTE
    system_stm32f10x.c                       0x00000000   Number         0  system_stm32f10x.o ABSOLUTE
    time_ops.c                               0x00000000   Number         0  time_ops.o ABSOLUTE
    uart.c                                   0x00000000   Number         0  uart.o ABSOLUTE
    util.c                                   0x00000000   Number         0  util.o ABSOLUTE
    RESET                                    0x08000000   Section      236  startup_stm32f10x_md.o(RESET)
    !!!main                                  0x080000ec   Section        8  __main.o(!!!main)
    !!!scatter                               0x080000f4   Section       52  __scatter.o(!!!scatter)
    !!handler_copy                           0x08000128   Section       26  __scatter_copy.o(!!handler_copy)
    !!handler_zi                             0x08000144   Section       28  __scatter_zi.o(!!handler_zi)
    .ARM.Collect$$_printf_percent$$00000000  0x08000160   Section        0  _printf_percent.o(.ARM.Collect$$_printf_percent$$00000000)
    .ARM.Collect$$_printf_percent$$00000003  0x08000160   Section        6  _printf_f.o(.ARM.Collect$$_printf_percent$$00000003)
    .ARM.Collect$$_printf_percent$$00000017  0x08000166   Section        4  _printf_percent_end.o(.ARM.Collect$$_printf_percent$$00000017)
    .ARM.Collect$$libinit$$00000000          0x0800016a   Section        2  libinit.o(.ARM.Collect$$libinit$$00000000)
    .ARM.Collect$$libinit$$00000002          0x0800016c   Section        0  libinit2.o(.ARM.Collect$$libinit$$00000002)
    .ARM.Collect$$libinit$$00000004          0x0800016c   Section        0  libinit2.o(.ARM.Collect$$libinit$$00000004)
    .ARM.Collect$$libinit$$00000006          0x0800016c   Section        0  libinit2.o(.ARM.Collect$$libinit$$00000006)
    .ARM.Collect$$libinit$$00000007          0x0800016c   Section        8  libinit2.o(.ARM.Collect$$libinit$$00000007)
    .ARM.Collect$$libinit$$0000000C          0x08000174   Section        0  libinit2.o(.ARM.Collect$$libinit$$0000000C)
    .ARM.Collect$$libinit$$0000000E          0x08000174   Section        0  libinit2.o(.ARM.Collect$$libinit$$0000000E)
    .ARM.Collect$$libinit$$0000000F          0x08000174   Section        4  libinit2.o(.ARM.Collect$$libinit$$0000000F)
    .ARM.Collect$$libinit$$00000010          0x08000178   Section        0  libinit2.o(.ARM.Collect$$libinit$$00000010)
    .ARM.Collect$$libinit$$00000011          0x08000178   Section        6  libinit2.o(.ARM.Collect$$libinit$$00000011)
    .ARM.Collect$$libinit$$00000013          0x0800017e   Section        0  libinit2.o(.ARM.Collect$$libinit$$00000013)
    .ARM.Collect$$libinit$$00000015          0x0800017e   Section        0  libinit2.o(.ARM.Collect$$libinit$$00000015)
    .ARM.Collect$$libinit$$00000017          0x0800017e   Section        0  libinit2.o(.ARM.Collect$$libinit$$00000017)
    .ARM.Collect$$libinit$$00000018          0x0800017e   Section       10  libinit2.o(.ARM.Collect$$libinit$$00000018)
    .ARM.Collect$$libinit$$00000019          0x08000188   Section        0  libinit2.o(.ARM.Collect$$libinit$$00000019)
    .ARM.Collect$$libinit$$0000001B          0x08000188   Section        0  libinit2.o(.ARM.Collect$$libinit$$0000001B)
    .ARM.Collect$$libinit$$0000001D          0x08000188   Section        0  libinit2.o(.ARM.Collect$$libinit$$0000001D)
    .ARM.Collect$$libinit$$0000001F          0x08000188   Section        0  libinit2.o(.ARM.Collect$$libinit$$0000001F)
    .ARM.Collect$$libinit$$00000021          0x08000188   Section        0  libinit2.o(.ARM.Collect$$libinit$$00000021)
    .ARM.Collect$$libinit$$00000023          0x08000188   Section        0  libinit2.o(.ARM.Collect$$libinit$$00000023)
    .ARM.Collect$$libinit$$00000025          0x08000188   Section        0  libinit2.o(.ARM.Collect$$libinit$$00000025)
    .ARM.Collect$$libinit$$00000027          0x08000188   Section        0  libinit2.o(.ARM.Collect$$libinit$$00000027)
    .ARM.Collect$$libinit$$0000002E          0x08000188   Section        0  libinit2.o(.ARM.Collect$$libinit$$0000002E)
    .ARM.Collect$$libinit$$00000030          0x08000188   Section        0  libinit2.o(.ARM.Collect$$libinit$$00000030)
    .ARM.Collect$$libinit$$00000032          0x08000188   Section        0  libinit2.o(.ARM.Collect$$libinit$$00000032)
    .ARM.Collect$$libinit$$00000034          0x08000188   Section        0  libinit2.o(.ARM.Collect$$libinit$$00000034)
    .ARM.Collect$$libinit$$00000035          0x08000188   Section        2  libinit2.o(.ARM.Collect$$libinit$$00000035)
    .ARM.Collect$$libshutdown$$00000000      0x0800018a   Section        2  libshutdown.o(.ARM.Collect$$libshutdown$$00000000)
    .ARM.Collect$$libshutdown$$00000002      0x0800018c   Section        0  libshutdown2.o(.ARM.Collect$$libshutdown$$00000002)
    .ARM.Collect$$libshutdown$$00000004      0x0800018c   Section        0  libshutdown2.o(.ARM.Collect$$libshutdown$$00000004)
    .ARM.Collect$$libshutdown$$00000007      0x0800018c   Section        0  libshutdown2.o(.ARM.Collect$$libshutdown$$00000007)
    .ARM.Collect$$libshutdown$$0000000A      0x0800018c   Section        0  libshutdown2.o(.ARM.Collect$$libshutdown$$0000000A)
    .ARM.Collect$$libshutdown$$0000000C      0x0800018c   Section        0  libshutdown2.o(.ARM.Collect$$libshutdown$$0000000C)
    .ARM.Collect$$libshutdown$$0000000F      0x0800018c   Section        0  libshutdown2.o(.ARM.Collect$$libshutdown$$0000000F)
    .ARM.Collect$$libshutdown$$00000010      0x0800018c   Section        2  libshutdown2.o(.ARM.Collect$$libshutdown$$00000010)
    .ARM.Collect$$rtentry$$00000000          0x0800018e   Section        0  __rtentry.o(.ARM.Collect$$rtentry$$00000000)
    .ARM.Collect$$rtentry$$00000002          0x0800018e   Section        0  __rtentry2.o(.ARM.Collect$$rtentry$$00000002)
    .ARM.Collect$$rtentry$$00000004          0x0800018e   Section        6  __rtentry4.o(.ARM.Collect$$rtentry$$00000004)
    .ARM.Collect$$rtentry$$00000009          0x08000194   Section        0  __rtentry2.o(.ARM.Collect$$rtentry$$00000009)
    .ARM.Collect$$rtentry$$0000000A          0x08000194   Section        4  __rtentry2.o(.ARM.Collect$$rtentry$$0000000A)
    .ARM.Collect$$rtentry$$0000000C          0x08000198   Section        0  __rtentry2.o(.ARM.Collect$$rtentry$$0000000C)
    .ARM.Collect$$rtentry$$0000000D          0x08000198   Section        8  __rtentry2.o(.ARM.Collect$$rtentry$$0000000D)
    .ARM.Collect$$rtexit$$00000000           0x080001a0   Section        2  rtexit.o(.ARM.Collect$$rtexit$$00000000)
    .ARM.Collect$$rtexit$$00000002           0x080001a2   Section        0  rtexit2.o(.ARM.Collect$$rtexit$$00000002)
    .ARM.Collect$$rtexit$$00000003           0x080001a2   Section        4  rtexit2.o(.ARM.Collect$$rtexit$$00000003)
    .ARM.Collect$$rtexit$$00000004           0x080001a6   Section        6  rtexit2.o(.ARM.Collect$$rtexit$$00000004)
    .emb_text                                0x080001ac   Section       52  rand.o(.emb_text)
    .text                                    0x080001e0   Section       64  startup_stm32f10x_md.o(.text)
    .text                                    0x08000220   Section        0  h1_alloc.o(.text)
    .text                                    0x0800027e   Section        0  h1_free.o(.text)
    .text                                    0x080002cc   Section        0  noretval__2sprintf.o(.text)
    .text                                    0x080002f4   Section        0  __printf_ss_wp.o(.text)
    .text                                    0x08000454   Section        0  rand.o(.text)
    .text                                    0x08000490   Section      128  strcmpv7m.o(.text)
    .text                                    0x08000510   Section        0  heapauxi.o(.text)
    .text                                    0x08000518   Section        8  rt_heap_descriptor_intlibspace.o(.text)
    .text                                    0x08000520   Section        0  hguard.o(.text)
    .text                                    0x08000524   Section        0  init_alloc.o(.text)
    .text                                    0x080005ae   Section        0  h1_init.o(.text)
    _fp_digits                               0x080005bd   Thumb Code   432  _printf_fp_dec.o(.text)
    .text                                    0x080005bc   Section        0  _printf_fp_dec.o(.text)
    _printf_input_char                       0x080009d9   Thumb Code    10  _printf_char_common.o(.text)
    .text                                    0x080009d8   Section        0  _printf_char_common.o(.text)
    .text                                    0x08000a08   Section        0  _sputc.o(.text)
    .text                                    0x08000a14   Section        8  libspace.o(.text)
    .text                                    0x08000a1c   Section        8  rt_locale_intlibspace.o(.text)
    .text                                    0x08000a24   Section        0  maybetermalloc1.o(.text)
    .text                                    0x08000a24   Section        0  h1_extend.o(.text)
    .text                                    0x08000a58   Section      138  lludiv10.o(.text)
    .text                                    0x08000ae4   Section        0  _printf_fp_infnan.o(.text)
    .text                                    0x08000b64   Section        0  bigflt0.o(.text)
    .text                                    0x08000c48   Section        0  defsig_rtmem_outer.o(.text)
    .text                                    0x08000c56   Section        2  use_no_semi.o(.text)
    .text                                    0x08000c58   Section        0  indicate_semi.o(.text)
    .text                                    0x08000c58   Section       74  sys_stackheap_outer.o(.text)
    .text                                    0x08000ca2   Section        0  exit.o(.text)
    .text                                    0x08000cb4   Section        0  defsig_exit.o(.text)
    .text                                    0x08000cc0   Section        0  defsig_rtmem_inner.o(.text)
    .text                                    0x08000d10   Section        0  sys_exit.o(.text)
    .text                                    0x08000d1c   Section        0  defsig_general.o(.text)
    .text                                    0x08000d4e   Section        0  sys_wrch.o(.text)
    [Anonymous Symbol]                       0x08000d5c   Section        0  cli.o(.text.CLI_Receive)
    [Anonymous Symbol]                       0x08000dd0   Section        0  system_stm32f10x.o(.text.SystemInit)
    [Anonymous Symbol]                       0x08000f1c   Section        0  util.o(.text.assignRandomDoubles)
    [Anonymous Symbol]                       0x08000f44   Section        0  cli.o(.text.clearScrean)
    [Anonymous Symbol]                       0x08000f74   Section        0  util.o(.text.clockInit)
    [Anonymous Symbol]                       0x08001028   Section        0  time_ops.o(.text.cos_horner)
    [Anonymous Symbol]                       0x080011d4   Section        0  util.o(.text.getAverageTime)
    [Anonymous Symbol]                       0x080012e0   Section        0  led.o(.text.getLEDStatus)
    [Anonymous Symbol]                       0x080012f0   Section        0  uart.o(.text.getbyte)
    [Anonymous Symbol]                       0x08001318   Section        0  cli.o(.text.initCLI)
    [Anonymous Symbol]                       0x08001328   Section        0  led.o(.text.initLED)
    [Anonymous Symbol]                       0x08001354   Section        0  main.o(.text.main)
    [Anonymous Symbol]                       0x08001498   Section        0  cli.o(.text.printScreen)
    [Anonymous Symbol]                       0x080014f0   Section        0  cli.o(.text.printScreenOnLine)
    [Anonymous Symbol]                       0x08001538   Section        0  uart.o(.text.sendbyte)
    [Anonymous Symbol]                       0x080015ac   Section        0  uart.o(.text.serial_open)
    [Anonymous Symbol]                       0x08001634   Section        0  time_ops.o(.text.sin_horner)
    [Anonymous Symbol]                       0x080017e8   Section        0  main.o(.text.testAndPrintWithTimer)
    [Anonymous Symbol]                       0x08001900   Section        0  sttimer.o(.text.timer_init)
    [Anonymous Symbol]                       0x08001960   Section        0  sttimer.o(.text.timer_start)
    [Anonymous Symbol]                       0x0800196c   Section        0  sttimer.o(.text.timer_stop)
    [Anonymous Symbol]                       0x08001980   Section        0  led.o(.text.turnOffLED)
    [Anonymous Symbol]                       0x08001994   Section        0  led.o(.text.turnOnLED)
    CL$$btod_d2e                             0x080019a6   Section       62  btod.o(CL$$btod_d2e)
    CL$$btod_d2e_denorm_low                  0x080019e4   Section       70  btod.o(CL$$btod_d2e_denorm_low)
    CL$$btod_d2e_norm_op1                    0x08001a2a   Section       96  btod.o(CL$$btod_d2e_norm_op1)
    CL$$btod_div_common                      0x08001a8c   Section      824  btod.o(CL$$btod_div_common)
    CL$$btod_e2e                             0x08001dc4   Section      220  btod.o(CL$$btod_e2e)
    CL$$btod_ediv                            0x08001ea0   Section       42  btod.o(CL$$btod_ediv)
    CL$$btod_emul                            0x08001eca   Section       42  btod.o(CL$$btod_emul)
    CL$$btod_mult_common                     0x08001ef4   Section      580  btod.o(CL$$btod_mult_common)
    i.__ARM_fpclassify                       0x08002138   Section        0  fpclassify.o(i.__ARM_fpclassify)
    i._is_digit                              0x08002160   Section        0  __printf_wp.o(i._is_digit)
    locale$$code                             0x08002170   Section       44  lc_numeric_c.o(locale$$code)
    x$fpl$dadd                               0x0800219c   Section      336  daddsub_clz.o(x$fpl$dadd)
    _dadd1                                   0x080021ad   Thumb Code     0  daddsub_clz.o(x$fpl$dadd)
    x$fpl$ddiv                               0x080022ec   Section      692  ddiv.o(x$fpl$ddiv)
    ddiv_entry                               0x080022f3   Thumb Code     0  ddiv.o(x$fpl$ddiv)
    x$fpl$dfix                               0x080025a0   Section       94  dfix.o(x$fpl$dfix)
    x$fpl$dfltu                              0x080025fe   Section       38  dflt_clz.o(x$fpl$dfltu)
    x$fpl$dfltull                            0x08002624   Section      138  dfltll_clz.o(x$fpl$dfltull)
    x$fpl$dmul                               0x080026b0   Section      340  dmul.o(x$fpl$dmul)
    x$fpl$dnaninf                            0x08002804   Section      156  dnaninf.o(x$fpl$dnaninf)
    x$fpl$dretinf                            0x080028a0   Section       12  dretinf.o(x$fpl$dretinf)
    x$fpl$dsub                               0x080028ac   Section      476  daddsub_clz.o(x$fpl$dsub)
    _dsub1                                   0x080028bd   Thumb Code     0  daddsub_clz.o(x$fpl$dsub)
    x$fpl$printf1                            0x08002a88   Section        4  printf1.o(x$fpl$printf1)
    tenpwrs_x                                0x08002a8c   Data          60  bigflt0.o(.constdata)
    .constdata                               0x08002a8c   Section      148  bigflt0.o(.constdata)
    x$fpl$usenofp                            0x08002a8c   Section        0  usenofp.o(x$fpl$usenofp)
    tenpwrs_i                                0x08002ac8   Data          64  bigflt0.o(.constdata)
    [Anonymous Symbol]                       0x08002b20   Section        0  main.o(.rodata.str1.1)
    .L.str.8                                 0x08002b7e   Data           8  main.o(.rodata.str1.1)
    .L.str.7                                 0x08002b95   Data           7  main.o(.rodata.str1.1)
    .L.str.9                                 0x08002b9c   Data           5  main.o(.rodata.str1.1)
    .L.str.11                                0x08002ba1   Data          10  main.o(.rodata.str1.1)
    .L.str.10                                0x08002c4d   Data           7  main.o(.rodata.str1.1)
    locale$$data                             0x08002c74   Section       28  lc_numeric_c.o(locale$$data)
    __lcnum_c_name                           0x08002c78   Data           2  lc_numeric_c.o(locale$$data)
    __lcnum_c_start                          0x08002c80   Data           0  lc_numeric_c.o(locale$$data)
    __lcnum_c_point                          0x08002c8c   Data           0  lc_numeric_c.o(locale$$data)
    __lcnum_c_thousands                      0x08002c8e   Data           0  lc_numeric_c.o(locale$$data)
    __lcnum_c_grouping                       0x08002c8f   Data           0  lc_numeric_c.o(locale$$data)
    __lcnum_c_end                            0x08002c90   Data           0  lc_numeric_c.o(locale$$data)
    .L_MergedGlobals                         0x20000000   Data          28  main.o(.data..L_MergedGlobals)
    [Anonymous Symbol]                       0x20000000   Section        0  main.o(.data..L_MergedGlobals)
    .bss                                     0x20000020   Section      228  rand.o(.bss)
    .bss                                     0x20000104   Section       96  libspace.o(.bss)
    testAndPrintWithTimer.testDouble         0x20000168   Data           8  main.o(.bss.testAndPrintWithTimer.testDouble)
    [Anonymous Symbol]                       0x20000168   Section        0  main.o(.bss.testAndPrintWithTimer.testDouble)
    Heap_Mem                                 0x20000170   Data        1024  startup_stm32f10x_md.o(HEAP)
    HEAP                                     0x20000170   Section     1024  startup_stm32f10x_md.o(HEAP)
    Stack_Mem                                0x20000570   Data        1024  startup_stm32f10x_md.o(STACK)
    STACK                                    0x20000570   Section     1024  startup_stm32f10x_md.o(STACK)
    __initial_sp                             0x20000970   Data           0  startup_stm32f10x_md.o(STACK)

    Global Symbols

    Symbol Name                              Value     Ov Type        Size  Object(Section)

    BuildAttributes$$THM_ISAv4$P$D$K$B$S$PE$A:L22UL41UL21$X:L11$S22US41US21$IEEE1$IW$~IW$USESV6$~STKCKD$USESV7$~SHL$OTIME$ROPI$IEEEJ$EBA8$UX$STANDARDLIB$REQ8$PRES8$EABIv2 0x00000000   Number         0  anon$$obj.o ABSOLUTE
    __fp_init_empty                          0x00000000   Number         0  fpinit_empty.o ABSOLUTE
    _printf_flags                            0x00000000   Number         0  printf_stubs.o ABSOLUTE
    _printf_return_value                     0x00000000   Number         0  printf_stubs.o ABSOLUTE
    _printf_sizespec                         0x00000000   Number         0  printf_stubs.o ABSOLUTE
    _printf_widthprec                        0x00000000   Number         0  printf_stubs.o ABSOLUTE
    __ARM_exceptions_init                     - Undefined Weak Reference
    __alloca_initialize                       - Undefined Weak Reference
    __arm_preinit_                            - Undefined Weak Reference
    __arm_relocate_pie_                       - Undefined Weak Reference
    __cpp_initialize__aeabi_                  - Undefined Weak Reference
    __cxa_finalize                            - Undefined Weak Reference
    __sigvec_lookup                           - Undefined Weak Reference
    __user_heap_extent                        - Undefined Weak Reference
    _atexit_init                              - Undefined Weak Reference
    _call_atexit_fns                          - Undefined Weak Reference
    _clock_init                               - Undefined Weak Reference
    _fp_trap_init                             - Undefined Weak Reference
    _fp_trap_shutdown                         - Undefined Weak Reference
    _get_lc_collate                           - Undefined Weak Reference
    _get_lc_ctype                             - Undefined Weak Reference
    _get_lc_monetary                          - Undefined Weak Reference
    _get_lc_time                              - Undefined Weak Reference
    _getenv_init                              - Undefined Weak Reference
    _handle_redirection                       - Undefined Weak Reference
    _initio                                   - Undefined Weak Reference
    _mutex_acquire                            - Undefined Weak Reference
    _mutex_free                               - Undefined Weak Reference
    _mutex_release                            - Undefined Weak Reference
    _printf_post_padding                      - Undefined Weak Reference
    _printf_pre_padding                       - Undefined Weak Reference
    _signal_finish                            - Undefined Weak Reference
    _signal_init                              - Undefined Weak Reference
    _terminateio                              - Undefined Weak Reference
    __Vectors_Size                           0x000000ec   Number         0  startup_stm32f10x_md.o ABSOLUTE
    __Vectors                                0x08000000   Data           4  startup_stm32f10x_md.o(RESET)
    __Vectors_End                            0x080000ec   Data           0  startup_stm32f10x_md.o(RESET)
    __main                                   0x080000ed   Thumb Code     8  __main.o(!!!main)
    __scatterload                            0x080000f5   Thumb Code     0  __scatter.o(!!!scatter)
    __scatterload_rt2                        0x080000f5   Thumb Code    44  __scatter.o(!!!scatter)
    __scatterload_rt2_thumb_only             0x080000f5   Thumb Code     0  __scatter.o(!!!scatter)
    __scatterload_null                       0x08000103   Thumb Code     0  __scatter.o(!!!scatter)
    __scatterload_copy                       0x08000129   Thumb Code    26  __scatter_copy.o(!!handler_copy)
    __scatterload_zeroinit                   0x08000145   Thumb Code    28  __scatter_zi.o(!!handler_zi)
    _printf_f                                0x08000161   Thumb Code     0  _printf_f.o(.ARM.Collect$$_printf_percent$$00000003)
    _printf_percent                          0x08000161   Thumb Code     0  _printf_percent.o(.ARM.Collect$$_printf_percent$$00000000)
    _printf_percent_end                      0x08000167   Thumb Code     0  _printf_percent_end.o(.ARM.Collect$$_printf_percent$$00000017)
    __rt_lib_init                            0x0800016b   Thumb Code     0  libinit.o(.ARM.Collect$$libinit$$00000000)
    __rt_lib_init_fp_1                       0x0800016d   Thumb Code     0  libinit2.o(.ARM.Collect$$libinit$$00000002)
    __rt_lib_init_heap_2                     0x0800016d   Thumb Code     0  libinit2.o(.ARM.Collect$$libinit$$00000007)
    __rt_lib_init_preinit_1                  0x0800016d   Thumb Code     0  libinit2.o(.ARM.Collect$$libinit$$00000006)
    __rt_lib_init_relocate_pie_1             0x0800016d   Thumb Code     0  libinit2.o(.ARM.Collect$$libinit$$00000004)
    __rt_lib_init_heap_1                     0x08000175   Thumb Code     0  libinit2.o(.ARM.Collect$$libinit$$0000000C)
    __rt_lib_init_rand_2                     0x08000175   Thumb Code     0  libinit2.o(.ARM.Collect$$libinit$$0000000F)
    __rt_lib_init_user_alloc_1               0x08000175   Thumb Code     0  libinit2.o(.ARM.Collect$$libinit$$0000000E)
    __rt_lib_init_lc_common                  0x08000179   Thumb Code     0  libinit2.o(.ARM.Collect$$libinit$$00000011)
    __rt_lib_init_rand_1                     0x08000179   Thumb Code     0  libinit2.o(.ARM.Collect$$libinit$$00000010)
    __rt_lib_init_lc_collate_1               0x0800017f   Thumb Code     0  libinit2.o(.ARM.Collect$$libinit$$00000013)
    __rt_lib_init_lc_ctype_1                 0x0800017f   Thumb Code     0  libinit2.o(.ARM.Collect$$libinit$$00000015)
    __rt_lib_init_lc_monetary_1              0x0800017f   Thumb Code     0  libinit2.o(.ARM.Collect$$libinit$$00000017)
    __rt_lib_init_lc_numeric_2               0x0800017f   Thumb Code     0  libinit2.o(.ARM.Collect$$libinit$$00000018)
    __rt_lib_init_alloca_1                   0x08000189   Thumb Code     0  libinit2.o(.ARM.Collect$$libinit$$00000030)
    __rt_lib_init_argv_1                     0x08000189   Thumb Code     0  libinit2.o(.ARM.Collect$$libinit$$0000002E)
    __rt_lib_init_atexit_1                   0x08000189   Thumb Code     0  libinit2.o(.ARM.Collect$$libinit$$0000001D)
    __rt_lib_init_clock_1                    0x08000189   Thumb Code     0  libinit2.o(.ARM.Collect$$libinit$$00000023)
    __rt_lib_init_cpp_1                      0x08000189   Thumb Code     0  libinit2.o(.ARM.Collect$$libinit$$00000034)
    __rt_lib_init_exceptions_1               0x08000189   Thumb Code     0  libinit2.o(.ARM.Collect$$libinit$$00000032)
    __rt_lib_init_fp_trap_1                  0x08000189   Thumb Code     0  libinit2.o(.ARM.Collect$$libinit$$00000021)
    __rt_lib_init_getenv_1                   0x08000189   Thumb Code     0  libinit2.o(.ARM.Collect$$libinit$$00000025)
    __rt_lib_init_lc_numeric_1               0x08000189   Thumb Code     0  libinit2.o(.ARM.Collect$$libinit$$00000019)
    __rt_lib_init_lc_time_1                  0x08000189   Thumb Code     0  libinit2.o(.ARM.Collect$$libinit$$0000001B)
    __rt_lib_init_return                     0x08000189   Thumb Code     0  libinit2.o(.ARM.Collect$$libinit$$00000035)
    __rt_lib_init_signal_1                   0x08000189   Thumb Code     0  libinit2.o(.ARM.Collect$$libinit$$0000001F)
    __rt_lib_init_stdio_1                    0x08000189   Thumb Code     0  libinit2.o(.ARM.Collect$$libinit$$00000027)
    __rt_lib_shutdown                        0x0800018b   Thumb Code     0  libshutdown.o(.ARM.Collect$$libshutdown$$00000000)
    __rt_lib_shutdown_cpp_1                  0x0800018d   Thumb Code     0  libshutdown2.o(.ARM.Collect$$libshutdown$$00000002)
    __rt_lib_shutdown_fp_trap_1              0x0800018d   Thumb Code     0  libshutdown2.o(.ARM.Collect$$libshutdown$$00000007)
    __rt_lib_shutdown_heap_1                 0x0800018d   Thumb Code     0  libshutdown2.o(.ARM.Collect$$libshutdown$$0000000F)
    __rt_lib_shutdown_return                 0x0800018d   Thumb Code     0  libshutdown2.o(.ARM.Collect$$libshutdown$$00000010)
    __rt_lib_shutdown_signal_1               0x0800018d   Thumb Code     0  libshutdown2.o(.ARM.Collect$$libshutdown$$0000000A)
    __rt_lib_shutdown_stdio_1                0x0800018d   Thumb Code     0  libshutdown2.o(.ARM.Collect$$libshutdown$$00000004)
    __rt_lib_shutdown_user_alloc_1           0x0800018d   Thumb Code     0  libshutdown2.o(.ARM.Collect$$libshutdown$$0000000C)
    __rt_entry                               0x0800018f   Thumb Code     0  __rtentry.o(.ARM.Collect$$rtentry$$00000000)
    __rt_entry_presh_1                       0x0800018f   Thumb Code     0  __rtentry2.o(.ARM.Collect$$rtentry$$00000002)
    __rt_entry_sh                            0x0800018f   Thumb Code     0  __rtentry4.o(.ARM.Collect$$rtentry$$00000004)
    __rt_entry_li                            0x08000195   Thumb Code     0  __rtentry2.o(.ARM.Collect$$rtentry$$0000000A)
    __rt_entry_postsh_1                      0x08000195   Thumb Code     0  __rtentry2.o(.ARM.Collect$$rtentry$$00000009)
    __rt_entry_main                          0x08000199   Thumb Code     0  __rtentry2.o(.ARM.Collect$$rtentry$$0000000D)
    __rt_entry_postli_1                      0x08000199   Thumb Code     0  __rtentry2.o(.ARM.Collect$$rtentry$$0000000C)
    __rt_exit                                0x080001a1   Thumb Code     0  rtexit.o(.ARM.Collect$$rtexit$$00000000)
    __rt_exit_ls                             0x080001a3   Thumb Code     0  rtexit2.o(.ARM.Collect$$rtexit$$00000003)
    __rt_exit_prels_1                        0x080001a3   Thumb Code     0  rtexit2.o(.ARM.Collect$$rtexit$$00000002)
    __rt_exit_exit                           0x080001a7   Thumb Code     0  rtexit2.o(.ARM.Collect$$rtexit$$00000004)
    rand                                     0x080001ad   Thumb Code    48  rand.o(.emb_text)
    Reset_Handler                            0x080001e1   Thumb Code     8  startup_stm32f10x_md.o(.text)
    NMI_Handler                              0x080001e9   Thumb Code     2  startup_stm32f10x_md.o(.text)
    HardFault_Handler                        0x080001eb   Thumb Code     2  startup_stm32f10x_md.o(.text)
    MemManage_Handler                        0x080001ed   Thumb Code     2  startup_stm32f10x_md.o(.text)
    BusFault_Handler                         0x080001ef   Thumb Code     2  startup_stm32f10x_md.o(.text)
    UsageFault_Handler                       0x080001f1   Thumb Code     2  startup_stm32f10x_md.o(.text)
    SVC_Handler                              0x080001f3   Thumb Code     2  startup_stm32f10x_md.o(.text)
    DebugMon_Handler                         0x080001f5   Thumb Code     2  startup_stm32f10x_md.o(.text)
    PendSV_Handler                           0x080001f7   Thumb Code     2  startup_stm32f10x_md.o(.text)
    SysTick_Handler                          0x080001f9   Thumb Code     2  startup_stm32f10x_md.o(.text)
    ADC1_2_IRQHandler                        0x080001fb   Thumb Code     0  startup_stm32f10x_md.o(.text)
    CAN1_RX1_IRQHandler                      0x080001fb   Thumb Code     0  startup_stm32f10x_md.o(.text)
    CAN1_SCE_IRQHandler                      0x080001fb   Thumb Code     0  startup_stm32f10x_md.o(.text)
    DMA1_Channel1_IRQHandler                 0x080001fb   Thumb Code     0  startup_stm32f10x_md.o(.text)
    DMA1_Channel2_IRQHandler                 0x080001fb   Thumb Code     0  startup_stm32f10x_md.o(.text)
    DMA1_Channel3_IRQHandler                 0x080001fb   Thumb Code     0  startup_stm32f10x_md.o(.text)
    DMA1_Channel4_IRQHandler                 0x080001fb   Thumb Code     0  startup_stm32f10x_md.o(.text)
    DMA1_Channel5_IRQHandler                 0x080001fb   Thumb Code     0  startup_stm32f10x_md.o(.text)
    DMA1_Channel6_IRQHandler                 0x080001fb   Thumb Code     0  startup_stm32f10x_md.o(.text)
    DMA1_Channel7_IRQHandler                 0x080001fb   Thumb Code     0  startup_stm32f10x_md.o(.text)
    EXTI0_IRQHandler                         0x080001fb   Thumb Code     0  startup_stm32f10x_md.o(.text)
    EXTI15_10_IRQHandler                     0x080001fb   Thumb Code     0  startup_stm32f10x_md.o(.text)
    EXTI1_IRQHandler                         0x080001fb   Thumb Code     0  startup_stm32f10x_md.o(.text)
    EXTI2_IRQHandler                         0x080001fb   Thumb Code     0  startup_stm32f10x_md.o(.text)
    EXTI3_IRQHandler                         0x080001fb   Thumb Code     0  startup_stm32f10x_md.o(.text)
    EXTI4_IRQHandler                         0x080001fb   Thumb Code     0  startup_stm32f10x_md.o(.text)
    EXTI9_5_IRQHandler                       0x080001fb   Thumb Code     0  startup_stm32f10x_md.o(.text)
    FLASH_IRQHandler                         0x080001fb   Thumb Code     0  startup_stm32f10x_md.o(.text)
    I2C1_ER_IRQHandler                       0x080001fb   Thumb Code     0  startup_stm32f10x_md.o(.text)
    I2C1_EV_IRQHandler                       0x080001fb   Thumb Code     0  startup_stm32f10x_md.o(.text)
    I2C2_ER_IRQHandler                       0x080001fb   Thumb Code     0  startup_stm32f10x_md.o(.text)
    I2C2_EV_IRQHandler                       0x080001fb   Thumb Code     0  startup_stm32f10x_md.o(.text)
    PVD_IRQHandler                           0x080001fb   Thumb Code     0  startup_stm32f10x_md.o(.text)
    RCC_IRQHandler                           0x080001fb   Thumb Code     0  startup_stm32f10x_md.o(.text)
    RTCAlarm_IRQHandler                      0x080001fb   Thumb Code     0  startup_stm32f10x_md.o(.text)
    RTC_IRQHandler                           0x080001fb   Thumb Code     0  startup_stm32f10x_md.o(.text)
    SPI1_IRQHandler                          0x080001fb   Thumb Code     0  startup_stm32f10x_md.o(.text)
    SPI2_IRQHandler                          0x080001fb   Thumb Code     0  startup_stm32f10x_md.o(.text)
    TAMPER_IRQHandler                        0x080001fb   Thumb Code     0  startup_stm32f10x_md.o(.text)
    TIM1_BRK_IRQHandler                      0x080001fb   Thumb Code     0  startup_stm32f10x_md.o(.text)
    TIM1_CC_IRQHandler                       0x080001fb   Thumb Code     0  startup_stm32f10x_md.o(.text)
    TIM1_TRG_COM_IRQHandler                  0x080001fb   Thumb Code     0  startup_stm32f10x_md.o(.text)
    TIM1_UP_IRQHandler                       0x080001fb   Thumb Code     0  startup_stm32f10x_md.o(.text)
    TIM2_IRQHandler                          0x080001fb   Thumb Code     0  startup_stm32f10x_md.o(.text)
    TIM3_IRQHandler                          0x080001fb   Thumb Code     0  startup_stm32f10x_md.o(.text)
    TIM4_IRQHandler                          0x080001fb   Thumb Code     0  startup_stm32f10x_md.o(.text)
    USART1_IRQHandler                        0x080001fb   Thumb Code     0  startup_stm32f10x_md.o(.text)
    USART2_IRQHandler                        0x080001fb   Thumb Code     0  startup_stm32f10x_md.o(.text)
    USART3_IRQHandler                        0x080001fb   Thumb Code     0  startup_stm32f10x_md.o(.text)
    USBWakeUp_IRQHandler                     0x080001fb   Thumb Code     0  startup_stm32f10x_md.o(.text)
    USB_HP_CAN1_TX_IRQHandler                0x080001fb   Thumb Code     0  startup_stm32f10x_md.o(.text)
    USB_LP_CAN1_RX0_IRQHandler               0x080001fb   Thumb Code     0  startup_stm32f10x_md.o(.text)
    WWDG_IRQHandler                          0x080001fb   Thumb Code     0  startup_stm32f10x_md.o(.text)
    __user_initial_stackheap                 0x080001fd   Thumb Code     0  startup_stm32f10x_md.o(.text)
    malloc                                   0x08000221   Thumb Code    94  h1_alloc.o(.text)
    free                                     0x0800027f   Thumb Code    78  h1_free.o(.text)
    __2sprintf                               0x080002cd   Thumb Code    34  noretval__2sprintf.o(.text)
    __printf                                 0x080002f5   Thumb Code   352  __printf_ss_wp.o(.text)
    srand                                    0x08000455   Thumb Code    42  rand.o(.text)
    _rand_init                               0x0800047f   Thumb Code     4  rand.o(.text)
    strcmp                                   0x08000491   Thumb Code   128  strcmpv7m.o(.text)
    __use_two_region_memory                  0x08000511   Thumb Code     2  heapauxi.o(.text)
    __rt_heap_escrow                         0x08000513   Thumb Code     2  heapauxi.o(.text)
    __rt_heap_expand                         0x08000515   Thumb Code     2  heapauxi.o(.text)
    __rt_heap_descriptor                     0x08000519   Thumb Code     8  rt_heap_descriptor_intlibspace.o(.text)
    __use_no_heap                            0x08000521   Thumb Code     2  hguard.o(.text)
    __heap$guard                             0x08000523   Thumb Code     2  hguard.o(.text)
    _terminate_user_alloc                    0x08000525   Thumb Code     2  init_alloc.o(.text)
    _init_user_alloc                         0x08000527   Thumb Code     2  init_alloc.o(.text)
    __Heap_Full                              0x08000529   Thumb Code    34  init_alloc.o(.text)
    __Heap_Broken                            0x0800054b   Thumb Code     6  init_alloc.o(.text)
    _init_alloc                              0x08000551   Thumb Code    94  init_alloc.o(.text)
    __Heap_Initialize                        0x080005af   Thumb Code    10  h1_init.o(.text)
    __Heap_DescSize                          0x080005b9   Thumb Code     4  h1_init.o(.text)
    _printf_fp_dec_real                      0x0800076d   Thumb Code   620  _printf_fp_dec.o(.text)
    _printf_char_common                      0x080009e3   Thumb Code    32  _printf_char_common.o(.text)
    _sputc                                   0x08000a09   Thumb Code    10  _sputc.o(.text)
    __user_libspace                          0x08000a15   Thumb Code     8  libspace.o(.text)
    __user_perproc_libspace                  0x08000a15   Thumb Code     0  libspace.o(.text)
    __user_perthread_libspace                0x08000a15   Thumb Code     0  libspace.o(.text)
    __rt_locale                              0x08000a1d   Thumb Code     8  rt_locale_intlibspace.o(.text)
    __Heap_ProvideMemory                     0x08000a25   Thumb Code    52  h1_extend.o(.text)
    _maybe_terminate_alloc                   0x08000a25   Thumb Code     0  maybetermalloc1.o(.text)
    _ll_udiv10                               0x08000a59   Thumb Code   138  lludiv10.o(.text)
    _printf_fp_infnan                        0x08000ae5   Thumb Code   112  _printf_fp_infnan.o(.text)
    _btod_etento                             0x08000b65   Thumb Code   224  bigflt0.o(.text)
    __rt_SIGRTMEM                            0x08000c49   Thumb Code    14  defsig_rtmem_outer.o(.text)
    __I$use$semihosting                      0x08000c57   Thumb Code     0  use_no_semi.o(.text)
    __use_no_semihosting_swi                 0x08000c57   Thumb Code     2  use_no_semi.o(.text)
    __semihosting_library_function           0x08000c59   Thumb Code     0  indicate_semi.o(.text)
    __user_setup_stackheap                   0x08000c59   Thumb Code    74  sys_stackheap_outer.o(.text)
    exit                                     0x08000ca3   Thumb Code    18  exit.o(.text)
    __sig_exit                               0x08000cb5   Thumb Code    10  defsig_exit.o(.text)
    __rt_SIGRTMEM_inner                      0x08000cc1   Thumb Code    22  defsig_rtmem_inner.o(.text)
    _sys_exit                                0x08000d11   Thumb Code     8  sys_exit.o(.text)
    __default_signal_display                 0x08000d1d   Thumb Code    50  defsig_general.o(.text)
    _ttywrch                                 0x08000d4f   Thumb Code    14  sys_wrch.o(.text)
    CLI_Receive                              0x08000d5d   Thumb Code   116  cli.o(.text.CLI_Receive)
    SystemInit                               0x08000dd1   Thumb Code   330  system_stm32f10x.o(.text.SystemInit)
    assignRandomDoubles                      0x08000f1d   Thumb Code    38  util.o(.text.assignRandomDoubles)
    clearScrean                              0x08000f45   Thumb Code    48  cli.o(.text.clearScrean)
    clockInit                                0x08000f75   Thumb Code   180  util.o(.text.clockInit)
    cos_horner                               0x08001029   Thumb Code   426  time_ops.o(.text.cos_horner)
    getAverageTime                           0x080011d5   Thumb Code   266  util.o(.text.getAverageTime)
    getLEDStatus                             0x080012e1   Thumb Code    16  led.o(.text.getLEDStatus)
    getbyte                                  0x080012f1   Thumb Code    40  uart.o(.text.getbyte)
    initCLI                                  0x08001319   Thumb Code    14  cli.o(.text.initCLI)
    initLED                                  0x08001329   Thumb Code    42  led.o(.text.initLED)
    main                                     0x08001355   Thumb Code   324  main.o(.text.main)
    printScreen                              0x08001499   Thumb Code    86  cli.o(.text.printScreen)
    printScreenOnLine                        0x080014f1   Thumb Code    70  cli.o(.text.printScreenOnLine)
    sendbyte                                 0x08001539   Thumb Code   116  uart.o(.text.sendbyte)
    serial_open                              0x080015ad   Thumb Code   136  uart.o(.text.serial_open)
    sin_horner                               0x08001635   Thumb Code   434  time_ops.o(.text.sin_horner)
    testAndPrintWithTimer                    0x080017e9   Thumb Code   228  main.o(.text.testAndPrintWithTimer)
    timer_init                               0x08001901   Thumb Code    94  sttimer.o(.text.timer_init)
    timer_start                              0x08001961   Thumb Code    10  sttimer.o(.text.timer_start)
    timer_stop                               0x0800196d   Thumb Code    20  sttimer.o(.text.timer_stop)
    turnOffLED                               0x08001981   Thumb Code    18  led.o(.text.turnOffLED)
    turnOnLED                                0x08001995   Thumb Code    18  led.o(.text.turnOnLED)
    _btod_d2e                                0x080019a7   Thumb Code    62  btod.o(CL$$btod_d2e)
    _d2e_denorm_low                          0x080019e5   Thumb Code    70  btod.o(CL$$btod_d2e_denorm_low)
    _d2e_norm_op1                            0x08001a2b   Thumb Code    96  btod.o(CL$$btod_d2e_norm_op1)
    __btod_div_common                        0x08001a8d   Thumb Code   696  btod.o(CL$$btod_div_common)
    _e2e                                     0x08001dc5   Thumb Code   220  btod.o(CL$$btod_e2e)
    _btod_ediv                               0x08001ea1   Thumb Code    42  btod.o(CL$$btod_ediv)
    _btod_emul                               0x08001ecb   Thumb Code    42  btod.o(CL$$btod_emul)
    __btod_mult_common                       0x08001ef5   Thumb Code   580  btod.o(CL$$btod_mult_common)
    __ARM_fpclassify                         0x08002139   Thumb Code    40  fpclassify.o(i.__ARM_fpclassify)
    _is_digit                                0x08002161   Thumb Code    14  __printf_wp.o(i._is_digit)
    _get_lc_numeric                          0x08002171   Thumb Code    44  lc_numeric_c.o(locale$$code)
    __aeabi_dadd                             0x0800219d   Thumb Code     0  daddsub_clz.o(x$fpl$dadd)
    _dadd                                    0x0800219d   Thumb Code   332  daddsub_clz.o(x$fpl$dadd)
    __aeabi_ddiv                             0x080022ed   Thumb Code     0  ddiv.o(x$fpl$ddiv)
    _ddiv                                    0x080022ed   Thumb Code   556  ddiv.o(x$fpl$ddiv)
    __aeabi_d2iz                             0x080025a1   Thumb Code     0  dfix.o(x$fpl$dfix)
    _dfix                                    0x080025a1   Thumb Code    94  dfix.o(x$fpl$dfix)
    __aeabi_ui2d                             0x080025ff   Thumb Code     0  dflt_clz.o(x$fpl$dfltu)
    _dfltu                                   0x080025ff   Thumb Code    38  dflt_clz.o(x$fpl$dfltu)
    __aeabi_ul2d                             0x08002625   Thumb Code     0  dfltll_clz.o(x$fpl$dfltull)
    _ll_uto_d                                0x08002625   Thumb Code   138  dfltll_clz.o(x$fpl$dfltull)
    __aeabi_dmul                             0x080026b1   Thumb Code     0  dmul.o(x$fpl$dmul)
    _dmul                                    0x080026b1   Thumb Code   332  dmul.o(x$fpl$dmul)
    __fpl_dnaninf                            0x08002805   Thumb Code   156  dnaninf.o(x$fpl$dnaninf)
    __fpl_dretinf                            0x080028a1   Thumb Code    12  dretinf.o(x$fpl$dretinf)
    __aeabi_dsub                             0x080028ad   Thumb Code     0  daddsub_clz.o(x$fpl$dsub)
    _dsub                                    0x080028ad   Thumb Code   472  daddsub_clz.o(x$fpl$dsub)
    _printf_fp_dec                           0x08002a89   Thumb Code     4  printf1.o(x$fpl$printf1)
    __I$use$fp                               0x08002a8c   Number         0  usenofp.o(x$fpl$usenofp)
    Region$$Table$$Base                      0x08002c54   Number         0  anon$$obj.o(Region$$Table)
    Region$$Table$$Limit                     0x08002c74   Number         0  anon$$obj.o(Region$$Table)
    USER_PROMPT                              0x20000000   Data           4  main.o(.data..L_MergedGlobals)
    HELP_TEXT                                0x20000004   Data           4  main.o(.data..L_MergedGlobals)
    LED_ON_STATUS_TEXT                       0x20000008   Data           4  main.o(.data..L_MergedGlobals)
    LED_OFF_STATUS_TEXT                      0x2000000c   Data           4  main.o(.data..L_MergedGlobals)
    TURN_ON_LED_TEXT                         0x20000010   Data           4  main.o(.data..L_MergedGlobals)
    TURN_OFF_LED_TEXT                        0x20000014   Data           4  main.o(.data..L_MergedGlobals)
    UNKNOWN_COMMAND_ERROR                    0x20000018   Data           4  main.o(.data..L_MergedGlobals)
    _random_number_data                      0x20000020   Data         228  rand.o(.bss)
    __libspace_start                         0x20000104   Data          96  libspace.o(.bss)
    __temporary_stack_top$libspace           0x20000164   Data           0  libspace.o(.bss)



==============================================================================

Memory Map of the image

  Image Entry point : 0x080001e1

  Load Region LR_1 (Base: 0x08000000, Size: 0x00002cac, Max: 0xffffffff, ABSOLUTE)

    Execution Region ER_RO (Exec base: 0x08000000, Load base: 0x08000000, Size: 0x00002c90, Max: 0xffffffff, ABSOLUTE)

    Exec Addr    Load Addr    Size         Type   Attr      Idx    E Section Name        Object

    0x08000000   0x08000000   0x000000ec   Data   RO          156    RESET               startup_stm32f10x_md.o
    0x080000ec   0x080000ec   0x00000008   Code   RO          278  * !!!main             c_w.l(__main.o)
    0x080000f4   0x080000f4   0x00000034   Code   RO          578    !!!scatter          c_w.l(__scatter.o)
    0x08000128   0x08000128   0x0000001a   Code   RO          580    !!handler_copy      c_w.l(__scatter_copy.o)
    0x08000142   0x08000142   0x00000002   PAD
    0x08000144   0x08000144   0x0000001c   Code   RO          582    !!handler_zi        c_w.l(__scatter_zi.o)
    0x08000160   0x08000160   0x00000000   Code   RO          268    .ARM.Collect$$_printf_percent$$00000000  c_w.l(_printf_percent.o)
    0x08000160   0x08000160   0x00000006   Code   RO          267    .ARM.Collect$$_printf_percent$$00000003  c_w.l(_printf_f.o)
    0x08000166   0x08000166   0x00000004   Code   RO          342    .ARM.Collect$$_printf_percent$$00000017  c_w.l(_printf_percent_end.o)
    0x0800016a   0x0800016a   0x00000002   Code   RO          511    .ARM.Collect$$libinit$$00000000  c_w.l(libinit.o)
    0x0800016c   0x0800016c   0x00000000   Code   RO          348    .ARM.Collect$$libinit$$00000002  c_w.l(libinit2.o)
    0x0800016c   0x0800016c   0x00000000   Code   RO          350    .ARM.Collect$$libinit$$00000004  c_w.l(libinit2.o)
    0x0800016c   0x0800016c   0x00000000   Code   RO          352    .ARM.Collect$$libinit$$00000006  c_w.l(libinit2.o)
    0x0800016c   0x0800016c   0x00000008   Code   RO          353    .ARM.Collect$$libinit$$00000007  c_w.l(libinit2.o)
    0x08000174   0x08000174   0x00000000   Code   RO          355    .ARM.Collect$$libinit$$0000000C  c_w.l(libinit2.o)
    0x08000174   0x08000174   0x00000000   Code   RO          357    .ARM.Collect$$libinit$$0000000E  c_w.l(libinit2.o)
    0x08000174   0x08000174   0x00000004   Code   RO          358    .ARM.Collect$$libinit$$0000000F  c_w.l(libinit2.o)
    0x08000178   0x08000178   0x00000000   Code   RO          359    .ARM.Collect$$libinit$$00000010  c_w.l(libinit2.o)
    0x08000178   0x08000178   0x00000006   Code   RO          360    .ARM.Collect$$libinit$$00000011  c_w.l(libinit2.o)
    0x0800017e   0x0800017e   0x00000000   Code   RO          362    .ARM.Collect$$libinit$$00000013  c_w.l(libinit2.o)
    0x0800017e   0x0800017e   0x00000000   Code   RO          364    .ARM.Collect$$libinit$$00000015  c_w.l(libinit2.o)
    0x0800017e   0x0800017e   0x00000000   Code   RO          366    .ARM.Collect$$libinit$$00000017  c_w.l(libinit2.o)
    0x0800017e   0x0800017e   0x0000000a   Code   RO          367    .ARM.Collect$$libinit$$00000018  c_w.l(libinit2.o)
    0x08000188   0x08000188   0x00000000   Code   RO          368    .ARM.Collect$$libinit$$00000019  c_w.l(libinit2.o)
    0x08000188   0x08000188   0x00000000   Code   RO          370    .ARM.Collect$$libinit$$0000001B  c_w.l(libinit2.o)
    0x08000188   0x08000188   0x00000000   Code   RO          372    .ARM.Collect$$libinit$$0000001D  c_w.l(libinit2.o)
    0x08000188   0x08000188   0x00000000   Code   RO          374    .ARM.Collect$$libinit$$0000001F  c_w.l(libinit2.o)
    0x08000188   0x08000188   0x00000000   Code   RO          376    .ARM.Collect$$libinit$$00000021  c_w.l(libinit2.o)
    0x08000188   0x08000188   0x00000000   Code   RO          378    .ARM.Collect$$libinit$$00000023  c_w.l(libinit2.o)
    0x08000188   0x08000188   0x00000000   Code   RO          380    .ARM.Collect$$libinit$$00000025  c_w.l(libinit2.o)
    0x08000188   0x08000188   0x00000000   Code   RO          382    .ARM.Collect$$libinit$$00000027  c_w.l(libinit2.o)
    0x08000188   0x08000188   0x00000000   Code   RO          386    .ARM.Collect$$libinit$$0000002E  c_w.l(libinit2.o)
    0x08000188   0x08000188   0x00000000   Code   RO          388    .ARM.Collect$$libinit$$00000030  c_w.l(libinit2.o)
    0x08000188   0x08000188   0x00000000   Code   RO          390    .ARM.Collect$$libinit$$00000032  c_w.l(libinit2.o)
    0x08000188   0x08000188   0x00000000   Code   RO          392    .ARM.Collect$$libinit$$00000034  c_w.l(libinit2.o)
    0x08000188   0x08000188   0x00000002   Code   RO          393    .ARM.Collect$$libinit$$00000035  c_w.l(libinit2.o)
    0x0800018a   0x0800018a   0x00000002   Code   RO          575    .ARM.Collect$$libshutdown$$00000000  c_w.l(libshutdown.o)
    0x0800018c   0x0800018c   0x00000000   Code   RO          529    .ARM.Collect$$libshutdown$$00000002  c_w.l(libshutdown2.o)
    0x0800018c   0x0800018c   0x00000000   Code   RO          531    .ARM.Collect$$libshutdown$$00000004  c_w.l(libshutdown2.o)
    0x0800018c   0x0800018c   0x00000000   Code   RO          534    .ARM.Collect$$libshutdown$$00000007  c_w.l(libshutdown2.o)
    0x0800018c   0x0800018c   0x00000000   Code   RO          537    .ARM.Collect$$libshutdown$$0000000A  c_w.l(libshutdown2.o)
    0x0800018c   0x0800018c   0x00000000   Code   RO          539    .ARM.Collect$$libshutdown$$0000000C  c_w.l(libshutdown2.o)
    0x0800018c   0x0800018c   0x00000000   Code   RO          542    .ARM.Collect$$libshutdown$$0000000F  c_w.l(libshutdown2.o)
    0x0800018c   0x0800018c   0x00000002   Code   RO          543    .ARM.Collect$$libshutdown$$00000010  c_w.l(libshutdown2.o)
    0x0800018e   0x0800018e   0x00000000   Code   RO          310    .ARM.Collect$$rtentry$$00000000  c_w.l(__rtentry.o)
    0x0800018e   0x0800018e   0x00000000   Code   RO          407    .ARM.Collect$$rtentry$$00000002  c_w.l(__rtentry2.o)
    0x0800018e   0x0800018e   0x00000006   Code   RO          419    .ARM.Collect$$rtentry$$00000004  c_w.l(__rtentry4.o)
    0x08000194   0x08000194   0x00000000   Code   RO          409    .ARM.Collect$$rtentry$$00000009  c_w.l(__rtentry2.o)
    0x08000194   0x08000194   0x00000004   Code   RO          410    .ARM.Collect$$rtentry$$0000000A  c_w.l(__rtentry2.o)
    0x08000198   0x08000198   0x00000000   Code   RO          412    .ARM.Collect$$rtentry$$0000000C  c_w.l(__rtentry2.o)
    0x08000198   0x08000198   0x00000008   Code   RO          413    .ARM.Collect$$rtentry$$0000000D  c_w.l(__rtentry2.o)
    0x080001a0   0x080001a0   0x00000002   Code   RO          516    .ARM.Collect$$rtexit$$00000000  c_w.l(rtexit.o)
    0x080001a2   0x080001a2   0x00000000   Code   RO          549    .ARM.Collect$$rtexit$$00000002  c_w.l(rtexit2.o)
    0x080001a2   0x080001a2   0x00000004   Code   RO          550    .ARM.Collect$$rtexit$$00000003  c_w.l(rtexit2.o)
    0x080001a6   0x080001a6   0x00000006   Code   RO          551    .ARM.Collect$$rtexit$$00000004  c_w.l(rtexit2.o)
    0x080001ac   0x080001ac   0x00000034   Code   RO          269    .emb_text           c_w.l(rand.o)
    0x080001e0   0x080001e0   0x00000040   Code   RO          157  * .text               startup_stm32f10x_md.o
    0x08000220   0x08000220   0x0000005e   Code   RO          183    .text               c_w.l(h1_alloc.o)
    0x0800027e   0x0800027e   0x0000004e   Code   RO          185    .text               c_w.l(h1_free.o)
    0x080002cc   0x080002cc   0x00000028   Code   RO          243    .text               c_w.l(noretval__2sprintf.o)
    0x080002f4   0x080002f4   0x00000160   Code   RO          262    .text               c_w.l(__printf_ss_wp.o)
    0x08000454   0x08000454   0x0000003c   Code   RO          270    .text               c_w.l(rand.o)
    0x08000490   0x08000490   0x00000080   Code   RO          274    .text               c_w.l(strcmpv7m.o)
    0x08000510   0x08000510   0x00000006   Code   RO          276    .text               c_w.l(heapauxi.o)
    0x08000516   0x08000516   0x00000002   PAD
    0x08000518   0x08000518   0x00000008   Code   RO          314    .text               c_w.l(rt_heap_descriptor_intlibspace.o)
    0x08000520   0x08000520   0x00000004   Code   RO          316    .text               c_w.l(hguard.o)
    0x08000524   0x08000524   0x0000008a   Code   RO          318    .text               c_w.l(init_alloc.o)
    0x080005ae   0x080005ae   0x0000000e   Code   RO          322    .text               c_w.l(h1_init.o)
    0x080005bc   0x080005bc   0x0000041c   Code   RO          334    .text               c_w.l(_printf_fp_dec.o)
    0x080009d8   0x080009d8   0x00000030   Code   RO          338    .text               c_w.l(_printf_char_common.o)
    0x08000a08   0x08000a08   0x0000000a   Code   RO          340    .text               c_w.l(_sputc.o)
    0x08000a12   0x08000a12   0x00000002   PAD
    0x08000a14   0x08000a14   0x00000008   Code   RO          403    .text               c_w.l(libspace.o)
    0x08000a1c   0x08000a1c   0x00000008   Code   RO          424    .text               c_w.l(rt_locale_intlibspace.o)
    0x08000a24   0x08000a24   0x00000000   Code   RO          428    .text               c_w.l(maybetermalloc1.o)
    0x08000a24   0x08000a24   0x00000034   Code   RO          430    .text               c_w.l(h1_extend.o)
    0x08000a58   0x08000a58   0x0000008a   Code   RO          434    .text               c_w.l(lludiv10.o)
    0x08000ae2   0x08000ae2   0x00000002   PAD
    0x08000ae4   0x08000ae4   0x00000080   Code   RO          436    .text               c_w.l(_printf_fp_infnan.o)
    0x08000b64   0x08000b64   0x000000e4   Code   RO          440    .text               c_w.l(bigflt0.o)
    0x08000c48   0x08000c48   0x0000000e   Code   RO          470    .text               c_w.l(defsig_rtmem_outer.o)
    0x08000c56   0x08000c56   0x00000002   Code   RO          485    .text               c_w.l(use_no_semi.o)
    0x08000c58   0x08000c58   0x00000000   Code   RO          487    .text               c_w.l(indicate_semi.o)
    0x08000c58   0x08000c58   0x0000004a   Code   RO          488    .text               c_w.l(sys_stackheap_outer.o)
    0x08000ca2   0x08000ca2   0x00000012   Code   RO          496    .text               c_w.l(exit.o)
    0x08000cb4   0x08000cb4   0x0000000a   Code   RO          498    .text               c_w.l(defsig_exit.o)
    0x08000cbe   0x08000cbe   0x00000002   PAD
    0x08000cc0   0x08000cc0   0x00000050   Code   RO          500    .text               c_w.l(defsig_rtmem_inner.o)
    0x08000d10   0x08000d10   0x0000000c   Code   RO          512    .text               c_w.l(sys_exit.o)
    0x08000d1c   0x08000d1c   0x00000032   Code   RO          526    .text               c_w.l(defsig_general.o)
    0x08000d4e   0x08000d4e   0x0000000e   Code   RO          544    .text               c_w.l(sys_wrch.o)
    0x08000d5c   0x08000d5c   0x00000074   Code   RO          143    .text.CLI_Receive   cli.o
    0x08000dd0   0x08000dd0   0x0000014a   Code   RO          164    .text.SystemInit    system_stm32f10x.o
    0x08000f1a   0x08000f1a   0x00000002   PAD
    0x08000f1c   0x08000f1c   0x00000026   Code   RO           46    .text.assignRandomDoubles  util.o
    0x08000f42   0x08000f42   0x00000002   PAD
    0x08000f44   0x08000f44   0x00000030   Code   RO          145    .text.clearScrean   cli.o
    0x08000f74   0x08000f74   0x000000b4   Code   RO           48    .text.clockInit     util.o
    0x08001028   0x08001028   0x000001aa   Code   RO           87    .text.cos_horner    time_ops.o
    0x080011d2   0x080011d2   0x00000002   PAD
    0x080011d4   0x080011d4   0x0000010a   Code   RO           44    .text.getAverageTime  util.o
    0x080012de   0x080012de   0x00000002   PAD
    0x080012e0   0x080012e0   0x00000010   Code   RO          124    .text.getLEDStatus  led.o
    0x080012f0   0x080012f0   0x00000028   Code   RO          106    .text.getbyte       uart.o
    0x08001318   0x08001318   0x0000000e   Code   RO          133    .text.initCLI       cli.o
    0x08001326   0x08001326   0x00000002   PAD
    0x08001328   0x08001328   0x0000002a   Code   RO          118    .text.initLED       led.o
    0x08001352   0x08001352   0x00000002   PAD
    0x08001354   0x08001354   0x00000144   Code   RO           68    .text.main          main.o
    0x08001498   0x08001498   0x00000056   Code   RO          137    .text.printScreen   cli.o
    0x080014ee   0x080014ee   0x00000002   PAD
    0x080014f0   0x080014f0   0x00000046   Code   RO          141    .text.printScreenOnLine  cli.o
    0x08001536   0x08001536   0x00000002   PAD
    0x08001538   0x08001538   0x00000074   Code   RO          104    .text.sendbyte      uart.o
    0x080015ac   0x080015ac   0x00000088   Code   RO          102    .text.serial_open   uart.o
    0x08001634   0x08001634   0x000001b2   Code   RO           85    .text.sin_horner    time_ops.o
    0x080017e6   0x080017e6   0x00000002   PAD
    0x080017e8   0x080017e8   0x00000118   Code   RO           64    .text.testAndPrintWithTimer  main.o
    0x08001900   0x08001900   0x0000005e   Code   RO            2    .text.timer_init    sttimer.o
    0x0800195e   0x0800195e   0x00000002   PAD
    0x08001960   0x08001960   0x0000000a   Code   RO            4    .text.timer_start   sttimer.o
    0x0800196a   0x0800196a   0x00000002   PAD
    0x0800196c   0x0800196c   0x00000014   Code   RO            6    .text.timer_stop    sttimer.o
    0x08001980   0x08001980   0x00000012   Code   RO          122    .text.turnOffLED    led.o
    0x08001992   0x08001992   0x00000002   PAD
    0x08001994   0x08001994   0x00000012   Code   RO          120    .text.turnOnLED     led.o
    0x080019a6   0x080019a6   0x0000003e   Code   RO          443    CL$$btod_d2e        c_w.l(btod.o)
    0x080019e4   0x080019e4   0x00000046   Code   RO          445    CL$$btod_d2e_denorm_low  c_w.l(btod.o)
    0x08001a2a   0x08001a2a   0x00000060   Code   RO          444    CL$$btod_d2e_norm_op1  c_w.l(btod.o)
    0x08001a8a   0x08001a8a   0x00000002   PAD
    0x08001a8c   0x08001a8c   0x00000338   Code   RO          453    CL$$btod_div_common  c_w.l(btod.o)
    0x08001dc4   0x08001dc4   0x000000dc   Code   RO          450    CL$$btod_e2e        c_w.l(btod.o)
    0x08001ea0   0x08001ea0   0x0000002a   Code   RO          447    CL$$btod_ediv       c_w.l(btod.o)
    0x08001eca   0x08001eca   0x0000002a   Code   RO          446    CL$$btod_emul       c_w.l(btod.o)
    0x08001ef4   0x08001ef4   0x00000244   Code   RO          452    CL$$btod_mult_common  c_w.l(btod.o)
    0x08002138   0x08002138   0x00000028   Code   RO          483    i.__ARM_fpclassify  m_ws.l(fpclassify.o)
    0x08002160   0x08002160   0x0000000e   Code   RO          257    i._is_digit         c_w.l(__printf_wp.o)
    0x0800216e   0x0800216e   0x00000002   PAD
    0x08002170   0x08002170   0x0000002c   Code   RO          468    locale$$code        c_w.l(lc_numeric_c.o)
    0x0800219c   0x0800219c   0x00000150   Code   RO          280    x$fpl$dadd          fz_ws.l(daddsub_clz.o)
    0x080022ec   0x080022ec   0x000002b4   Code   RO          287    x$fpl$ddiv          fz_ws.l(ddiv.o)
    0x080025a0   0x080025a0   0x0000005e   Code   RO          290    x$fpl$dfix          fz_ws.l(dfix.o)
    0x080025fe   0x080025fe   0x00000026   Code   RO          294    x$fpl$dfltu         fz_ws.l(dflt_clz.o)
    0x08002624   0x08002624   0x0000008a   Code   RO          301    x$fpl$dfltull       fz_ws.l(dfltll_clz.o)
    0x080026ae   0x080026ae   0x00000002   PAD
    0x080026b0   0x080026b0   0x00000154   Code   RO          304    x$fpl$dmul          fz_ws.l(dmul.o)
    0x08002804   0x08002804   0x0000009c   Code   RO          394    x$fpl$dnaninf       fz_ws.l(dnaninf.o)
    0x080028a0   0x080028a0   0x0000000c   Code   RO          396    x$fpl$dretinf       fz_ws.l(dretinf.o)
    0x080028ac   0x080028ac   0x000001dc   Code   RO          282    x$fpl$dsub          fz_ws.l(daddsub_clz.o)
    0x08002a88   0x08002a88   0x00000004   Code   RO          306    x$fpl$printf1       fz_ws.l(printf1.o)
    0x08002a8c   0x08002a8c   0x00000000   Code   RO          398    x$fpl$usenofp       fz_ws.l(usenofp.o)
    0x08002a8c   0x08002a8c   0x00000094   Data   RO          441    .constdata          c_w.l(bigflt0.o)
    0x08002b20   0x08002b20   0x00000134   Data   RO           72    .rodata.str1.1      main.o
    0x08002c54   0x08002c54   0x00000020   Data   RO          577    Region$$Table       anon$$obj.o
    0x08002c74   0x08002c74   0x0000001c   Data   RO          467    locale$$data        c_w.l(lc_numeric_c.o)


    Execution Region ER_RW (Exec base: 0x20000000, Load base: 0x08002c90, Size: 0x0000001c, Max: 0xffffffff, ABSOLUTE)

    Exec Addr    Load Addr    Size         Type   Attr      Idx    E Section Name        Object

    0x20000000   0x08002c90   0x0000001c   Data   RW           76    .data..L_MergedGlobals  main.o


    Execution Region ER_ZI (Exec base: 0x20000020, Load base: 0x08002cac, Size: 0x00000950, Max: 0xffffffff, ABSOLUTE)

    Exec Addr    Load Addr    Size         Type   Attr      Idx    E Section Name        Object

    0x20000020        -       0x000000e4   Zero   RW          271    .bss                c_w.l(rand.o)
    0x20000104        -       0x00000060   Zero   RW          404    .bss                c_w.l(libspace.o)
    0x20000164   0x08002cac   0x00000004   PAD
    0x20000168        -       0x00000008   Zero   RW           74    .bss.testAndPrintWithTimer.testDouble  main.o
    0x20000170        -       0x00000400   Zero   RW          155    HEAP                startup_stm32f10x_md.o
    0x20000570        -       0x00000400   Zero   RW          154    STACK               startup_stm32f10x_md.o


==============================================================================

Image component sizes


      Code (inc. data)   RO Data    RW Data    ZI Data      Debug   Object Name

       334          0          0          0          0       2641   cli.o
        94          0          0          0          0       1327   led.o
       604         52        308         28          8       4824   main.o
        64         26        236          0       2048        824   startup_stm32f10x_md.o
       124          0          0          0          0       2247   sttimer.o
       330          0          0          0          0       2850   system_stm32f10x.o
       860         24          0          0          0       1425   time_ops.o
       292          0          0          0          0       2053   uart.o
       484          0          0          0          0       6899   util.o

    ----------------------------------------------------------------------
      3210        102        576         28       2056      25090   Object Totals
         0          0         32          0          0          0   (incl. Generated)
        24          0          0          0          0          0   (incl. Padding)

    ----------------------------------------------------------------------

      Code (inc. data)   RO Data    RW Data    ZI Data      Debug   Library Member Name

         8          0          0          0          0         68   __main.o
       352          0          0          0          0         88   __printf_ss_wp.o
        14          0          0          0          0         68   __printf_wp.o
         0          0          0          0          0          0   __rtentry.o
        12          0          0          0          0          0   __rtentry2.o
         6          0          0          0          0          0   __rtentry4.o
        52          8          0          0          0          0   __scatter.o
        26          0          0          0          0          0   __scatter_copy.o
        28          0          0          0          0          0   __scatter_zi.o
        48          6          0          0          0         96   _printf_char_common.o
         6          0          0          0          0          0   _printf_f.o
      1052          0          0          0          0        148   _printf_fp_dec.o
       128         16          0          0          0         84   _printf_fp_infnan.o
         0          0          0          0          0          0   _printf_percent.o
         4          0          0          0          0          0   _printf_percent_end.o
        10          0          0          0          0         68   _sputc.o
       228          4        148          0          0         96   bigflt0.o
      1936        128          0          0          0        668   btod.o
        10          0          0          0          0         68   defsig_exit.o
        50          0          0          0          0         88   defsig_general.o
        80         58          0          0          0         76   defsig_rtmem_inner.o
        14          0          0          0          0         80   defsig_rtmem_outer.o
        18          0          0          0          0         80   exit.o
        94          0          0          0          0         80   h1_alloc.o
        52          0          0          0          0         68   h1_extend.o
        78          0          0          0          0         80   h1_free.o
        14          0          0          0          0         84   h1_init.o
         6          0          0          0          0        152   heapauxi.o
         4          0          0          0          0        136   hguard.o
         0          0          0          0          0          0   indicate_semi.o
       138          0          0          0          0        168   init_alloc.o
        44         10         28          0          0         76   lc_numeric_c.o
         2          0          0          0          0          0   libinit.o
        30          0          0          0          0          0   libinit2.o
         2          0          0          0          0          0   libshutdown.o
         2          0          0          0          0          0   libshutdown2.o
         8          4          0          0         96         68   libspace.o
       138          0          0          0          0         80   lludiv10.o
         0          0          0          0          0          0   maybetermalloc1.o
        40          6          0          0          0         84   noretval__2sprintf.o
       112         18          0          0        228        160   rand.o
         8          4          0          0          0         68   rt_heap_descriptor_intlibspace.o
         8          4          0          0          0         68   rt_locale_intlibspace.o
         2          0          0          0          0          0   rtexit.o
        10          0          0          0          0          0   rtexit2.o
       128          0          0          0          0         68   strcmpv7m.o
        12          4          0          0          0         68   sys_exit.o
        74          0          0          0          0         80   sys_stackheap_outer.o
        14          0          0          0          0         76   sys_wrch.o
         2          0          0          0          0         68   use_no_semi.o
       812         16          0          0          0        296   daddsub_clz.o
       692        140          0          0          0        216   ddiv.o
        94          4          0          0          0         92   dfix.o
        38          0          0          0          0         68   dflt_clz.o
       138          0          0          0          0         84   dfltll_clz.o
       340         12          0          0          0        104   dmul.o
       156          4          0          0          0         92   dnaninf.o
        12          0          0          0          0         68   dretinf.o
         4          0          0          0          0         68   printf1.o
         0          0          0          0          0          0   usenofp.o
        40          0          0          0          0         68   fpclassify.o

    ----------------------------------------------------------------------
      7446        446        176          0        328       4664   Library Totals
        16          0          0          0          4          0   (incl. Padding)

    ----------------------------------------------------------------------

      Code (inc. data)   RO Data    RW Data    ZI Data      Debug   Library Name

      5104        270        176          0        324       3508   c_w.l
      2286        176          0          0          0       1088   fz_ws.l
        40          0          0          0          0         68   m_ws.l

    ----------------------------------------------------------------------
      7446        446        176          0        328       4664   Library Totals

    ----------------------------------------------------------------------

==============================================================================


      Code (inc. data)   RO Data    RW Data    ZI Data      Debug   

     10656        548        752         28       2384      27114   Grand Totals
     10656        548        752         28       2384      27114   ELF Image Totals
     10656        548        752         28          0          0   ROM Totals

==============================================================================

    Total RO  Size (Code + RO Data)                11408 (  11.14kB)
    Total RW  Size (RW Data + ZI Data)              2412 (   2.36kB)
    Total ROM Size (Code + RO Data + RW Data)      11436 (  11.17kB)

==============================================================================

